09-03 01:57:09.411 21069 20651 W MtkCbAdptor: [0-CoreConverter::convertResult] failed to setEntry, MTK_HALCORE_CALLBACK_REALTIME_MODE
09-03 01:57:09.412 21069 20754 D MtkCam/ATMsEventMgr: [HIDL]get factor(APP_NAME), factor_value(3rd_party)
09-03 01:57:09.420 21069 20753 D MtkCam/ATMsEventMgr: [HIDL]get factor(APP_NAME), factor_value(3rd_party)
09-03 01:57:09.428 21069 20753 D MtkCam/ATMsEventMgr: [HIDL]get factor(APP_NAME), factor_value(3rd_party)
09-03 01:57:09.431 21069 21086 D MtkCam/ATMsEventMgr: [HIDL]get factor(APP_NAME), factor_value(3rd_party)
09-03 01:57:09.434 20480 20495 I mali_config: @get_buffer_dataspace_setting: update dataspace from GE (0x00000000 -> 0x08020000)
09-03 01:57:09.436 21069 20701 D MtkCam/ATMsEventMgr: [HIDL]get factor(APP_NAME), factor_value(3rd_party)
09-03 01:57:09.444 21069 20651 W MtkCbAdptor: [0-CoreConverter::convertResult] failed to setEntry, MTK_HALCORE_CALLBACK_REALTIME_MODE
09-03 01:57:09.445 21069 20754 D MtkCam/ATMsEventMgr: [HIDL]get factor(APP_NAME), factor_value(3rd_party)
09-03 01:57:09.453 21069 20753 D MtkCam/ATMsEventMgr: [HIDL]get factor(APP_NAME), factor_value(3rd_party)
09-03 01:57:09.464 20480 20495 I mali_config: @get_buffer_dataspace_setting: update dataspace from GE (0x00000000 -> 0x08020000)
09-03 01:57:09.465 21069 20753 D MtkCam/ATMsEventMgr: [HIDL]get factor(APP_NAME), factor_value(3rd_party)
09-03 01:57:09.466 21069 21086 D MtkCam/ATMsEventMgr: [HIDL]get factor(APP_NAME), factor_value(3rd_party)
09-03 01:57:09.468 21069 20701 D MtkCam/ATMsEventMgr: [HIDL]get factor(APP_NAME), factor_value(3rd_party)
09-03 01:57:09.478 21069 20754 D MtkCam/ATMsEventMgr: [HIDL]get factor(APP_NAME), factor_value(3rd_party)
09-03 01:57:09.479 21069 20651 W MtkCbAdptor: [0-CoreConverter::convertResult] failed to setEntry, MTK_HALCORE_CALLBACK_REALTIME_MODE
09-03 01:57:09.487 21069 20753 D MtkCam/ATMsEventMgr: [HIDL]get factor(APP_NAME), factor_value(3rd_party)
09-03 01:57:09.496 21069 20753 D MtkCam/ATMsEventMgr: [HIDL]get factor(APP_NAME), factor_value(3rd_party)
09-03 01:57:09.499 21069 21086 D MtkCam/ATMsEventMgr: [HIDL]get factor(APP_NAME), factor_value(3rd_party)
09-03 01:57:09.501 20480 20495 I mali_config: @get_buffer_dataspace_setting: update dataspace from GE (0x00000000 -> 0x08020000)
09-03 01:57:09.508 21069 20701 D MtkCam/ATMsEventMgr: [HIDL]get factor(APP_NAME), factor_value(3rd_party)
09-03 01:57:09.512 21069 20754 D MtkCam/ATMsEventMgr: [HIDL]get factor(APP_NAME), factor_value(3rd_party)
09-03 01:57:09.514 21069 20651 W MtkCbAdptor: [0-CoreConverter::convertResult] failed to setEntry, MTK_HALCORE_CALLBACK_REALTIME_MODE
09-03 01:57:09.520 21069 20753 D MtkCam/ATMsEventMgr: [HIDL]get factor(APP_NAME), factor_value(3rd_party)
09-03 01:57:09.531 21069 20753 D MtkCam/ATMsEventMgr: [HIDL]get factor(APP_NAME), factor_value(3rd_party)
09-03 01:57:09.533 21069 13647 D MtkCam/ATMsEventMgr: [HIDL]get factor(APP_NAME), factor_value(3rd_party)
09-03 01:57:09.534 20480 20495 I mali_config: @get_buffer_dataspace_setting: update dataspace from GE (0x00000000 -> 0x08020000)
09-03 01:57:09.539 21069 20701 D MtkCam/ATMsEventMgr: [HIDL]get factor(APP_NAME), factor_value(3rd_party)
09-03 01:57:09.546 21069 20754 D MtkCam/ATMsEventMgr: [HIDL]get factor(APP_NAME), factor_value(3rd_party)
09-03 01:57:09.547 21069 20651 W MtkCbAdptor: [0-CoreConverter::convertResult] failed to setEntry, MTK_HALCORE_CALLBACK_REALTIME_MODE
09-03 01:57:09.554 21069 20753 D MtkCam/ATMsEventMgr: [HIDL]get factor(APP_NAME), factor_value(3rd_party)
09-03 01:57:09.562 21069 20753 D MtkCam/ATMsEventMgr: [HIDL]get factor(APP_NAME), factor_value(3rd_party)
09-03 01:57:09.565 21069 13647 D MtkCam/ATMsEventMgr: [HIDL]get factor(APP_NAME), factor_value(3rd_party)
09-03 01:57:09.565 20480 20495 I mali_config: @get_buffer_dataspace_setting: update dataspace from GE (0x00000000 -> 0x08020000)
09-03 01:57:09.570 21069 20701 D MtkCam/ATMsEventMgr: [HIDL]get factor(APP_NAME), factor_value(3rd_party)
09-03 01:57:09.579 21069 20754 D MtkCam/ATMsEventMgr: [HIDL]get factor(APP_NAME), factor_value(3rd_party)
09-03 01:57:09.581 21069 20651 W MtkCbAdptor: [0-CoreConverter::convertResult] failed to setEntry, MTK_HALCORE_CALLBACK_REALTIME_MODE
09-03 01:57:09.587 21069 20753 D MtkCam/ATMsEventMgr: [HIDL]get factor(APP_NAME), factor_value(3rd_party)
09-03 01:57:09.595 21069 20753 D MtkCam/ATMsEventMgr: [HIDL]get factor(APP_NAME), factor_value(3rd_party)
09-03 01:57:09.599 21069 13647 D MtkCam/ATMsEventMgr: [HIDL]get factor(APP_NAME), factor_value(3rd_party)
09-03 01:57:09.602 21069 20701 D MtkCam/ATMsEventMgr: [HIDL]get factor(APP_NAME), factor_value(3rd_party)
09-03 01:57:09.602 20480 20495 I mali_config: @get_buffer_dataspace_setting: update dataspace from GE (0x00000000 -> 0x08020000)
09-03 01:57:09.613 21069 20754 D MtkCam/ATMsEventMgr: [HIDL]get factor(APP_NAME), factor_value(3rd_party)
09-03 01:57:09.614 21069 20651 W MtkCbAdptor: [0-CoreConverter::convertResult] failed to setEntry, MTK_HALCORE_CALLBACK_REALTIME_MODE
09-03 01:57:09.620 21069 20753 D MtkCam/ATMsEventMgr: [HIDL]get factor(APP_NAME), factor_value(3rd_party)
09-03 01:57:09.631 21069 20753 D MtkCam/ATMsEventMgr: [HIDL]get factor(APP_NAME), factor_value(3rd_party)
09-03 01:57:09.632 21069 21086 D MtkCam/ATMsEventMgr: [HIDL]get factor(APP_NAME), factor_value(3rd_party)
09-03 01:57:09.633 21069 20701 D MtkCam/ATMsEventMgr: [HIDL]get factor(APP_NAME), factor_value(3rd_party)
09-03 01:57:09.634 20480 20495 I mali_config: @get_buffer_dataspace_setting: update dataspace from GE (0x00000000 -> 0x08020000)
09-03 01:57:09.646 21069 20651 W MtkCbAdptor: [0-CoreConverter::convertResult] failed to setEntry, MTK_HALCORE_CALLBACK_REALTIME_MODE
09-03 01:57:09.646 21069 20754 D MtkCam/ATMsEventMgr: [HIDL]get factor(APP_NAME), factor_value(3rd_party)
09-03 01:57:09.654 21069 20753 D MtkCam/ATMsEventMgr: [HIDL]get factor(APP_NAME), factor_value(3rd_party)
09-03 01:57:09.665 21069 20701 D MtkCam/ATMsEventMgr: [HIDL]get factor(APP_NAME), factor_value(3rd_party)
09-03 01:57:09.666 21069 20753 D MtkCam/ATMsEventMgr: [HIDL]get factor(APP_NAME), factor_value(3rd_party)
09-03 01:57:09.666 21069 21086 D MtkCam/ATMsEventMgr: [HIDL]get factor(APP_NAME), factor_value(3rd_party)
09-03 01:57:09.670 20480 20495 I mali_config: @get_buffer_dataspace_setting: update dataspace from GE (0x00000000 -> 0x08020000)
09-03 01:57:09.668 20480 20480 W UnityMain: type=1400 audit(0.0:628681): avc:  denied  { getattr } for  name="/" dev="dmabuf" ino=1 scontext=u:r:untrusted_app:s0:c21,c257,c512,c768 tcontext=u:object_r:unlabeled:s0 tclass=filesystem permissive=0 app=com.VisiArise.visiArise
09-03 01:57:09.679 21069 20754 D MtkCam/ATMsEventMgr: [HIDL]get factor(APP_NAME), factor_value(3rd_party)
09-03 01:57:09.681 21069 20651 W MtkCbAdptor: [0-CoreConverter::convertResult] failed to setEntry, MTK_HALCORE_CALLBACK_REALTIME_MODE
09-03 01:57:09.688 21069 20753 D MtkCam/ATMsEventMgr: [HIDL]get factor(APP_NAME), factor_value(3rd_party)
09-03 01:57:09.698 21069 20753 D MtkCam/ATMsEventMgr: [HIDL]get factor(APP_NAME), factor_value(3rd_party)
09-03 01:57:09.699 21069 13647 D MtkCam/ATMsEventMgr: [HIDL]get factor(APP_NAME), factor_value(3rd_party)
09-03 01:57:09.704 21069 20701 D MtkCam/ATMsEventMgr: [HIDL]get factor(APP_NAME), factor_value(3rd_party)
09-03 01:57:09.705 20480 20495 I mali_config: @get_buffer_dataspace_setting: update dataspace from GE (0x00000000 -> 0x08020000)
09-03 01:57:09.704 20480 20480 W UnityMain: type=1400 audit(0.0:628682): avc:  denied  { getattr } for  name="/" dev="dmabuf" ino=1 scontext=u:r:untrusted_app:s0:c21,c257,c512,c768 tcontext=u:object_r:unlabeled:s0 tclass=filesystem permissive=0 app=com.VisiArise.visiArise
09-03 01:57:09.713 21069 20754 D MtkCam/ATMsEventMgr: [HIDL]get factor(APP_NAME), factor_value(3rd_party)
09-03 01:57:09.716 21069 20651 W MtkCbAdptor: [0-CoreConverter::convertResult] failed to setEntry, MTK_HALCORE_CALLBACK_REALTIME_MODE
09-03 01:57:09.721 21069 20753 D MtkCam/ATMsEventMgr: [HIDL]get factor(APP_NAME), factor_value(3rd_party)
09-03 01:57:09.732 21069 20753 D MtkCam/ATMsEventMgr: [HIDL]get factor(APP_NAME), factor_value(3rd_party)
09-03 01:57:09.733 21069 21086 D MtkCam/ATMsEventMgr: [HIDL]get factor(APP_NAME), factor_value(3rd_party)
09-03 01:57:09.733 20480 20495 I mali_config: @get_buffer_dataspace_setting: update dataspace from GE (0x00000000 -> 0x08020000)
09-03 01:57:09.732 20480 20480 W UnityMain: type=1400 audit(0.0:628683): avc:  denied  { getattr } for  name="/" dev="dmabuf" ino=1 scontext=u:r:untrusted_app:s0:c21,c257,c512,c768 tcontext=u:object_r:unlabeled:s0 tclass=filesystem permissive=0 app=com.VisiArise.visiArise
09-03 01:57:09.740 21069 20701 D MtkCam/ATMsEventMgr: [HIDL]get factor(APP_NAME), factor_value(3rd_party)
09-03 01:57:09.746 21069 20754 D MtkCam/ATMsEventMgr: [HIDL]get factor(APP_NAME), factor_value(3rd_party)
09-03 01:57:09.747 21069 20651 W MtkCbAdptor: [0-CoreConverter::convertResult] failed to setEntry, MTK_HALCORE_CALLBACK_REALTIME_MODE
09-03 01:57:09.754 21069 20753 D MtkCam/ATMsEventMgr: [HIDL]get factor(APP_NAME), factor_value(3rd_party)
09-03 01:57:09.765 21069 20753 D MtkCam/ATMsEventMgr: [HIDL]get factor(APP_NAME), factor_value(3rd_party)
09-03 01:57:09.767 21069 13647 D MtkCam/ATMsEventMgr: [HIDL]get factor(APP_NAME), factor_value(3rd_party)
09-03 01:57:09.767 21069 20701 D MtkCam/ATMsEventMgr: [HIDL]get factor(APP_NAME), factor_value(3rd_party)
09-03 01:57:09.769 20480 20495 I mali_config: @get_buffer_dataspace_setting: update dataspace from GE (0x00000000 -> 0x08020000)
09-03 01:57:09.764 20480 20480 W UnityMain: type=1400 audit(0.0:628684): avc:  denied  { getattr } for  name="/" dev="dmabuf" ino=1 scontext=u:r:untrusted_app:s0:c21,c257,c512,c768 tcontext=u:object_r:unlabeled:s0 tclass=filesystem permissive=0 app=com.VisiArise.visiArise
09-03 01:57:09.771  1470  1470 I BufferQueueProducer: [SurfaceView[com.VisiArise.visiArise/com.unity3d.player.UnityPlayerActivity](BLAST)#67369](this:0xb4000074fb99f9b8,id:-1,api:0,p:-1,c:1470) queueBuffer: fps=29.61 dur=1013.06 max=49.60 min=32.72
09-03 01:57:09.779 21069 20754 D MtkCam/ATMsEventMgr: [HIDL]get factor(APP_NAME), factor_value(3rd_party)
09-03 01:57:09.780 21069 20651 W MtkCbAdptor: [0-CoreConverter::convertResult] failed to setEntry, MTK_HALCORE_CALLBACK_REALTIME_MODE
09-03 01:57:09.788 21069 20753 D MtkCam/ATMsEventMgr: [HIDL]get factor(APP_NAME), factor_value(3rd_party)
09-03 01:57:09.798 21069 20753 D MtkCam/ATMsEventMgr: [HIDL]get factor(APP_NAME), factor_value(3rd_party)
09-03 01:57:09.799 21069 21069 D MtkCam/ATMsEventMgr: [HIDL]get factor(APP_NAME), factor_value(3rd_party)
09-03 01:57:09.802 21069 20701 D MtkCam/ATMsEventMgr: [HIDL]get factor(APP_NAME), factor_value(3rd_party)
09-03 01:57:09.803 20480 20495 I mali_config: @get_buffer_dataspace_setting: update dataspace from GE (0x00000000 -> 0x08020000)
09-03 01:57:09.800 20480 20480 W UnityMain: type=1400 audit(0.0:628685): avc:  denied  { getattr } for  name="/" dev="dmabuf" ino=1 scontext=u:r:untrusted_app:s0:c21,c257,c512,c768 tcontext=u:object_r:unlabeled:s0 tclass=filesystem permissive=0 app=com.VisiArise.visiArise
09-03 01:57:09.812 21069 20754 D MtkCam/ATMsEventMgr: [HIDL]get factor(APP_NAME), factor_value(3rd_party)
09-03 01:57:09.815 21069 20651 W MtkCbAdptor: [0-CoreConverter::convertResult] failed to setEntry, MTK_HALCORE_CALLBACK_REALTIME_MODE
09-03 01:57:09.822 21069 20753 D MtkCam/ATMsEventMgr: [HIDL]get factor(APP_NAME), factor_value(3rd_party)
09-03 01:57:09.832 21069 20753 D MtkCam/ATMsEventMgr: [HIDL]get factor(APP_NAME), factor_value(3rd_party)
09-03 01:57:09.834 21069 21069 D MtkCam/ATMsEventMgr: [HIDL]get factor(APP_NAME), factor_value(3rd_party)
09-03 01:57:09.834 20480 20495 I mali_config: @get_buffer_dataspace_setting: update dataspace from GE (0x00000000 -> 0x08020000)
09-03 01:57:09.841 21069 20701 D MtkCam/ATMsEventMgr: [HIDL]get factor(APP_NAME), factor_value(3rd_party)
09-03 01:57:09.846 21069 20754 D MtkCam/ATMsEventMgr: [HIDL]get factor(APP_NAME), factor_value(3rd_party)
09-03 01:57:09.848 21069 20651 W MtkCbAdptor: [0-CoreConverter::convertResult] failed to setEntry, MTK_HALCORE_CALLBACK_REALTIME_MODE
09-03 01:57:09.855 21069 20753 D MtkCam/ATMsEventMgr: [HIDL]get factor(APP_NAME), factor_value(3rd_party)
09-03 01:57:09.865 21069 20753 D MtkCam/ATMsEventMgr: [HIDL]get factor(APP_NAME), factor_value(3rd_party)
09-03 01:57:09.866 21069 21069 D MtkCam/ATMsEventMgr: [HIDL]get factor(APP_NAME), factor_value(3rd_party)
09-03 01:57:09.867 20480 20495 I mali_config: @get_buffer_dataspace_setting: update dataspace from GE (0x00000000 -> 0x08020000)
09-03 01:57:09.871 21069 20701 D MtkCam/ATMsEventMgr: [HIDL]get factor(APP_NAME), factor_value(3rd_party)
09-03 01:57:09.880 21069 20754 D MtkCam/ATMsEventMgr: [HIDL]get factor(APP_NAME), factor_value(3rd_party)
09-03 01:57:09.881 21069 20651 W MtkCbAdptor: [0-CoreConverter::convertResult] failed to setEntry, MTK_HALCORE_CALLBACK_REALTIME_MODE
09-03 01:57:09.889 21069 20753 D MtkCam/ATMsEventMgr: [HIDL]get factor(APP_NAME), factor_value(3rd_party)
09-03 01:57:09.899 21069 20753 D MtkCam/ATMsEventMgr: [HIDL]get factor(APP_NAME), factor_value(3rd_party)
09-03 01:57:09.900 21069 21086 D MtkCam/ATMsEventMgr: [HIDL]get factor(APP_NAME), factor_value(3rd_party)
09-03 01:57:09.903 21069 20701 D MtkCam/ATMsEventMgr: [HIDL]get factor(APP_NAME), factor_value(3rd_party)
09-03 01:57:09.904 20480 20495 I mali_config: @get_buffer_dataspace_setting: update dataspace from GE (0x00000000 -> 0x08020000)
09-03 01:57:09.905  2640  2640 D CBR_SystemUI: CarrierLabel - : updateLabel cellMsg:  cellEnabled: true
09-03 01:57:09.905  2640  2640 D CBR_SystemUI: CarrierLabel - : updateLabel mCellBroadcastMessage Visibility: 8
09-03 01:57:09.905  2640  2640 D CBR_SystemUI: CarrierLabel - : updateLabel cellMsg:  cellEnabled: true
09-03 01:57:09.905  2640  2640 D CBR_SystemUI: CarrierLabel - : updateLabel mCellBroadcastMessage Visibility: 8
09-03 01:57:09.906  2640  2640 D StatusBarIconController: ignoring old pipeline callbacks, because the new mobile icons are enabled
09-03 01:57:09.907  2022  2046 E ApplicationHelper: Fail to get PackageManager
09-03 01:57:09.912  4207  4207 W ModemStats: [ModemStatsService] (INF) handleOemHookBandInfo: Processing
09-03 01:57:09.913 21069 20754 D MtkCam/ATMsEventMgr: [HIDL]get factor(APP_NAME), factor_value(3rd_party)
09-03 01:57:09.915 21069 20651 W MtkCbAdptor: [0-CoreConverter::convertResult] failed to setEntry, MTK_HALCORE_CALLBACK_REALTIME_MODE
09-03 01:57:09.921 21069 20753 D MtkCam/ATMsEventMgr: [HIDL]get factor(APP_NAME), factor_value(3rd_party)
09-03 01:57:09.931 21069 20753 D MtkCam/ATMsEventMgr: [HIDL]get factor(APP_NAME), factor_value(3rd_party)
09-03 01:57:09.932 20480 20495 I mali_config: @get_buffer_dataspace_setting: update dataspace from GE (0x00000000 -> 0x08020000)
09-03 01:57:09.934 21069 21069 D MtkCam/ATMsEventMgr: [HIDL]get factor(APP_NAME), factor_value(3rd_party)
09-03 01:57:09.937 21069 20701 D MtkCam/ATMsEventMgr: [HIDL]get factor(APP_NAME), factor_value(3rd_party)
09-03 01:57:09.946 21069 20651 W MtkCbAdptor: [0-CoreConverter::convertResult] failed to setEntry, MTK_HALCORE_CALLBACK_REALTIME_MODE
09-03 01:57:09.946 21069 20754 D MtkCam/ATMsEventMgr: [HIDL]get factor(APP_NAME), factor_value(3rd_party)
09-03 01:57:09.955 21069 20753 D MtkCam/ATMsEventMgr: [HIDL]get factor(APP_NAME), factor_value(3rd_party)
09-03 01:57:09.966 21069 20753 D MtkCam/ATMsEventMgr: [HIDL]get factor(APP_NAME), factor_value(3rd_party)
09-03 01:57:09.967 21069 21086 D MtkCam/ATMsEventMgr: [HIDL]get factor(APP_NAME), factor_value(3rd_party)
09-03 01:57:09.969 20480 20495 I mali_config: @get_buffer_dataspace_setting: update dataspace from GE (0x00000000 -> 0x08020000)
09-03 01:57:09.973 21069 20701 D MtkCam/ATMsEventMgr: [HIDL]get factor(APP_NAME), factor_value(3rd_party)
09-03 01:57:09.980 21069 20754 D MtkCam/ATMsEventMgr: [HIDL]get factor(APP_NAME), factor_value(3rd_party)
09-03 01:57:09.982 21069 20651 W MtkCbAdptor: [0-CoreConverter::convertResult] failed to setEntry, MTK_HALCORE_CALLBACK_REALTIME_MODE
09-03 01:57:09.989 21069 20753 D MtkCam/ATMsEventMgr: [HIDL]get factor(APP_NAME), factor_value(3rd_party)
09-03 01:57:10.000 21069 20753 D MtkCam/ATMsEventMgr: [HIDL]get factor(APP_NAME), factor_value(3rd_party)
09-03 01:57:10.001 21069 21069 D MtkCam/ATMsEventMgr: [HIDL]get factor(APP_NAME), factor_value(3rd_party)
09-03 01:57:10.002 20480 20495 I mali_config: @get_buffer_dataspace_setting: update dataspace from GE (0x00000000 -> 0x08020000)
09-03 01:57:10.013 21069 20701 D MtkCam/ATMsEventMgr: [HIDL]get factor(APP_NAME), factor_value(3rd_party)
09-03 01:57:10.013 21069 20754 D MtkCam/ATMsEventMgr: [HIDL]get factor(APP_NAME), factor_value(3rd_party)
09-03 01:57:10.016 21069 20651 W MtkCbAdptor: [0-CoreConverter::convertResult] failed to setEntry, MTK_HALCORE_CALLBACK_REALTIME_MODE
09-03 01:57:10.021 21069 20753 D MtkCam/ATMsEventMgr: [HIDL]get factor(APP_NAME), factor_value(3rd_party)
09-03 01:57:10.032 21069 20753 D MtkCam/ATMsEventMgr: [HIDL]get factor(APP_NAME), factor_value(3rd_party)
09-03 01:57:10.034 21069 21086 D MtkCam/ATMsEventMgr: [HIDL]get factor(APP_NAME), factor_value(3rd_party)
09-03 01:57:10.042 21069 20701 D MtkCam/ATMsEventMgr: [HIDL]get factor(APP_NAME), factor_value(3rd_party)
09-03 01:57:10.042 20480 20495 I mali_config: @get_buffer_dataspace_setting: update dataspace from GE (0x00000000 -> 0x08020000)
09-03 01:57:10.046 21069 20754 D MtkCam/ATMsEventMgr: [HIDL]get factor(APP_NAME), factor_value(3rd_party)
09-03 01:57:10.047 21069 20651 W MtkCbAdptor: [0-CoreConverter::convertResult] failed to setEntry, MTK_HALCORE_CALLBACK_REALTIME_MODE
09-03 01:57:10.047 21069 20754 W af_mgr  : [0][MGR] getLensState Phone Moving while TRACKING, ForceCapture: LensState = 0
09-03 01:57:10.055 21069 20753 D MtkCam/ATMsEventMgr: [HIDL]get factor(APP_NAME), factor_value(3rd_party)
09-03 01:57:10.065 21069 20753 D MtkCam/ATMsEventMgr: [HIDL]get factor(APP_NAME), factor_value(3rd_party)
09-03 01:57:10.065 21069 28333 D MtkCam/ATMsEventMgr: [HIDL]get factor(APP_NAME), factor_value(3rd_party)
09-03 01:57:10.068 20480 20495 I mali_config: @get_buffer_dataspace_setting: update dataspace from GE (0x00000000 -> 0x08020000)
09-03 01:57:10.072  1348  1440 I hwcomposer: [HWCDisplay] [Display_0 (type:1)] fps:29.622206,dur:1012.75,max:49.84,min:32.47  
09-03 01:57:10.072 21069 20701 D MtkCam/ATMsEventMgr: [HIDL]get factor(APP_NAME), factor_value(3rd_party)
09-03 01:57:10.080 21069 20754 D MtkCam/ATMsEventMgr: [HIDL]get factor(APP_NAME), factor_value(3rd_party)
09-03 01:57:10.082 21069 20651 W MtkCbAdptor: [0-CoreConverter::convertResult] failed to setEntry, MTK_HALCORE_CALLBACK_REALTIME_MODE
09-03 01:57:10.088 21069 20753 D MtkCam/ATMsEventMgr: [HIDL]get factor(APP_NAME), factor_value(3rd_party)
09-03 01:57:10.099 21069 20753 D MtkCam/ATMsEventMgr: [HIDL]get factor(APP_NAME), factor_value(3rd_party)
09-03 01:57:10.100 21069 21069 D MtkCam/ATMsEventMgr: [HIDL]get factor(APP_NAME), factor_value(3rd_party)
09-03 01:57:10.104 20480 20495 I mali_config: @get_buffer_dataspace_setting: update dataspace from GE (0x00000000 -> 0x08020000)
09-03 01:57:10.107 21069 20701 D MtkCam/ATMsEventMgr: [HIDL]get factor(APP_NAME), factor_value(3rd_party)
09-03 01:57:10.113 21069 20754 D MtkCam/ATMsEventMgr: [HIDL]get factor(APP_NAME), factor_value(3rd_party)
09-03 01:57:10.114 21069 20651 W MtkCbAdptor: [0-CoreConverter::convertResult] failed to setEntry, MTK_HALCORE_CALLBACK_REALTIME_MODE
09-03 01:57:10.122 21069 20753 D MtkCam/ATMsEventMgr: [HIDL]get factor(APP_NAME), factor_value(3rd_party)
09-03 01:57:10.131 21069 20753 D MtkCam/ATMsEventMgr: [HIDL]get factor(APP_NAME), factor_value(3rd_party)
09-03 01:57:10.133 21069 28333 D MtkCam/ATMsEventMgr: [HIDL]get factor(APP_NAME), factor_value(3rd_party)
09-03 01:57:10.135 21069 20701 D MtkCam/ATMsEventMgr: [HIDL]get factor(APP_NAME), factor_value(3rd_party)
09-03 01:57:10.137 20480 20495 I mali_config: @get_buffer_dataspace_setting: update dataspace from GE (0x00000000 -> 0x08020000)
09-03 01:57:10.146 21069 20651 W MtkCbAdptor: [0-CoreConverter::convertResult] failed to setEntry, MTK_HALCORE_CALLBACK_REALTIME_MODE
09-03 01:57:10.146 21069 20754 D MtkCam/ATMsEventMgr: [HIDL]get factor(APP_NAME), factor_value(3rd_party)
09-03 01:57:10.155 21069 20753 D MtkCam/ATMsEventMgr: [HIDL]get factor(APP_NAME), factor_value(3rd_party)
09-03 01:57:10.165 21069 20701 D MtkCam/ATMsEventMgr: [HIDL]get factor(APP_NAME), factor_value(3rd_party)
09-03 01:57:10.165 21069 20753 D MtkCam/ATMsEventMgr: [HIDL]get factor(APP_NAME), factor_value(3rd_party)
09-03 01:57:10.167 21069 21069 D MtkCam/ATMsEventMgr: [HIDL]get factor(APP_NAME), factor_value(3rd_party)
09-03 01:57:10.167 20480 20495 I mali_config: @get_buffer_dataspace_setting: update dataspace from GE (0x00000000 -> 0x08020000)
09-03 01:57:10.181 21069 20754 D MtkCam/ATMsEventMgr: [HIDL]get factor(APP_NAME), factor_value(3rd_party)
09-03 01:57:10.181 21069 20651 W MtkCbAdptor: [0-CoreConverter::convertResult] failed to setEntry, MTK_HALCORE_CALLBACK_REALTIME_MODE
09-03 01:57:10.189 21069 20753 D MtkCam/ATMsEventMgr: [HIDL]get factor(APP_NAME), factor_value(3rd_party)
09-03 01:57:10.200 21069 20753 D MtkCam/ATMsEventMgr: [HIDL]get factor(APP_NAME), factor_value(3rd_party)
09-03 01:57:10.200 21069 20701 D MtkCam/ATMsEventMgr: [HIDL]get factor(APP_NAME), factor_value(3rd_party)
09-03 01:57:10.201 21069 13647 D MtkCam/ATMsEventMgr: [HIDL]get factor(APP_NAME), factor_value(3rd_party)
09-03 01:57:10.205 20480 20495 I mali_config: @get_buffer_dataspace_setting: update dataspace from GE (0x00000000 -> 0x08020000)
09-03 01:57:10.214 21069 20754 D MtkCam/ATMsEventMgr: [HIDL]get factor(APP_NAME), factor_value(3rd_party)
09-03 01:57:10.214 21069 20754 W af_mgr  : [0][MGR] getLensState Phone Moving while TRACKING, ForceCapture: LensState = 0
09-03 01:57:10.216 21069 20651 W MtkCbAdptor: [0-CoreConverter::convertResult] failed to setEntry, MTK_HALCORE_CALLBACK_REALTIME_MODE
09-03 01:57:10.220  1715  1715 W HidlServiceManagement: Waited for hwservicemanager.ready for a second, waiting another...
09-03 01:57:10.220  1715  1715 W libc    : Access denied finding property "hwservicemanager.ready"
09-03 01:57:10.220  1715  1715 W libc    : Access denied finding property "hwservicemanager.ready"
09-03 01:57:10.222 21069 20753 D MtkCam/ATMsEventMgr: [HIDL]get factor(APP_NAME), factor_value(3rd_party)
09-03 01:57:10.232 21069 20753 D MtkCam/ATMsEventMgr: [HIDL]get factor(APP_NAME), factor_value(3rd_party)
09-03 01:57:10.234 21069 21069 D MtkCam/ATMsEventMgr: [HIDL]get factor(APP_NAME), factor_value(3rd_party)
09-03 01:57:10.235 20480 20495 I mali_config: @get_buffer_dataspace_setting: update dataspace from GE (0x00000000 -> 0x08020000)
09-03 01:57:10.241 21069 20701 D MtkCam/ATMsEventMgr: [HIDL]get factor(APP_NAME), factor_value(3rd_party)
09-03 01:57:10.243  1404  1434 I libPerfCtl: xgfGetFPS pid:20480 fps:30
09-03 01:57:10.245 21069 20651 W MtkCbAdptor: [0-CoreConverter::convertResult] failed to setEntry, MTK_HALCORE_CALLBACK_REALTIME_MODE
09-03 01:57:10.248 21069 20754 D MtkCam/ATMsEventMgr: [HIDL]get factor(APP_NAME), factor_value(3rd_party)
09-03 01:57:10.256 21069 20753 D MtkCam/ATMsEventMgr: [HIDL]get factor(APP_NAME), factor_value(3rd_party)
09-03 01:57:10.266 20480 20495 I mali_config: @get_buffer_dataspace_setting: update dataspace from GE (0x00000000 -> 0x08020000)
09-03 01:57:10.268 21069 20753 D MtkCam/ATMsEventMgr: [HIDL]get factor(APP_NAME), factor_value(3rd_party)
09-03 01:57:10.268 21069 21069 D MtkCam/ATMsEventMgr: [HIDL]get factor(APP_NAME), factor_value(3rd_party)
09-03 01:57:10.270 21069 20701 D MtkCam/ATMsEventMgr: [HIDL]get factor(APP_NAME), factor_value(3rd_party)
09-03 01:57:10.281 21069 20754 D MtkCam/ATMsEventMgr: [HIDL]get factor(APP_NAME), factor_value(3rd_party)
09-03 01:57:10.283 21069 20651 W MtkCbAdptor: [0-CoreConverter::convertResult] failed to setEntry, MTK_HALCORE_CALLBACK_REALTIME_MODE
09-03 01:57:10.289 21069 20753 D MtkCam/ATMsEventMgr: [HIDL]get factor(APP_NAME), factor_value(3rd_party)
09-03 01:57:10.300 21069 20753 D MtkCam/ATMsEventMgr: [HIDL]get factor(APP_NAME), factor_value(3rd_party)
09-03 01:57:10.301 20480 20495 I mali_config: @get_buffer_dataspace_setting: update dataspace from GE (0x00000000 -> 0x08020000)
09-03 01:57:10.302 21069 21069 D MtkCam/ATMsEventMgr: [HIDL]get factor(APP_NAME), factor_value(3rd_party)
09-03 01:57:10.307 21069 20701 D MtkCam/ATMsEventMgr: [HIDL]get factor(APP_NAME), factor_value(3rd_party)
09-03 01:57:10.314 21069 20754 D MtkCam/ATMsEventMgr: [HIDL]get factor(APP_NAME), factor_value(3rd_party)
09-03 01:57:10.316 21069 20651 W MtkCbAdptor: [0-CoreConverter::convertResult] failed to setEntry, MTK_HALCORE_CALLBACK_REALTIME_MODE
09-03 01:57:10.318  1358  2309 E SensorsMultiHal: Decrementing wakelock ref count by 2 when count is 1
09-03 01:57:10.322 21069 20753 D MtkCam/ATMsEventMgr: [HIDL]get factor(APP_NAME), factor_value(3rd_party)
09-03 01:57:10.332 21069 20753 D MtkCam/ATMsEventMgr: [HIDL]get factor(APP_NAME), factor_value(3rd_party)
09-03 01:57:10.334 21069 21069 D MtkCam/ATMsEventMgr: [HIDL]get factor(APP_NAME), factor_value(3rd_party)
09-03 01:57:10.337 20480 20495 I mali_config: @get_buffer_dataspace_setting: update dataspace from GE (0x00000000 -> 0x08020000)
09-03 01:57:10.338 21069 20701 D MtkCam/ATMsEventMgr: [HIDL]get factor(APP_NAME), factor_value(3rd_party)
09-03 01:57:10.347 21069 20651 W MtkCbAdptor: [0-CoreConverter::convertResult] failed to setEntry, MTK_HALCORE_CALLBACK_REALTIME_MODE
09-03 01:57:10.348 21069 20754 D MtkCam/ATMsEventMgr: [HIDL]get factor(APP_NAME), factor_value(3rd_party)
09-03 01:57:10.356 21069 20753 D MtkCam/ATMsEventMgr: [HIDL]get factor(APP_NAME), factor_value(3rd_party)
09-03 01:57:10.365 21069 20701 D MtkCam/ATMsEventMgr: [HIDL]get factor(APP_NAME), factor_value(3rd_party)
09-03 01:57:10.367 21069 20753 D MtkCam/ATMsEventMgr: [HIDL]get factor(APP_NAME), factor_value(3rd_party)
09-03 01:57:10.368 21069 21069 D MtkCam/ATMsEventMgr: [HIDL]get factor(APP_NAME), factor_value(3rd_party)
09-03 01:57:10.371 20480 20495 I mali_config: @get_buffer_dataspace_setting: update dataspace from GE (0x00000000 -> 0x08020000)
09-03 01:57:10.381 21069 20754 D MtkCam/ATMsEventMgr: [HIDL]get factor(APP_NAME), factor_value(3rd_party)
09-03 01:57:10.383 21069 20651 W MtkCbAdptor: [0-CoreConverter::convertResult] failed to setEntry, MTK_HALCORE_CALLBACK_REALTIME_MODE
09-03 01:57:10.389 21069 20753 D MtkCam/ATMsEventMgr: [HIDL]get factor(APP_NAME), factor_value(3rd_party)
09-03 01:57:10.400 21069 20753 D MtkCam/ATMsEventMgr: [HIDL]get factor(APP_NAME), factor_value(3rd_party)
09-03 01:57:10.402 21069 13647 D MtkCam/ATMsEventMgr: [HIDL]get factor(APP_NAME), factor_value(3rd_party)
09-03 01:57:10.405 20480 20495 I mali_config: @get_buffer_dataspace_setting: update dataspace from GE (0x00000000 -> 0x08020000)
09-03 01:57:10.405 21069 20701 D MtkCam/ATMsEventMgr: [HIDL]get factor(APP_NAME), factor_value(3rd_party)
09-03 01:57:10.414 21069 20754 D MtkCam/ATMsEventMgr: [HIDL]get factor(APP_NAME), factor_value(3rd_party)
09-03 01:57:10.415 21069 20651 W MtkCbAdptor: [0-CoreConverter::convertResult] failed to setEntry, MTK_HALCORE_CALLBACK_REALTIME_MODE
09-03 01:57:10.422 21069 20753 D MtkCam/ATMsEventMgr: [HIDL]get factor(APP_NAME), factor_value(3rd_party)
09-03 01:57:10.432 21069 20753 D MtkCam/ATMsEventMgr: [HIDL]get factor(APP_NAME), factor_value(3rd_party)
09-03 01:57:10.435 21069 13647 D MtkCam/ATMsEventMgr: [HIDL]get factor(APP_NAME), factor_value(3rd_party)
09-03 01:57:10.435 21069 20701 D MtkCam/ATMsEventMgr: [HIDL]get factor(APP_NAME), factor_value(3rd_party)
09-03 01:57:10.439 20480 20495 I mali_config: @get_buffer_dataspace_setting: update dataspace from GE (0x00000000 -> 0x08020000)
09-03 01:57:10.447 21069 20651 W MtkCbAdptor: [0-CoreConverter::convertResult] failed to setEntry, MTK_HALCORE_CALLBACK_REALTIME_MODE
09-03 01:57:10.447 21069 20754 D MtkCam/ATMsEventMgr: [HIDL]get factor(APP_NAME), factor_value(3rd_party)
09-03 01:57:10.456 21069 20753 D MtkCam/ATMsEventMgr: [HIDL]get factor(APP_NAME), factor_value(3rd_party)
09-03 01:57:10.465 21069 20701 D MtkCam/ATMsEventMgr: [HIDL]get factor(APP_NAME), factor_value(3rd_party)
09-03 01:57:10.466 21069 20753 D MtkCam/ATMsEventMgr: [HIDL]get factor(APP_NAME), factor_value(3rd_party)
09-03 01:57:10.467 21069 21069 D MtkCam/ATMsEventMgr: [HIDL]get factor(APP_NAME), factor_value(3rd_party)
09-03 01:57:10.470 20480 20495 I mali_config: @get_buffer_dataspace_setting: update dataspace from GE (0x00000000 -> 0x08020000)
09-03 01:57:10.480 21069 20651 W MtkCbAdptor: [0-CoreConverter::convertResult] failed to setEntry, MTK_HALCORE_CALLBACK_REALTIME_MODE
09-03 01:57:10.481 21069 20754 D MtkCam/ATMsEventMgr: [HIDL]get factor(APP_NAME), factor_value(3rd_party)
09-03 01:57:10.490 21069 20753 D MtkCam/ATMsEventMgr: [HIDL]get factor(APP_NAME), factor_value(3rd_party)
09-03 01:57:10.501 21069 20753 D MtkCam/ATMsEventMgr: [HIDL]get factor(APP_NAME), factor_value(3rd_party)
09-03 01:57:10.501 21069 28333 D MtkCam/ATMsEventMgr: [HIDL]get factor(APP_NAME), factor_value(3rd_party)
09-03 01:57:10.502 20480 20495 I mali_config: @get_buffer_dataspace_setting: update dataspace from GE (0x00000000 -> 0x08020000)
09-03 01:57:10.507 21069 20701 D MtkCam/ATMsEventMgr: [HIDL]get factor(APP_NAME), factor_value(3rd_party)
09-03 01:57:10.515 21069 20754 D MtkCam/ATMsEventMgr: [HIDL]get factor(APP_NAME), factor_value(3rd_party)
09-03 01:57:10.518 21069 20651 W MtkCbAdptor: [0-CoreConverter::convertResult] failed to setEntry, MTK_HALCORE_CALLBACK_REALTIME_MODE
09-03 01:57:10.523 21069 20753 D MtkCam/ATMsEventMgr: [HIDL]get factor(APP_NAME), factor_value(3rd_party)
09-03 01:57:10.533 21069 20753 D MtkCam/ATMsEventMgr: [HIDL]get factor(APP_NAME), factor_value(3rd_party)
09-03 01:57:10.538 21069 28333 D MtkCam/ATMsEventMgr: [HIDL]get factor(APP_NAME), factor_value(3rd_party)
09-03 01:57:10.539 20480 20495 I mali_config: @get_buffer_dataspace_setting: update dataspace from GE (0x00000000 -> 0x08020000)
09-03 01:57:10.540 21069 20701 D MtkCam/ATMsEventMgr: [HIDL]get factor(APP_NAME), factor_value(3rd_party)
09-03 01:57:10.548 21069 20754 D MtkCam/ATMsEventMgr: [HIDL]get factor(APP_NAME), factor_value(3rd_party)
09-03 01:57:10.549 21069 20651 W MtkCbAdptor: [0-CoreConverter::convertResult] failed to setEntry, MTK_HALCORE_CALLBACK_REALTIME_MODE
09-03 01:57:10.557 21069 20753 D MtkCam/ATMsEventMgr: [HIDL]get factor(APP_NAME), factor_value(3rd_party)
09-03 01:57:10.564  2553  2553 I WifiHAL : Get link layer stats
09-03 01:57:10.564  2553  2553 I WifiHAL : GetLinkStatsCommand::create
09-03 01:57:10.564  2553  2553 D android.hardware.wifi@1.0-service-lazy: WifiRequest::create vendor command to iface 38, vendor_id=0x1a11, subcmd=0x1200, res=0
09-03 01:57:10.568 21069 20753 D MtkCam/ATMsEventMgr: [HIDL]get factor(APP_NAME), factor_value(3rd_party)
09-03 01:57:10.570 21069 21069 D MtkCam/ATMsEventMgr: [HIDL]get factor(APP_NAME), factor_value(3rd_party)
09-03 01:57:10.572 21069 20701 D MtkCam/ATMsEventMgr: [HIDL]get factor(APP_NAME), factor_value(3rd_party)
09-03 01:57:10.573 20480 20495 I mali_config: @get_buffer_dataspace_setting: update dataspace from GE (0x00000000 -> 0x08020000)
09-03 01:57:10.573  2553  2553 I WifiHAL : GetLinkStatsCommand::handleResponse
09-03 01:57:10.573  2553  2553 E WifiHAL : handleResponse: data=0xb4000073b9461030, len=5288
09-03 01:57:10.573  2553  2553 I WifiHAL : check_data_sanity: confirmed_size=5288, len=5288
09-03 01:57:10.573  2553  2553 I WifiHAL : handleResponse: iface_stat_ptr=0xb4000073b9461030, num_radios=2, radio_stats_ptr=0xb4000073b9461ee0
09-03 01:57:10.573  2553  2553 I WifiHAL : wifi_get_link_stats: result=0
09-03 01:57:10.578 20480 20622 I native  : I0000 00:00:1725308830.578668   20622 motion_analysis_calculator.cc:652] Analyzed frame 801
09-03 01:57:10.582 21069 20754 D MtkCam/ATMsEventMgr: [HIDL]get factor(APP_NAME), factor_value(3rd_party)
09-03 01:57:10.583 21069 20651 W MtkCbAdptor: [0-CoreConverter::convertResult] failed to setEntry, MTK_HALCORE_CALLBACK_REALTIME_MODE
09-03 01:57:10.591 21069 20753 D MtkCam/ATMsEventMgr: [HIDL]get factor(APP_NAME), factor_value(3rd_party)
09-03 01:57:10.594  2640  2640 D StatusBarIconController: ignoring old pipeline callback because the new wifi icon is enabled
09-03 01:57:10.601 21069 20753 D MtkCam/ATMsEventMgr: [HIDL]get factor(APP_NAME), factor_value(3rd_party)
09-03 01:57:10.602 21069 21086 D MtkCam/ATMsEventMgr: [HIDL]get factor(APP_NAME), factor_value(3rd_party)
09-03 01:57:10.603 20480 20495 I mali_config: @get_buffer_dataspace_setting: update dataspace from GE (0x00000000 -> 0x08020000)
09-03 01:57:10.604 21069 20701 D MtkCam/ATMsEventMgr: [HIDL]get factor(APP_NAME), factor_value(3rd_party)
09-03 01:57:10.615 21069 20754 D MtkCam/ATMsEventMgr: [HIDL]get factor(APP_NAME), factor_value(3rd_party)
09-03 01:57:10.617 21069 20651 W MtkCbAdptor: [0-CoreConverter::convertResult] failed to setEntry, MTK_HALCORE_CALLBACK_REALTIME_MODE
09-03 01:57:10.623 21069 20753 D MtkCam/ATMsEventMgr: [HIDL]get factor(APP_NAME), factor_value(3rd_party)
09-03 01:57:10.633 21069 20753 D MtkCam/ATMsEventMgr: [HIDL]get factor(APP_NAME), factor_value(3rd_party)
09-03 01:57:10.636 21069 13647 D MtkCam/ATMsEventMgr: [HIDL]get factor(APP_NAME), factor_value(3rd_party)
09-03 01:57:10.642 20480 20495 I mali_config: @get_buffer_dataspace_setting: update dataspace from GE (0x00000000 -> 0x08020000)
09-03 01:57:10.644 21069 20701 D MtkCam/ATMsEventMgr: [HIDL]get factor(APP_NAME), factor_value(3rd_party)
09-03 01:57:10.649 21069 20754 D MtkCam/ATMsEventMgr: [HIDL]get factor(APP_NAME), factor_value(3rd_party)
09-03 01:57:10.649 21069 20651 W MtkCbAdptor: [0-CoreConverter::convertResult] failed to setEntry, MTK_HALCORE_CALLBACK_REALTIME_MODE
09-03 01:57:10.656 21069 20753 D MtkCam/ATMsEventMgr: [HIDL]get factor(APP_NAME), factor_value(3rd_party)
09-03 01:57:10.667 21069 20753 D MtkCam/ATMsEventMgr: [HIDL]get factor(APP_NAME), factor_value(3rd_party)
09-03 01:57:10.669 21069 13647 D MtkCam/ATMsEventMgr: [HIDL]get factor(APP_NAME), factor_value(3rd_party)
09-03 01:57:10.669 20480 20495 I mali_config: @get_buffer_dataspace_setting: update dataspace from GE (0x00000000 -> 0x08020000)
09-03 01:57:10.675 21069 20701 D MtkCam/ATMsEventMgr: [HIDL]get factor(APP_NAME), factor_value(3rd_party)
09-03 01:57:10.681 21069 20651 W MtkCbAdptor: [0-CoreConverter::convertResult] failed to setEntry, MTK_HALCORE_CALLBACK_REALTIME_MODE
09-03 01:57:10.682 21069 20754 D MtkCam/ATMsEventMgr: [HIDL]get factor(APP_NAME), factor_value(3rd_party)
09-03 01:57:10.690 21069 20753 D MtkCam/ATMsEventMgr: [HIDL]get factor(APP_NAME), factor_value(3rd_party)
09-03 01:57:10.700 21069 20753 D MtkCam/ATMsEventMgr: [HIDL]get factor(APP_NAME), factor_value(3rd_party)
09-03 01:57:10.702 21069 28333 D MtkCam/ATMsEventMgr: [HIDL]get factor(APP_NAME), factor_value(3rd_party)
09-03 01:57:10.708 20480 20495 I mali_config: @get_buffer_dataspace_setting: update dataspace from GE (0x00000000 -> 0x08020000)
09-03 01:57:10.704 20480 20480 W UnityMain: type=1400 audit(0.0:628714): avc:  denied  { getattr } for  name="/" dev="dmabuf" ino=1 scontext=u:r:untrusted_app:s0:c21,c257,c512,c768 tcontext=u:object_r:unlabeled:s0 tclass=filesystem permissive=0 app=com.VisiArise.visiArise
09-03 01:57:10.710 21069 20701 D MtkCam/ATMsEventMgr: [HIDL]get factor(APP_NAME), factor_value(3rd_party)
09-03 01:57:10.715 21069 20754 D MtkCam/ATMsEventMgr: [HIDL]get factor(APP_NAME), factor_value(3rd_party)
09-03 01:57:10.715 21069 20651 W MtkCbAdptor: [0-CoreConverter::convertResult] failed to setEntry, MTK_HALCORE_CALLBACK_REALTIME_MODE
09-03 01:57:10.723 21069 20753 D MtkCam/ATMsEventMgr: [HIDL]get factor(APP_NAME), factor_value(3rd_party)
09-03 01:57:10.733 21069 20753 D MtkCam/ATMsEventMgr: [HIDL]get factor(APP_NAME), factor_value(3rd_party)
09-03 01:57:10.736 21069 21086 D MtkCam/ATMsEventMgr: [HIDL]get factor(APP_NAME), factor_value(3rd_party)
09-03 01:57:10.736 20480 20495 I mali_config: @get_buffer_dataspace_setting: update dataspace from GE (0x00000000 -> 0x08020000)
09-03 01:57:10.732 20480 20480 W UnityMain: type=1400 audit(0.0:628715): avc:  denied  { getattr } for  name="/" dev="dmabuf" ino=1 scontext=u:r:untrusted_app:s0:c21,c257,c512,c768 tcontext=u:object_r:unlabeled:s0 tclass=filesystem permissive=0 app=com.VisiArise.visiArise
09-03 01:57:10.740 21069 20701 D MtkCam/ATMsEventMgr: [HIDL]get factor(APP_NAME), factor_value(3rd_party)
09-03 01:57:10.747 21069 20651 W MtkCbAdptor: [0-CoreConverter::convertResult] failed to setEntry, MTK_HALCORE_CALLBACK_REALTIME_MODE
09-03 01:57:10.748 21069 20754 D MtkCam/ATMsEventMgr: [HIDL]get factor(APP_NAME), factor_value(3rd_party)
09-03 01:57:10.756 21069 20753 D MtkCam/ATMsEventMgr: [HIDL]get factor(APP_NAME), factor_value(3rd_party)
09-03 01:57:10.767 21069 20753 D MtkCam/ATMsEventMgr: [HIDL]get factor(APP_NAME), factor_value(3rd_party)
09-03 01:57:10.769 20480 20495 I mali_config: @get_buffer_dataspace_setting: update dataspace from GE (0x00000000 -> 0x08020000)
09-03 01:57:10.769 21069 21086 D MtkCam/ATMsEventMgr: [HIDL]get factor(APP_NAME), factor_value(3rd_party)
09-03 01:57:10.768 20480 20480 W UnityMain: type=1400 audit(0.0:628716): avc:  denied  { getattr } for  name="/" dev="dmabuf" ino=1 scontext=u:r:untrusted_app:s0:c21,c257,c512,c768 tcontext=u:object_r:unlabeled:s0 tclass=filesystem permissive=0 app=com.VisiArise.visiArise
09-03 01:57:10.773 21069 20701 D MtkCam/ATMsEventMgr: [HIDL]get factor(APP_NAME), factor_value(3rd_party)
09-03 01:57:10.781 21069 20651 W MtkCbAdptor: [0-CoreConverter::convertResult] failed to setEntry, MTK_HALCORE_CALLBACK_REALTIME_MODE
09-03 01:57:10.782 21069 20754 D MtkCam/ATMsEventMgr: [HIDL]get factor(APP_NAME), factor_value(3rd_party)
09-03 01:57:10.790 21069 20753 D MtkCam/ATMsEventMgr: [HIDL]get factor(APP_NAME), factor_value(3rd_party)
09-03 01:57:10.800  1470  1470 I BufferQueueProducer: [SurfaceView[com.VisiArise.visiArise/com.unity3d.player.UnityPlayerActivity](BLAST)#67369](this:0xb4000074fb99f9b8,id:-1,api:0,p:-1,c:1470) queueBuffer: fps=30.12 dur=1029.37 max=33.76 min=32.61
09-03 01:57:10.802 21069 20753 D MtkCam/ATMsEventMgr: [HIDL]get factor(APP_NAME), factor_value(3rd_party)
09-03 01:57:10.802 21069 28333 D MtkCam/ATMsEventMgr: [HIDL]get factor(APP_NAME), factor_value(3rd_party)
09-03 01:57:10.804 20480 20495 I mali_config: @get_buffer_dataspace_setting: update dataspace from GE (0x00000000 -> 0x08020000)
09-03 01:57:10.800 20480 20480 W UnityMain: type=1400 audit(0.0:628717): avc:  denied  { getattr } for  name="/" dev="dmabuf" ino=1 scontext=u:r:untrusted_app:s0:c21,c257,c512,c768 tcontext=u:object_r:unlabeled:s0 tclass=filesystem permissive=0 app=com.VisiArise.visiArise
09-03 01:57:10.814 21069 20701 D MtkCam/ATMsEventMgr: [HIDL]get factor(APP_NAME), factor_value(3rd_party)
09-03 01:57:10.815 21069 20754 D MtkCam/ATMsEventMgr: [HIDL]get factor(APP_NAME), factor_value(3rd_party)
09-03 01:57:10.817 21069 20651 W MtkCbAdptor: [0-CoreConverter::convertResult] failed to setEntry, MTK_HALCORE_CALLBACK_REALTIME_MODE
09-03 01:57:10.823 21069 20753 D MtkCam/ATMsEventMgr: [HIDL]get factor(APP_NAME), factor_value(3rd_party)
09-03 01:57:10.834 21069 20753 D MtkCam/ATMsEventMgr: [HIDL]get factor(APP_NAME), factor_value(3rd_party)
09-03 01:57:10.835 21069 13647 D MtkCam/ATMsEventMgr: [HIDL]get factor(APP_NAME), factor_value(3rd_party)
09-03 01:57:10.838 21069 21072 D ULogGuard: Monitoring: 20 threads, 7 requests, 2 time-bombs; 17 guards. ResetFlags = 0x7
09-03 01:57:10.841 20480 20495 I mali_config: @get_buffer_dataspace_setting: update dataspace from GE (0x00000000 -> 0x08020000)
09-03 01:57:10.840 20480 20480 W UnityMain: type=1400 audit(0.0:628718): avc:  denied  { getattr } for  name="/" dev="dmabuf" ino=1 scontext=u:r:untrusted_app:s0:c21,c257,c512,c768 tcontext=u:object_r:unlabeled:s0 tclass=filesystem permissive=0 app=com.VisiArise.visiArise
09-03 01:57:10.844 21069 20701 D MtkCam/ATMsEventMgr: [HIDL]get factor(APP_NAME), factor_value(3rd_party)
09-03 01:57:10.848 21069 20651 W MtkCbAdptor: [0-CoreConverter::convertResult] failed to setEntry, MTK_HALCORE_CALLBACK_REALTIME_MODE
09-03 01:57:10.849 21069 20754 D MtkCam/ATMsEventMgr: [HIDL]get factor(APP_NAME), factor_value(3rd_party)
09-03 01:57:10.857 21069 20753 D MtkCam/ATMsEventMgr: [HIDL]get factor(APP_NAME), factor_value(3rd_party)
09-03 01:57:10.868 21069 20753 D MtkCam/ATMsEventMgr: [HIDL]get factor(APP_NAME), factor_value(3rd_party)
09-03 01:57:10.870 21069 28333 D MtkCam/ATMsEventMgr: [HIDL]get factor(APP_NAME), factor_value(3rd_party)
09-03 01:57:10.871 20480 20495 I mali_config: @get_buffer_dataspace_setting: update dataspace from GE (0x00000000 -> 0x08020000)
09-03 01:57:10.876 21069 20701 D MtkCam/ATMsEventMgr: [HIDL]get factor(APP_NAME), factor_value(3rd_party)
09-03 01:57:10.883 21069 20754 D MtkCam/ATMsEventMgr: [HIDL]get factor(APP_NAME), factor_value(3rd_party)
09-03 01:57:10.883 21069 20651 W MtkCbAdptor: [0-CoreConverter::convertResult] failed to setEntry, MTK_HALCORE_CALLBACK_REALTIME_MODE
09-03 01:57:10.891 21069 20753 D MtkCam/ATMsEventMgr: [HIDL]get factor(APP_NAME), factor_value(3rd_party)
09-03 01:57:10.902 21069 20753 D MtkCam/ATMsEventMgr: [HIDL]get factor(APP_NAME), factor_value(3rd_party)
09-03 01:57:10.903 21069 21086 D MtkCam/ATMsEventMgr: [HIDL]get factor(APP_NAME), factor_value(3rd_party)
09-03 01:57:10.910 21069 20701 D MtkCam/ATMsEventMgr: [HIDL]get factor(APP_NAME), factor_value(3rd_party)
09-03 01:57:10.910 20480 20495 I mali_config: @get_buffer_dataspace_setting: update dataspace from GE (0x00000000 -> 0x08020000)
09-03 01:57:10.916 21069 20754 D MtkCam/ATMsEventMgr: [HIDL]get factor(APP_NAME), factor_value(3rd_party)
09-03 01:57:10.918 21069 20651 W MtkCbAdptor: [0-CoreConverter::convertResult] failed to setEntry, MTK_HALCORE_CALLBACK_REALTIME_MODE
09-03 01:57:10.924 21069 20753 D MtkCam/ATMsEventMgr: [HIDL]get factor(APP_NAME), factor_value(3rd_party)
09-03 01:57:10.934 21069 20753 D MtkCam/ATMsEventMgr: [HIDL]get factor(APP_NAME), factor_value(3rd_party)
09-03 01:57:10.936 20480 20495 I mali_config: @get_buffer_dataspace_setting: update dataspace from GE (0x00000000 -> 0x08020000)
09-03 01:57:10.937 21069 13647 D MtkCam/ATMsEventMgr: [HIDL]get factor(APP_NAME), factor_value(3rd_party)
09-03 01:57:10.941 21069 20701 D MtkCam/ATMsEventMgr: [HIDL]get factor(APP_NAME), factor_value(3rd_party)
09-03 01:57:10.948 21069 20651 W MtkCbAdptor: [0-CoreConverter::convertResult] failed to setEntry, MTK_HALCORE_CALLBACK_REALTIME_MODE
09-03 01:57:10.949 21069 20754 D MtkCam/ATMsEventMgr: [HIDL]get factor(APP_NAME), factor_value(3rd_party)
09-03 01:57:10.957 21069 20753 D MtkCam/ATMsEventMgr: [HIDL]get factor(APP_NAME), factor_value(3rd_party)
09-03 01:57:10.969 21069 20753 D MtkCam/ATMsEventMgr: [HIDL]get factor(APP_NAME), factor_value(3rd_party)
09-03 01:57:10.970 21069 13647 D MtkCam/ATMsEventMgr: [HIDL]get factor(APP_NAME), factor_value(3rd_party)
09-03 01:57:10.968 20480 20495 I mali_config: @get_buffer_dataspace_setting: update dataspace from GE (0x00000000 -> 0x08020000)
09-03 01:57:10.972 21069 20701 D MtkCam/ATMsEventMgr: [HIDL]get factor(APP_NAME), factor_value(3rd_party)
09-03 01:57:10.983 21069 20754 D MtkCam/ATMsEventMgr: [HIDL]get factor(APP_NAME), factor_value(3rd_party)
09-03 01:57:10.986 21069 20651 W MtkCbAdptor: [0-CoreConverter::convertResult] failed to setEntry, MTK_HALCORE_CALLBACK_REALTIME_MODE
09-03 01:57:10.991 21069 20753 D MtkCam/ATMsEventMgr: [HIDL]get factor(APP_NAME), factor_value(3rd_party)
09-03 01:57:11.002 20480 20495 I mali_config: @get_buffer_dataspace_setting: update dataspace from GE (0x00000000 -> 0x08020000)
09-03 01:57:11.003 21069 20753 D MtkCam/ATMsEventMgr: [HIDL]get factor(APP_NAME), factor_value(3rd_party)
09-03 01:57:11.003 21069 21086 D MtkCam/ATMsEventMgr: [HIDL]get factor(APP_NAME), factor_value(3rd_party)
09-03 01:57:11.014 21069 20701 D MtkCam/ATMsEventMgr: [HIDL]get factor(APP_NAME), factor_value(3rd_party)
09-03 01:57:11.016 21069 20754 D MtkCam/ATMsEventMgr: [HIDL]get factor(APP_NAME), factor_value(3rd_party)
09-03 01:57:11.019 21069 20651 W MtkCbAdptor: [0-CoreConverter::convertResult] failed to setEntry, MTK_HALCORE_CALLBACK_REALTIME_MODE
09-03 01:57:11.024 21069 20753 D MtkCam/ATMsEventMgr: [HIDL]get factor(APP_NAME), factor_value(3rd_party)
09-03 01:57:11.034 21069 20753 D MtkCam/ATMsEventMgr: [HIDL]get factor(APP_NAME), factor_value(3rd_party)
09-03 01:57:11.036 21069 13647 D MtkCam/ATMsEventMgr: [HIDL]get factor(APP_NAME), factor_value(3rd_party)
09-03 01:57:11.042 20480 20495 I mali_config: @get_buffer_dataspace_setting: update dataspace from GE (0x00000000 -> 0x08020000)
09-03 01:57:11.044 21069 20701 D MtkCam/ATMsEventMgr: [HIDL]get factor(APP_NAME), factor_value(3rd_party)
09-03 01:57:11.047 21069 20651 W MtkCbAdptor: [0-CoreConverter::convertResult] failed to setEntry, MTK_HALCORE_CALLBACK_REALTIME_MODE
09-03 01:57:11.049 21069 20754 D MtkCam/ATMsEventMgr: [HIDL]get factor(APP_NAME), factor_value(3rd_party)
09-03 01:57:11.057 21069 20753 D MtkCam/ATMsEventMgr: [HIDL]get factor(APP_NAME), factor_value(3rd_party)
09-03 01:57:11.067 21069 20753 D MtkCam/ATMsEventMgr: [HIDL]get factor(APP_NAME), factor_value(3rd_party)
09-03 01:57:11.069 21069 21086 D MtkCam/ATMsEventMgr: [HIDL]get factor(APP_NAME), factor_value(3rd_party)
09-03 01:57:11.072 20480 20495 I mali_config: @get_buffer_dataspace_setting: update dataspace from GE (0x00000000 -> 0x08020000)
09-03 01:57:11.072 21069 20701 D MtkCam/ATMsEventMgr: [HIDL]get factor(APP_NAME), factor_value(3rd_party)
09-03 01:57:11.083 21069 20754 D MtkCam/ATMsEventMgr: [HIDL]get factor(APP_NAME), factor_value(3rd_party)
09-03 01:57:11.083 21069 20651 W MtkCbAdptor: [0-CoreConverter::convertResult] failed to setEntry, MTK_HALCORE_CALLBACK_REALTIME_MODE
09-03 01:57:11.091 21069 20753 D MtkCam/ATMsEventMgr: [HIDL]get factor(APP_NAME), factor_value(3rd_party)
09-03 01:57:11.101  1348  1440 I hwcomposer: [HWCDisplay] [Display_0 (type:1)] fps:30.112488,dur:1029.47,max:34.16,min:32.50  
09-03 01:57:11.102 21069 20753 D MtkCam/ATMsEventMgr: [HIDL]get factor(APP_NAME), factor_value(3rd_party)
09-03 01:57:11.103 21069 28333 D MtkCam/ATMsEventMgr: [HIDL]get factor(APP_NAME), factor_value(3rd_party)
09-03 01:57:11.106 21069 20701 D MtkCam/ATMsEventMgr: [HIDL]get factor(APP_NAME), factor_value(3rd_party)
09-03 01:57:11.107 20480 20495 I mali_config: @get_buffer_dataspace_setting: update dataspace from GE (0x00000000 -> 0x08020000)
09-03 01:57:11.116 21069 20754 D MtkCam/ATMsEventMgr: [HIDL]get factor(APP_NAME), factor_value(3rd_party)
09-03 01:57:11.118 21069 20651 W MtkCbAdptor: [0-CoreConverter::convertResult] failed to setEntry, MTK_HALCORE_CALLBACK_REALTIME_MODE
09-03 01:57:11.125 21069 20753 D MtkCam/ATMsEventMgr: [HIDL]get factor(APP_NAME), factor_value(3rd_party)
09-03 01:57:11.135 21069 20753 D MtkCam/ATMsEventMgr: [HIDL]get factor(APP_NAME), factor_value(3rd_party)
09-03 01:57:11.136 21069 13647 D MtkCam/ATMsEventMgr: [HIDL]get factor(APP_NAME), factor_value(3rd_party)
09-03 01:57:11.137 20480 20495 I mali_config: @get_buffer_dataspace_setting: update dataspace from GE (0x00000000 -> 0x08020000)
09-03 01:57:11.142 21069 20701 D MtkCam/ATMsEventMgr: [HIDL]get factor(APP_NAME), factor_value(3rd_party)
09-03 01:57:11.150 21069 20754 D MtkCam/ATMsEventMgr: [HIDL]get factor(APP_NAME), factor_value(3rd_party)
09-03 01:57:11.152 21069 20651 W MtkCbAdptor: [0-CoreConverter::convertResult] failed to setEntry, MTK_HALCORE_CALLBACK_REALTIME_MODE
09-03 01:57:11.157 21069 20753 D MtkCam/ATMsEventMgr: [HIDL]get factor(APP_NAME), factor_value(3rd_party)
09-03 01:57:11.168 21069 20753 D MtkCam/ATMsEventMgr: [HIDL]get factor(APP_NAME), factor_value(3rd_party)
09-03 01:57:11.170 21069 28333 D MtkCam/ATMsEventMgr: [HIDL]get factor(APP_NAME), factor_value(3rd_party)
09-03 01:57:11.170 21069 20701 D MtkCam/ATMsEventMgr: [HIDL]get factor(APP_NAME), factor_value(3rd_party)
09-03 01:57:11.178 20480 20495 I mali_config: @get_buffer_dataspace_setting: update dataspace from GE (0x00000000 -> 0x08020000)
09-03 01:57:11.183 21069 20754 D MtkCam/ATMsEventMgr: [HIDL]get factor(APP_NAME), factor_value(3rd_party)
09-03 01:57:11.183 21069 20651 W MtkCbAdptor: [0-CoreConverter::convertResult] failed to setEntry, MTK_HALCORE_CALLBACK_REALTIME_MODE
09-03 01:57:11.191 21069 20753 D MtkCam/ATMsEventMgr: [HIDL]get factor(APP_NAME), factor_value(3rd_party)
09-03 01:57:11.201 21069 20753 D MtkCam/ATMsEventMgr: [HIDL]get factor(APP_NAME), factor_value(3rd_party)
09-03 01:57:11.203 21069 21069 D MtkCam/ATMsEventMgr: [HIDL]get factor(APP_NAME), factor_value(3rd_party)
09-03 01:57:11.207 21069 20701 D MtkCam/ATMsEventMgr: [HIDL]get factor(APP_NAME), factor_value(3rd_party)
09-03 01:57:11.207 20480 20495 I mali_config: @get_buffer_dataspace_setting: update dataspace from GE (0x00000000 -> 0x08020000)
09-03 01:57:11.217 21069 20754 D MtkCam/ATMsEventMgr: [HIDL]get factor(APP_NAME), factor_value(3rd_party)
09-03 01:57:11.217 21069 20651 W MtkCbAdptor: [0-CoreConverter::convertResult] failed to setEntry, MTK_HALCORE_CALLBACK_REALTIME_MODE
09-03 01:57:11.221  1715  1715 W HidlServiceManagement: Waited for hwservicemanager.ready for a second, waiting another...
09-03 01:57:11.221  1715  1715 W libc    : Access denied finding property "hwservicemanager.ready"
09-03 01:57:11.221  1715  1715 W libc    : Access denied finding property "hwservicemanager.ready"
09-03 01:57:11.225 21069 20753 D MtkCam/ATMsEventMgr: [HIDL]get factor(APP_NAME), factor_value(3rd_party)
09-03 01:57:11.236 21069 20753 D MtkCam/ATMsEventMgr: [HIDL]get factor(APP_NAME), factor_value(3rd_party)
09-03 01:57:11.237 21069 28333 D MtkCam/ATMsEventMgr: [HIDL]get factor(APP_NAME), factor_value(3rd_party)
09-03 01:57:11.237 21069 20701 D MtkCam/ATMsEventMgr: [HIDL]get factor(APP_NAME), factor_value(3rd_party)
