09-03 01:57:11.240 20480 20495 I mali_config: @get_buffer_dataspace_setting: update dataspace from GE (0x00000000 -> 0x08020000)
09-03 01:57:11.243  1404  1434 I libPerfCtl: xgfGetFPS pid:20480 fps:29
09-03 01:57:11.250 21069 20754 D MtkCam/ATMsEventMgr: [HIDL]get factor(APP_NAME), factor_value(3rd_party)
09-03 01:57:11.252 21069 20651 W MtkCbAdptor: [0-CoreConverter::convertResult] failed to setEntry, MTK_HALCORE_CALLBACK_REALTIME_MODE
09-03 01:57:11.258 21069 20753 D MtkCam/ATMsEventMgr: [HIDL]get factor(APP_NAME), factor_value(3rd_party)
09-03 01:57:11.269 21069 20753 D MtkCam/ATMsEventMgr: [HIDL]get factor(APP_NAME), factor_value(3rd_party)
09-03 01:57:11.270 21069 21086 D MtkCam/ATMsEventMgr: [HIDL]get factor(APP_NAME), factor_value(3rd_party)
09-03 01:57:11.274 21069 20701 D MtkCam/ATMsEventMgr: [HIDL]get factor(APP_NAME), factor_value(3rd_party)
09-03 01:57:11.275 20480 20495 I mali_config: @get_buffer_dataspace_setting: update dataspace from GE (0x00000000 -> 0x08020000)
09-03 01:57:11.283 21069 20754 D MtkCam/ATMsEventMgr: [HIDL]get factor(APP_NAME), factor_value(3rd_party)
09-03 01:57:11.284 21069 20651 W MtkCbAdptor: [0-CoreConverter::convertResult] failed to setEntry, MTK_HALCORE_CALLBACK_REALTIME_MODE
09-03 01:57:11.291 21069 20753 D MtkCam/ATMsEventMgr: [HIDL]get factor(APP_NAME), factor_value(3rd_party)
09-03 01:57:11.302 21069 20753 D MtkCam/ATMsEventMgr: [HIDL]get factor(APP_NAME), factor_value(3rd_party)
09-03 01:57:11.304 21069 13647 D MtkCam/ATMsEventMgr: [HIDL]get factor(APP_NAME), factor_value(3rd_party)
09-03 01:57:11.309 20480 20495 I mali_config: @get_buffer_dataspace_setting: update dataspace from GE (0x00000000 -> 0x08020000)
09-03 01:57:11.311 21069 20701 D MtkCam/ATMsEventMgr: [HIDL]get factor(APP_NAME), factor_value(3rd_party)
09-03 01:57:11.316 21069 20651 W MtkCbAdptor: [0-CoreConverter::convertResult] failed to setEntry, MTK_HALCORE_CALLBACK_REALTIME_MODE
09-03 01:57:11.317 21069 20754 D MtkCam/ATMsEventMgr: [HIDL]get factor(APP_NAME), factor_value(3rd_party)
09-03 01:57:11.325 21069 20753 D MtkCam/ATMsEventMgr: [HIDL]get factor(APP_NAME), factor_value(3rd_party)
09-03 01:57:11.335 21069 20753 D MtkCam/ATMsEventMgr: [HIDL]get factor(APP_NAME), factor_value(3rd_party)
09-03 01:57:11.337 20480 20495 I mali_config: @get_buffer_dataspace_setting: update dataspace from GE (0x00000000 -> 0x08020000)
09-03 01:57:11.337 21069 13647 D MtkCam/ATMsEventMgr: [HIDL]get factor(APP_NAME), factor_value(3rd_party)
09-03 01:57:11.342 21069 20701 D MtkCam/ATMsEventMgr: [HIDL]get factor(APP_NAME), factor_value(3rd_party)
09-03 01:57:11.350 21069 20754 D MtkCam/ATMsEventMgr: [HIDL]get factor(APP_NAME), factor_value(3rd_party)
09-03 01:57:11.350 21069 20651 W MtkCbAdptor: [0-CoreConverter::convertResult] failed to setEntry, MTK_HALCORE_CALLBACK_REALTIME_MODE
09-03 01:57:11.358 21069 20753 D MtkCam/ATMsEventMgr: [HIDL]get factor(APP_NAME), factor_value(3rd_party)
09-03 01:57:11.368 21069 20753 D MtkCam/ATMsEventMgr: [HIDL]get factor(APP_NAME), factor_value(3rd_party)
09-03 01:57:11.371 21069 21086 D MtkCam/ATMsEventMgr: [HIDL]get factor(APP_NAME), factor_value(3rd_party)
09-03 01:57:11.372 21069 20701 D MtkCam/ATMsEventMgr: [HIDL]get factor(APP_NAME), factor_value(3rd_party)
09-03 01:57:11.373 20480 20495 I mali_config: @get_buffer_dataspace_setting: update dataspace from GE (0x00000000 -> 0x08020000)
09-03 01:57:11.383 21069 20754 D MtkCam/ATMsEventMgr: [HIDL]get factor(APP_NAME), factor_value(3rd_party)
09-03 01:57:11.384 21069 20754 W af_mgr  : [0][MGR] getLensState Phone Moving while TRACKING, ForceCapture: LensState = 0
09-03 01:57:11.384 21069 20651 W MtkCbAdptor: [0-CoreConverter::convertResult] failed to setEntry, MTK_HALCORE_CALLBACK_REALTIME_MODE
09-03 01:57:11.391 21069 20753 D MtkCam/ATMsEventMgr: [HIDL]get factor(APP_NAME), factor_value(3rd_party)
09-03 01:57:11.401 21069 20753 D MtkCam/ATMsEventMgr: [HIDL]get factor(APP_NAME), factor_value(3rd_party)
09-03 01:57:11.404 21069 21069 D MtkCam/ATMsEventMgr: [HIDL]get factor(APP_NAME), factor_value(3rd_party)
09-03 01:57:11.405 21069 20701 D MtkCam/ATMsEventMgr: [HIDL]get factor(APP_NAME), factor_value(3rd_party)
09-03 01:57:11.406 20480 20495 I mali_config: @get_buffer_dataspace_setting: update dataspace from GE (0x00000000 -> 0x08020000)
09-03 01:57:11.416 21069 20754 D MtkCam/ATMsEventMgr: [HIDL]get factor(APP_NAME), factor_value(3rd_party)
09-03 01:57:11.417 21069 20651 W MtkCbAdptor: [0-CoreConverter::convertResult] failed to setEntry, MTK_HALCORE_CALLBACK_REALTIME_MODE
09-03 01:57:11.425 21069 20753 D MtkCam/ATMsEventMgr: [HIDL]get factor(APP_NAME), factor_value(3rd_party)
09-03 01:57:11.436 21069 20753 D MtkCam/ATMsEventMgr: [HIDL]get factor(APP_NAME), factor_value(3rd_party)
09-03 01:57:11.437 21069 21069 D MtkCam/ATMsEventMgr: [HIDL]get factor(APP_NAME), factor_value(3rd_party)
09-03 01:57:11.437 20480 20495 I mali_config: @get_buffer_dataspace_setting: update dataspace from GE (0x00000000 -> 0x08020000)
09-03 01:57:11.441 21069 20701 D MtkCam/ATMsEventMgr: [HIDL]get factor(APP_NAME), factor_value(3rd_party)
09-03 01:57:11.450 21069 20754 D MtkCam/ATMsEventMgr: [HIDL]get factor(APP_NAME), factor_value(3rd_party)
09-03 01:57:11.450 21069 20754 W af_mgr  : [0][MGR] getLensState Phone Moving while TRACKING, ForceCapture: LensState = 0
09-03 01:57:11.451 21069 20651 W MtkCbAdptor: [0-CoreConverter::convertResult] failed to setEntry, MTK_HALCORE_CALLBACK_REALTIME_MODE
09-03 01:57:11.451 20480 20584 I native  : I0000 00:00:1725308831.451648   20584 viwls_optimization.cc:1301] MAP SOLVE: USER_SUCCESS
09-03 01:57:11.458 21069 20753 D MtkCam/ATMsEventMgr: [HIDL]get factor(APP_NAME), factor_value(3rd_party)
09-03 01:57:11.468 21069 20753 D MtkCam/ATMsEventMgr: [HIDL]get factor(APP_NAME), factor_value(3rd_party)
09-03 01:57:11.470 21069 21086 D MtkCam/ATMsEventMgr: [HIDL]get factor(APP_NAME), factor_value(3rd_party)
09-03 01:57:11.472 20480 20495 I mali_config: @get_buffer_dataspace_setting: update dataspace from GE (0x00000000 -> 0x08020000)
09-03 01:57:11.477 21069 20701 D MtkCam/ATMsEventMgr: [HIDL]get factor(APP_NAME), factor_value(3rd_party)
09-03 01:57:11.483 21069 20754 D MtkCam/ATMsEventMgr: [HIDL]get factor(APP_NAME), factor_value(3rd_party)
09-03 01:57:11.484 21069 20651 W MtkCbAdptor: [0-CoreConverter::convertResult] failed to setEntry, MTK_HALCORE_CALLBACK_REALTIME_MODE
09-03 01:57:11.491 21069 20753 D MtkCam/ATMsEventMgr: [HIDL]get factor(APP_NAME), factor_value(3rd_party)
09-03 01:57:11.502 21069 20753 D MtkCam/ATMsEventMgr: [HIDL]get factor(APP_NAME), factor_value(3rd_party)
09-03 01:57:11.504 20480 20495 I mali_config: @get_buffer_dataspace_setting: update dataspace from GE (0x00000000 -> 0x08020000)
09-03 01:57:11.504 21069 21086 D MtkCam/ATMsEventMgr: [HIDL]get factor(APP_NAME), factor_value(3rd_party)
09-03 01:57:11.511 21069 20701 D MtkCam/ATMsEventMgr: [HIDL]get factor(APP_NAME), factor_value(3rd_party)
09-03 01:57:11.517 21069 20651 W MtkCbAdptor: [0-CoreConverter::convertResult] failed to setEntry, MTK_HALCORE_CALLBACK_REALTIME_MODE
09-03 01:57:11.518 21069 20754 D MtkCam/ATMsEventMgr: [HIDL]get factor(APP_NAME), factor_value(3rd_party)
09-03 01:57:11.525 21069 20753 D MtkCam/ATMsEventMgr: [HIDL]get factor(APP_NAME), factor_value(3rd_party)
09-03 01:57:11.536 21069 20753 D MtkCam/ATMsEventMgr: [HIDL]get factor(APP_NAME), factor_value(3rd_party)
09-03 01:57:11.538 21069 21069 D MtkCam/ATMsEventMgr: [HIDL]get factor(APP_NAME), factor_value(3rd_party)
09-03 01:57:11.541 20480 20495 I mali_config: @get_buffer_dataspace_setting: update dataspace from GE (0x00000000 -> 0x08020000)
09-03 01:57:11.543 21069 20701 D MtkCam/ATMsEventMgr: [HIDL]get factor(APP_NAME), factor_value(3rd_party)
09-03 01:57:11.550 21069 20651 W MtkCbAdptor: [0-CoreConverter::convertResult] failed to setEntry, MTK_HALCORE_CALLBACK_REALTIME_MODE
09-03 01:57:11.551 21069 20754 D MtkCam/ATMsEventMgr: [HIDL]get factor(APP_NAME), factor_value(3rd_party)
09-03 01:57:11.551 21069 20754 W af_mgr  : [0][MGR] getLensState Phone Moving while TRACKING, ForceCapture: LensState = 0
09-03 01:57:11.559 21069 20753 D MtkCam/ATMsEventMgr: [HIDL]get factor(APP_NAME), factor_value(3rd_party)
09-03 01:57:11.569 21069 20753 D MtkCam/ATMsEventMgr: [HIDL]get factor(APP_NAME), factor_value(3rd_party)
09-03 01:57:11.572 20480 20495 I mali_config: @get_buffer_dataspace_setting: update dataspace from GE (0x00000000 -> 0x08020000)
09-03 01:57:11.572 21069 28333 D MtkCam/ATMsEventMgr: [HIDL]get factor(APP_NAME), factor_value(3rd_party)
09-03 01:57:11.576 21069 20701 D MtkCam/ATMsEventMgr: [HIDL]get factor(APP_NAME), factor_value(3rd_party)
09-03 01:57:11.584 21069 20754 D MtkCam/ATMsEventMgr: [HIDL]get factor(APP_NAME), factor_value(3rd_party)
09-03 01:57:11.584 21069 20651 W MtkCbAdptor: [0-CoreConverter::convertResult] failed to setEntry, MTK_HALCORE_CALLBACK_REALTIME_MODE
09-03 01:57:11.592 21069 20753 D MtkCam/ATMsEventMgr: [HIDL]get factor(APP_NAME), factor_value(3rd_party)
09-03 01:57:11.603 21069 20753 D MtkCam/ATMsEventMgr: [HIDL]get factor(APP_NAME), factor_value(3rd_party)
09-03 01:57:11.605 21069 21069 D MtkCam/ATMsEventMgr: [HIDL]get factor(APP_NAME), factor_value(3rd_party)
09-03 01:57:11.608 21069 20701 D MtkCam/ATMsEventMgr: [HIDL]get factor(APP_NAME), factor_value(3rd_party)
09-03 01:57:11.610 20480 20495 I mali_config: @get_buffer_dataspace_setting: update dataspace from GE (0x00000000 -> 0x08020000)
09-03 01:57:11.617 21069 20754 D MtkCam/ATMsEventMgr: [HIDL]get factor(APP_NAME), factor_value(3rd_party)
09-03 01:57:11.619 21069 20651 W MtkCbAdptor: [0-CoreConverter::convertResult] failed to setEntry, MTK_HALCORE_CALLBACK_REALTIME_MODE
09-03 01:57:11.625 21069 20753 D MtkCam/ATMsEventMgr: [HIDL]get factor(APP_NAME), factor_value(3rd_party)
09-03 01:57:11.635 21069 20753 D MtkCam/ATMsEventMgr: [HIDL]get factor(APP_NAME), factor_value(3rd_party)
09-03 01:57:11.637 20480 20495 I mali_config: @get_buffer_dataspace_setting: update dataspace from GE (0x00000000 -> 0x08020000)
09-03 01:57:11.637 21069 21086 D MtkCam/ATMsEventMgr: [HIDL]get factor(APP_NAME), factor_value(3rd_party)
09-03 01:57:11.638 21069 20701 D MtkCam/ATMsEventMgr: [HIDL]get factor(APP_NAME), factor_value(3rd_party)
09-03 01:57:11.650 21069 20651 W MtkCbAdptor: [0-CoreConverter::convertResult] failed to setEntry, MTK_HALCORE_CALLBACK_REALTIME_MODE
09-03 01:57:11.651 21069 20754 D MtkCam/ATMsEventMgr: [HIDL]get factor(APP_NAME), factor_value(3rd_party)
09-03 01:57:11.659 21069 20753 D MtkCam/ATMsEventMgr: [HIDL]get factor(APP_NAME), factor_value(3rd_party)
09-03 01:57:11.669 21069 20753 D MtkCam/ATMsEventMgr: [HIDL]get factor(APP_NAME), factor_value(3rd_party)
09-03 01:57:11.670 21069 20701 D MtkCam/ATMsEventMgr: [HIDL]get factor(APP_NAME), factor_value(3rd_party)
09-03 01:57:11.671 21069 21069 D MtkCam/ATMsEventMgr: [HIDL]get factor(APP_NAME), factor_value(3rd_party)
09-03 01:57:11.672 20480 20495 I mali_config: @get_buffer_dataspace_setting: update dataspace from GE (0x00000000 -> 0x08020000)
09-03 01:57:11.684 21069 20754 D MtkCam/ATMsEventMgr: [HIDL]get factor(APP_NAME), factor_value(3rd_party)
09-03 01:57:11.685 21069 20651 W MtkCbAdptor: [0-CoreConverter::convertResult] failed to setEntry, MTK_HALCORE_CALLBACK_REALTIME_MODE
09-03 01:57:11.693 21069 20753 D MtkCam/ATMsEventMgr: [HIDL]get factor(APP_NAME), factor_value(3rd_party)
09-03 01:57:11.703 20480 20495 I mali_config: @get_buffer_dataspace_setting: update dataspace from GE (0x00000000 -> 0x08020000)
09-03 01:57:11.704 21069 20753 D MtkCam/ATMsEventMgr: [HIDL]get factor(APP_NAME), factor_value(3rd_party)
09-03 01:57:11.705 21069 21069 D MtkCam/ATMsEventMgr: [HIDL]get factor(APP_NAME), factor_value(3rd_party)
09-03 01:57:11.714 21069 20701 D MtkCam/ATMsEventMgr: [HIDL]get factor(APP_NAME), factor_value(3rd_party)
09-03 01:57:11.717 21069 20754 D MtkCam/ATMsEventMgr: [HIDL]get factor(APP_NAME), factor_value(3rd_party)
09-03 01:57:11.723 21069 20651 W MtkCbAdptor: [0-CoreConverter::convertResult] failed to setEntry, MTK_HALCORE_CALLBACK_REALTIME_MODE
09-03 01:57:11.725 21069 20753 D MtkCam/ATMsEventMgr: [HIDL]get factor(APP_NAME), factor_value(3rd_party)
09-03 01:57:11.736 21069 20753 D MtkCam/ATMsEventMgr: [HIDL]get factor(APP_NAME), factor_value(3rd_party)
09-03 01:57:11.736 20480 20480 W UnityMain: type=1400 audit(0.0:628747): avc:  denied  { getattr } for  name="/" dev="dmabuf" ino=1 scontext=u:r:untrusted_app:s0:c21,c257,c512,c768 tcontext=u:object_r:unlabeled:s0 tclass=filesystem permissive=0 app=com.VisiArise.visiArise
09-03 01:57:11.738 21069 21069 D MtkCam/ATMsEventMgr: [HIDL]get factor(APP_NAME), factor_value(3rd_party)
09-03 01:57:11.738 20480 20495 I mali_config: @get_buffer_dataspace_setting: update dataspace from GE (0x00000000 -> 0x08020000)
09-03 01:57:11.742 21069 20701 D MtkCam/ATMsEventMgr: [HIDL]get factor(APP_NAME), factor_value(3rd_party)
09-03 01:57:11.751 21069 20754 D MtkCam/ATMsEventMgr: [HIDL]get factor(APP_NAME), factor_value(3rd_party)
09-03 01:57:11.751 21069 20651 W MtkCbAdptor: [0-CoreConverter::convertResult] failed to setEntry, MTK_HALCORE_CALLBACK_REALTIME_MODE
09-03 01:57:11.759 21069 20753 D MtkCam/ATMsEventMgr: [HIDL]get factor(APP_NAME), factor_value(3rd_party)
09-03 01:57:11.769 21069 20753 D MtkCam/ATMsEventMgr: [HIDL]get factor(APP_NAME), factor_value(3rd_party)
09-03 01:57:11.771 21069 20701 D MtkCam/ATMsEventMgr: [HIDL]get factor(APP_NAME), factor_value(3rd_party)
09-03 01:57:11.771 20480 20495 I mali_config: @get_buffer_dataspace_setting: update dataspace from GE (0x00000000 -> 0x08020000)
09-03 01:57:11.771 21069 21069 D MtkCam/ATMsEventMgr: [HIDL]get factor(APP_NAME), factor_value(3rd_party)
09-03 01:57:11.768 20480 20480 W UnityMain: type=1400 audit(0.0:628748): avc:  denied  { getattr } for  name="/" dev="dmabuf" ino=1 scontext=u:r:untrusted_app:s0:c21,c257,c512,c768 tcontext=u:object_r:unlabeled:s0 tclass=filesystem permissive=0 app=com.VisiArise.visiArise
09-03 01:57:11.784 21069 20651 W MtkCbAdptor: [0-CoreConverter::convertResult] failed to setEntry, MTK_HALCORE_CALLBACK_REALTIME_MODE
09-03 01:57:11.784 21069 20754 D MtkCam/ATMsEventMgr: [HIDL]get factor(APP_NAME), factor_value(3rd_party)
09-03 01:57:11.793 21069 20753 D MtkCam/ATMsEventMgr: [HIDL]get factor(APP_NAME), factor_value(3rd_party)
09-03 01:57:11.803 20480 20495 I mali_config: @get_buffer_dataspace_setting: update dataspace from GE (0x00000000 -> 0x08020000)
09-03 01:57:11.800 20480 20480 W UnityMain: type=1400 audit(0.0:628749): avc:  denied  { getattr } for  name="/" dev="dmabuf" ino=1 scontext=u:r:untrusted_app:s0:c21,c257,c512,c768 tcontext=u:object_r:unlabeled:s0 tclass=filesystem permissive=0 app=com.VisiArise.visiArise
09-03 01:57:11.804 21069 13647 D MtkCam/ATMsEventMgr: [HIDL]get factor(APP_NAME), factor_value(3rd_party)
09-03 01:57:11.804 21069 20753 D MtkCam/ATMsEventMgr: [HIDL]get factor(APP_NAME), factor_value(3rd_party)
09-03 01:57:11.809 21069 20701 D MtkCam/ATMsEventMgr: [HIDL]get factor(APP_NAME), factor_value(3rd_party)
09-03 01:57:11.817 21069 20754 D MtkCam/ATMsEventMgr: [HIDL]get factor(APP_NAME), factor_value(3rd_party)
09-03 01:57:11.820 21069 20651 W MtkCbAdptor: [0-CoreConverter::convertResult] failed to setEntry, MTK_HALCORE_CALLBACK_REALTIME_MODE
09-03 01:57:11.825 21069 20753 D MtkCam/ATMsEventMgr: [HIDL]get factor(APP_NAME), factor_value(3rd_party)
09-03 01:57:11.830  1470  1470 I BufferQueueProducer: [SurfaceView[com.VisiArise.visiArise/com.unity3d.player.UnityPlayerActivity](BLAST)#67369](this:0xb4000074fb99f9b8,id:-1,api:0,p:-1,c:1470) queueBuffer: fps=30.12 dur=1029.16 max=33.83 min=32.61
09-03 01:57:11.836 20480 20582 W native  : W0000 00:00:1725308831.835840   20582 vio_fault_detector.cc:162] VIO is moving fast with speed (m/s): 0.605048 but RANSAC failed to provide valid frame to frame translation by reporting degeneracy.
09-03 01:57:11.836 21069 20753 D MtkCam/ATMsEventMgr: [HIDL]get factor(APP_NAME), factor_value(3rd_party)
09-03 01:57:11.838 21069 21069 D MtkCam/ATMsEventMgr: [HIDL]get factor(APP_NAME), factor_value(3rd_party)
09-03 01:57:11.838 20480 20495 I mali_config: @get_buffer_dataspace_setting: update dataspace from GE (0x00000000 -> 0x08020000)
09-03 01:57:11.836 20480 20480 W UnityMain: type=1400 audit(0.0:628750): avc:  denied  { getattr } for  name="/" dev="dmabuf" ino=1 scontext=u:r:untrusted_app:s0:c21,c257,c512,c768 tcontext=u:object_r:unlabeled:s0 tclass=filesystem permissive=0 app=com.VisiArise.visiArise
09-03 01:57:11.841 21069 20701 D MtkCam/ATMsEventMgr: [HIDL]get factor(APP_NAME), factor_value(3rd_party)
09-03 01:57:11.850 21069 20651 W MtkCbAdptor: [0-CoreConverter::convertResult] failed to setEntry, MTK_HALCORE_CALLBACK_REALTIME_MODE
09-03 01:57:11.851 21069 20754 D MtkCam/ATMsEventMgr: [HIDL]get factor(APP_NAME), factor_value(3rd_party)
09-03 01:57:11.859 21069 20753 D MtkCam/ATMsEventMgr: [HIDL]get factor(APP_NAME), factor_value(3rd_party)
09-03 01:57:11.871 21069 20753 D MtkCam/ATMsEventMgr: [HIDL]get factor(APP_NAME), factor_value(3rd_party)
09-03 01:57:11.872 21069 28333 D MtkCam/ATMsEventMgr: [HIDL]get factor(APP_NAME), factor_value(3rd_party)
09-03 01:57:11.875 20480 20495 I mali_config: @get_buffer_dataspace_setting: update dataspace from GE (0x00000000 -> 0x08020000)
09-03 01:57:11.875 21069 20701 D MtkCam/ATMsEventMgr: [HIDL]get factor(APP_NAME), factor_value(3rd_party)
09-03 01:57:11.872 20480 20480 W UnityMain: type=1400 audit(0.0:628751): avc:  denied  { getattr } for  name="/" dev="dmabuf" ino=1 scontext=u:r:untrusted_app:s0:c21,c257,c512,c768 tcontext=u:object_r:unlabeled:s0 tclass=filesystem permissive=0 app=com.VisiArise.visiArise
09-03 01:57:11.885 21069 20754 D MtkCam/ATMsEventMgr: [HIDL]get factor(APP_NAME), factor_value(3rd_party)
09-03 01:57:11.887 21069 20651 W MtkCbAdptor: [0-CoreConverter::convertResult] failed to setEntry, MTK_HALCORE_CALLBACK_REALTIME_MODE
09-03 01:57:11.893 21069 20753 D MtkCam/ATMsEventMgr: [HIDL]get factor(APP_NAME), factor_value(3rd_party)
09-03 01:57:11.905 21069 20753 D MtkCam/ATMsEventMgr: [HIDL]get factor(APP_NAME), factor_value(3rd_party)
09-03 01:57:11.905 21069 21069 D MtkCam/ATMsEventMgr: [HIDL]get factor(APP_NAME), factor_value(3rd_party)
09-03 01:57:11.910 21069 20701 D MtkCam/ATMsEventMgr: [HIDL]get factor(APP_NAME), factor_value(3rd_party)
09-03 01:57:11.911 20480 20495 I mali_config: @get_buffer_dataspace_setting: update dataspace from GE (0x00000000 -> 0x08020000)
09-03 01:57:11.918 21069 20754 D MtkCam/ATMsEventMgr: [HIDL]get factor(APP_NAME), factor_value(3rd_party)
09-03 01:57:11.920 21069 20651 W MtkCbAdptor: [0-CoreConverter::convertResult] failed to setEntry, MTK_HALCORE_CALLBACK_REALTIME_MODE
09-03 01:57:11.926 21069 20753 D MtkCam/ATMsEventMgr: [HIDL]get factor(APP_NAME), factor_value(3rd_party)
09-03 01:57:11.936 21069 21086 D MtkCam/ATMsEventMgr: [HIDL]get factor(APP_NAME), factor_value(3rd_party)
09-03 01:57:11.937 21069 20753 D MtkCam/ATMsEventMgr: [HIDL]get factor(APP_NAME), factor_value(3rd_party)
09-03 01:57:11.938 20480 20495 I mali_config: @get_buffer_dataspace_setting: update dataspace from GE (0x00000000 -> 0x08020000)
09-03 01:57:11.940 21069 20701 D MtkCam/ATMsEventMgr: [HIDL]get factor(APP_NAME), factor_value(3rd_party)
09-03 01:57:11.952 21069 20754 D MtkCam/ATMsEventMgr: [HIDL]get factor(APP_NAME), factor_value(3rd_party)
09-03 01:57:11.952 21069 20651 W MtkCbAdptor: [0-CoreConverter::convertResult] failed to setEntry, MTK_HALCORE_CALLBACK_REALTIME_MODE
09-03 01:57:11.957 20480 20582 W native  : W0000 00:00:1725308831.957754   20582 vio_fault_detector.cc:162] VIO is moving fast with speed (m/s): 0.622535 but RANSAC failed to provide valid frame to frame translation by reporting degeneracy.
09-03 01:57:11.960 21069 20753 D MtkCam/ATMsEventMgr: [HIDL]get factor(APP_NAME), factor_value(3rd_party)
09-03 01:57:11.970 21069 20753 D MtkCam/ATMsEventMgr: [HIDL]get factor(APP_NAME), factor_value(3rd_party)
09-03 01:57:11.971 21069 20701 D MtkCam/ATMsEventMgr: [HIDL]get factor(APP_NAME), factor_value(3rd_party)
09-03 01:57:11.972 21069 21069 D MtkCam/ATMsEventMgr: [HIDL]get factor(APP_NAME), factor_value(3rd_party)
09-03 01:57:11.972 20480 20495 I mali_config: @get_buffer_dataspace_setting: update dataspace from GE (0x00000000 -> 0x08020000)
09-03 01:57:11.985 21069 20754 D MtkCam/ATMsEventMgr: [HIDL]get factor(APP_NAME), factor_value(3rd_party)
09-03 01:57:11.989 21069 20651 W MtkCbAdptor: [0-CoreConverter::convertResult] failed to setEntry, MTK_HALCORE_CALLBACK_REALTIME_MODE
09-03 01:57:11.994 21069 20753 D MtkCam/ATMsEventMgr: [HIDL]get factor(APP_NAME), factor_value(3rd_party)
09-03 01:57:12.004 20480 20495 I mali_config: @get_buffer_dataspace_setting: update dataspace from GE (0x00000000 -> 0x08020000)
09-03 01:57:12.004 21069 20753 D MtkCam/ATMsEventMgr: [HIDL]get factor(APP_NAME), factor_value(3rd_party)
09-03 01:57:12.005 21069 21069 D MtkCam/ATMsEventMgr: [HIDL]get factor(APP_NAME), factor_value(3rd_party)
09-03 01:57:12.014 21069 20701 D MtkCam/ATMsEventMgr: [HIDL]get factor(APP_NAME), factor_value(3rd_party)
09-03 01:57:12.018 21069 20754 D MtkCam/ATMsEventMgr: [HIDL]get factor(APP_NAME), factor_value(3rd_party)
09-03 01:57:12.021 21069 20651 W MtkCbAdptor: [0-CoreConverter::convertResult] failed to setEntry, MTK_HALCORE_CALLBACK_REALTIME_MODE
09-03 01:57:12.027 21069 20753 D MtkCam/ATMsEventMgr: [HIDL]get factor(APP_NAME), factor_value(3rd_party)
09-03 01:57:12.036 21069 13647 D MtkCam/ATMsEventMgr: [HIDL]get factor(APP_NAME), factor_value(3rd_party)
09-03 01:57:12.037 21069 20753 D MtkCam/ATMsEventMgr: [HIDL]get factor(APP_NAME), factor_value(3rd_party)
09-03 01:57:12.039 20480 20495 I mali_config: @get_buffer_dataspace_setting: update dataspace from GE (0x00000000 -> 0x08020000)
09-03 01:57:12.046 21069 20701 D MtkCam/ATMsEventMgr: [HIDL]get factor(APP_NAME), factor_value(3rd_party)
09-03 01:57:12.052 21069 20651 W MtkCbAdptor: [0-CoreConverter::convertResult] failed to setEntry, MTK_HALCORE_CALLBACK_REALTIME_MODE
09-03 01:57:12.052 21069 20754 D MtkCam/ATMsEventMgr: [HIDL]get factor(APP_NAME), factor_value(3rd_party)
09-03 01:57:12.060 21069 20753 D MtkCam/ATMsEventMgr: [HIDL]get factor(APP_NAME), factor_value(3rd_party)
09-03 01:57:12.071 21069 21086 D MtkCam/ATMsEventMgr: [HIDL]get factor(APP_NAME), factor_value(3rd_party)
09-03 01:57:12.072 21069 20753 D MtkCam/ATMsEventMgr: [HIDL]get factor(APP_NAME), factor_value(3rd_party)
09-03 01:57:12.076 21069 20701 D MtkCam/ATMsEventMgr: [HIDL]get factor(APP_NAME), factor_value(3rd_party)
09-03 01:57:12.076 20480 20495 I mali_config: @get_buffer_dataspace_setting: update dataspace from GE (0x00000000 -> 0x08020000)
09-03 01:57:12.085 21069 20754 D MtkCam/ATMsEventMgr: [HIDL]get factor(APP_NAME), factor_value(3rd_party)
09-03 01:57:12.087 21069 20651 W MtkCbAdptor: [0-CoreConverter::convertResult] failed to setEntry, MTK_HALCORE_CALLBACK_REALTIME_MODE
09-03 01:57:12.093 21069 20753 D MtkCam/ATMsEventMgr: [HIDL]get factor(APP_NAME), factor_value(3rd_party)
09-03 01:57:12.104 21069 21069 D MtkCam/ATMsEventMgr: [HIDL]get factor(APP_NAME), factor_value(3rd_party)
09-03 01:57:12.105 21069 20753 D MtkCam/ATMsEventMgr: [HIDL]get factor(APP_NAME), factor_value(3rd_party)
09-03 01:57:12.109 20480 20495 I mali_config: @get_buffer_dataspace_setting: update dataspace from GE (0x00000000 -> 0x08020000)
09-03 01:57:12.116 21069 20701 D MtkCam/ATMsEventMgr: [HIDL]get factor(APP_NAME), factor_value(3rd_party)
09-03 01:57:12.118 21069 20754 D MtkCam/ATMsEventMgr: [HIDL]get factor(APP_NAME), factor_value(3rd_party)
09-03 01:57:12.122 21069 20651 W MtkCbAdptor: [0-CoreConverter::convertResult] failed to setEntry, MTK_HALCORE_CALLBACK_REALTIME_MODE
09-03 01:57:12.127 21069 20753 D MtkCam/ATMsEventMgr: [HIDL]get factor(APP_NAME), factor_value(3rd_party)
09-03 01:57:12.131  1348  1440 I hwcomposer: [HWCDisplay] [Display_0 (type:1)] fps:30.102510,dur:1029.81,max:34.54,min:31.91  
09-03 01:57:12.137 21069 20753 D MtkCam/ATMsEventMgr: [HIDL]get factor(APP_NAME), factor_value(3rd_party)
09-03 01:57:12.139 21069 21086 D MtkCam/ATMsEventMgr: [HIDL]get factor(APP_NAME), factor_value(3rd_party)
09-03 01:57:12.146 20480 20495 I mali_config: @get_buffer_dataspace_setting: update dataspace from GE (0x00000000 -> 0x08020000)
09-03 01:57:12.146 21069 20701 D MtkCam/ATMsEventMgr: [HIDL]get factor(APP_NAME), factor_value(3rd_party)
09-03 01:57:12.152 21069 20754 D MtkCam/ATMsEventMgr: [HIDL]get factor(APP_NAME), factor_value(3rd_party)
09-03 01:57:12.153 21069 20651 W MtkCbAdptor: [0-CoreConverter::convertResult] failed to setEntry, MTK_HALCORE_CALLBACK_REALTIME_MODE
09-03 01:57:12.160 21069 20753 D MtkCam/ATMsEventMgr: [HIDL]get factor(APP_NAME), factor_value(3rd_party)
09-03 01:57:12.168 21069 20753 D MtkCam/ATMsEventMgr: [HIDL]get factor(APP_NAME), factor_value(3rd_party)
09-03 01:57:12.171 21069 21069 D MtkCam/ATMsEventMgr: [HIDL]get factor(APP_NAME), factor_value(3rd_party)
09-03 01:57:12.174 21069 20701 D MtkCam/ATMsEventMgr: [HIDL]get factor(APP_NAME), factor_value(3rd_party)
09-03 01:57:12.175 20480 20495 I mali_config: @get_buffer_dataspace_setting: update dataspace from GE (0x00000000 -> 0x08020000)
09-03 01:57:12.185 21069 20651 W MtkCbAdptor: [0-CoreConverter::convertResult] failed to setEntry, MTK_HALCORE_CALLBACK_REALTIME_MODE
09-03 01:57:12.185 21069 20754 D MtkCam/ATMsEventMgr: [HIDL]get factor(APP_NAME), factor_value(3rd_party)
09-03 01:57:12.188  1470  1854 I RefreshRateSelector: getRankedFrameRatesLocked: pkgName=com.VisiArise.visiArise, count=0, vecHeuristicName.size()=0
09-03 01:57:12.189  1404  1455 I libPowerHal: [perfLockAcq] idx:0 hdl:357057 hint:25 pid:1404 duration:10000 lock_user:mtkpower@1.0-se => ret_hdl:357057
09-03 01:57:12.189  1404  1455 I libPowerHal: [PE] MTKPOWER_HINT_APP_TOUCH update cmd:3408b00 param:1
09-03 01:57:12.190  1404  1455 I libPowerHal: [perfLockAcq] idx:4 hdl:357058 hint:47 pid:1404 duration:380 lock_user:mtkpower@1.0-se => ret_hdl:357058
09-03 01:57:12.190  1404  1455 I libPowerHal: [setGPUFreq] MTKPOWER_HINT_INTERACTION_LOW user set gpu freq min:3, max:-1
09-03 01:57:12.190  1404  1455 I libPowerHal: MTKPOWER_HINT_INTERACTION_LOW: set gpu opp level: 3
09-03 01:57:12.190  1404  1455 I libPowerHal: MTKPOWER_HINT_INTERACTION_LOW: set gpu opp level max: 0
09-03 01:57:12.190  1404  1455 I libPowerHal: [setGPUFreq] Soft min/max = (3, 0); Hard min/max = (22, 0)
09-03 01:57:12.190  1404  1455 I libPowerHal: [setGPUFreq] final min/max = (3, 0)
09-03 01:57:12.190  1404  1455 I libPowerHal: MTKPOWER_HINT_INTERACTION_LOW: set gpu opp level: 3
09-03 01:57:12.190  1404  1455 I libPowerHal: MTKPOWER_HINT_INTERACTION_LOW: set gpu opp level max: 0
09-03 01:57:12.190  1404  1455 I libPowerHal: [setClusterHardFreq] MTKPOWER_HINT_INTERACTION_LOW: hard userlimit set cpu freq: 1500000 -1 1550000 -1
09-03 01:57:12.191  1404  1455 I libPowerHal: [setClusterFreq] MTKPOWER_HINT_INTERACTION_LOW: sysfs_freq set cpu freq: 1500000 -1 1550000 -1 
09-03 01:57:12.192  1404  1455 I libPowerHal: [PE] MTKPOWER_HINT_INTERACTION_LOW update cmd:1408300, param:10
09-03 01:57:12.192  1404  1455 I libPowerHal: set_data_partition_boost: value:1, scn:0xb400007824e48da0
09-03 01:57:12.192  1404  1455 I libPowerHal: set_f2fs_current_flush_merge:1
09-03 01:57:12.192  1404  1455 I libPowerHal: [PE] MTKPOWER_HINT_INTERACTION_LOW update cmd:2c14000 param:1
09-03 01:57:12.192  1404  1455 I libPowerHal: [PE] MTKPOWER_HINT_INTERACTION_LOW update cmd:1000000 param:3
09-03 01:57:12.193 21069 20753 D MtkCam/ATMsEventMgr: [HIDL]get factor(APP_NAME), factor_value(3rd_party)
09-03 01:57:12.197  1404  1455 I libPowerHal: [perfLockRel] hdl:357057, idx:0
09-03 01:57:12.197  1404  1455 I libPowerHal: [PD] MTKPOWER_HINT_APP_TOUCH update cmd:3408b00 param:0
09-03 01:57:12.201 21069 20753 D MtkCam/ATMsEventMgr: [HIDL]get factor(APP_NAME), factor_value(3rd_party)
09-03 01:57:12.204 21069 20701 D MtkCam/ATMsEventMgr: [HIDL]get factor(APP_NAME), factor_value(3rd_party)
09-03 01:57:12.205 20480 20495 I mali_config: @get_buffer_dataspace_setting: update dataspace from GE (0x00000000 -> 0x08020000)
09-03 01:57:12.205 21069 21086 D MtkCam/ATMsEventMgr: [HIDL]get factor(APP_NAME), factor_value(3rd_party)
09-03 01:57:12.219 21069 20651 W MtkCbAdptor: [0-CoreConverter::convertResult] failed to setEntry, MTK_HALCORE_CALLBACK_REALTIME_MODE
09-03 01:57:12.219 21069 20754 D MtkCam/ATMsEventMgr: [HIDL]get factor(APP_NAME), factor_value(3rd_party)
09-03 01:57:12.221  1715  1715 W HidlServiceManagement: Waited for hwservicemanager.ready for a second, waiting another...
09-03 01:57:12.222  1715  1715 W libc    : Access denied finding property "hwservicemanager.ready"
09-03 01:57:12.222  1715  1715 W libc    : Access denied finding property "hwservicemanager.ready"
09-03 01:57:12.227 21069 20753 D MtkCam/ATMsEventMgr: [HIDL]get factor(APP_NAME), factor_value(3rd_party)
09-03 01:57:12.234 21069 20701 D MtkCam/ATMsEventMgr: [HIDL]get factor(APP_NAME), factor_value(3rd_party)
09-03 01:57:12.236 21069 20753 D MtkCam/ATMsEventMgr: [HIDL]get factor(APP_NAME), factor_value(3rd_party)
09-03 01:57:12.239 21069 21069 D MtkCam/ATMsEventMgr: [HIDL]get factor(APP_NAME), factor_value(3rd_party)
09-03 01:57:12.241 20480 20495 I mali_config: @get_buffer_dataspace_setting: update dataspace from GE (0x00000000 -> 0x08020000)
09-03 01:57:12.243  1404  1434 I libPerfCtl: xgfGetFPS pid:20480 fps:29
09-03 01:57:12.252 21069 20754 D MtkCam/ATMsEventMgr: [HIDL]get factor(APP_NAME), factor_value(3rd_party)
09-03 01:57:12.253 21069 20651 W MtkCbAdptor: [0-CoreConverter::convertResult] failed to setEntry, MTK_HALCORE_CALLBACK_REALTIME_MODE
09-03 01:57:12.261 21069 20753 D MtkCam/ATMsEventMgr: [HIDL]get factor(APP_NAME), factor_value(3rd_party)
09-03 01:57:12.266 21069 20701 D MtkCam/ATMsEventMgr: [HIDL]get factor(APP_NAME), factor_value(3rd_party)
09-03 01:57:12.269 21069 20753 D MtkCam/ATMsEventMgr: [HIDL]get factor(APP_NAME), factor_value(3rd_party)
09-03 01:57:12.273 21069 13647 D MtkCam/ATMsEventMgr: [HIDL]get factor(APP_NAME), factor_value(3rd_party)
09-03 01:57:12.273 20480 20495 I mali_config: @get_buffer_dataspace_setting: update dataspace from GE (0x00000000 -> 0x08020000)
09-03 01:57:12.286 21069 20754 D MtkCam/ATMsEventMgr: [HIDL]get factor(APP_NAME), factor_value(3rd_party)
09-03 01:57:12.288 21069 20651 W MtkCbAdptor: [0-CoreConverter::convertResult] failed to setEntry, MTK_HALCORE_CALLBACK_REALTIME_MODE
09-03 01:57:12.294 21069 20753 D MtkCam/ATMsEventMgr: [HIDL]get factor(APP_NAME), factor_value(3rd_party)
09-03 01:57:12.303 21069 20753 D MtkCam/ATMsEventMgr: [HIDL]get factor(APP_NAME), factor_value(3rd_party)
09-03 01:57:12.305 21069 21086 D MtkCam/ATMsEventMgr: [HIDL]get factor(APP_NAME), factor_value(3rd_party)
09-03 01:57:12.309 20480 20495 I mali_config: @get_buffer_dataspace_setting: update dataspace from GE (0x00000000 -> 0x08020000)
09-03 01:57:12.309 21069 20701 D MtkCam/ATMsEventMgr: [HIDL]get factor(APP_NAME), factor_value(3rd_party)
09-03 01:57:12.319 21069 20754 D MtkCam/ATMsEventMgr: [HIDL]get factor(APP_NAME), factor_value(3rd_party)
09-03 01:57:12.320 21069 20651 W MtkCbAdptor: [0-CoreConverter::convertResult] failed to setEntry, MTK_HALCORE_CALLBACK_REALTIME_MODE
09-03 01:57:12.325 20480 20582 W native  : W0000 00:00:1725308832.325820   20582 vio_fault_detector.cc:494] Fault: VIO has consecutive bad visual update, for 1.504243s sec. The maximum allowable time duration is 1.5s. Current velocity 0.0371757
09-03 01:57:12.325 20480 20582 W native  : Pose set to invalid state!
09-03 01:57:12.325 20480 20582 W native  : W0000 00:00:1725308832.325942   20582 vio_estimator.cc:1557] VIO is at fault conditions, wait for reset. Current timestamp in ns = 352178511219000
09-03 01:57:12.325 20480 20582 W native  : W0000 00:00:1725308832.325963   20582 vio_estimator.cc:1069] Resetting VIO at timestamp = 352178511219000 ns.
09-03 01:57:12.327 21069 20753 D MtkCam/ATMsEventMgr: [HIDL]get factor(APP_NAME), factor_value(3rd_party)
09-03 01:57:12.336 21069 20753 D MtkCam/ATMsEventMgr: [HIDL]get factor(APP_NAME), factor_value(3rd_party)
09-03 01:57:12.338 21069 20701 D MtkCam/ATMsEventMgr: [HIDL]get factor(APP_NAME), factor_value(3rd_party)
09-03 01:57:12.339 21069 13647 D MtkCam/ATMsEventMgr: [HIDL]get factor(APP_NAME), factor_value(3rd_party)
09-03 01:57:12.340 20480 20495 I mali_config: @get_buffer_dataspace_setting: update dataspace from GE (0x00000000 -> 0x08020000)
09-03 01:57:12.352 21069 20651 W MtkCbAdptor: [0-CoreConverter::convertResult] failed to setEntry, MTK_HALCORE_CALLBACK_REALTIME_MODE
09-03 01:57:12.352 21069 20754 D MtkCam/ATMsEventMgr: [HIDL]get factor(APP_NAME), factor_value(3rd_party)
09-03 01:57:12.356 20480 20573 W native  : W0000 00:00:1725308832.356468   20573 imu_toolbox.h:245] Scale factor is invalid in InvertImuScaleMatrix: 0 0 0
09-03 01:57:12.356 20480 20573 W native  : 0 0 0
09-03 01:57:12.356 20480 20573 W native  : 0 0 0. Setting imu_scale_matrix to Identity.
09-03 01:57:12.356 20480 20573 W native  : W0000 00:00:1725308832.356867   20573 imu_toolbox.h:245] Scale factor is invalid in InvertImuScaleMatrix: 0 0 0
09-03 01:57:12.356 20480 20573 W native  : 0 0 0
09-03 01:57:12.356 20480 20573 W native  : 0 0 0. Setting imu_scale_matrix to Identity.
09-03 01:57:12.360 21069 20753 D MtkCam/ATMsEventMgr: [HIDL]get factor(APP_NAME), factor_value(3rd_party)
09-03 01:57:12.367 20480 20572 W native  : W0000 00:00:1725308832.367403   20572 imu_toolbox.h:245] Scale factor is invalid in InvertImuScaleMatrix: 0 0 0
09-03 01:57:12.367 20480 20572 W native  : 0 0 0
09-03 01:57:12.367 20480 20572 W native  : 0 0 0. Setting imu_scale_matrix to Identity.
09-03 01:57:12.367 21069 20701 D MtkCam/ATMsEventMgr: [HIDL]get factor(APP_NAME), factor_value(3rd_party)
09-03 01:57:12.367 20480 20572 W native  : W0000 00:00:1725308832.367821   20572 imu_toolbox.h:245] Scale factor is invalid in InvertImuScaleMatrix: 0 0 0
09-03 01:57:12.367 20480 20572 W native  : 0 0 0
09-03 01:57:12.367 20480 20572 W native  : 0 0 0. Setting imu_scale_matrix to Identity.
09-03 01:57:12.369 21069 20753 D MtkCam/ATMsEventMgr: [HIDL]get factor(APP_NAME), factor_value(3rd_party)
09-03 01:57:12.372 21069 21069 D MtkCam/ATMsEventMgr: [HIDL]get factor(APP_NAME), factor_value(3rd_party)
09-03 01:57:12.372 20480 20495 I mali_config: @get_buffer_dataspace_setting: update dataspace from GE (0x00000000 -> 0x08020000)
09-03 01:57:12.372 21097 21139 I bt_shim_scanner: handle_remote_properties: handle_remote_properties Update device_type=0x3 addr_type=0x1
09-03 01:57:12.386 21069 20754 D MtkCam/ATMsEventMgr: [HIDL]get factor(APP_NAME), factor_value(3rd_party)
09-03 01:57:12.386 21069 20651 W MtkCbAdptor: [0-CoreConverter::convertResult] failed to setEntry, MTK_HALCORE_CALLBACK_REALTIME_MODE
09-03 01:57:12.394 21069 20753 D MtkCam/ATMsEventMgr: [HIDL]get factor(APP_NAME), factor_value(3rd_party)
09-03 01:57:12.400 20480 20575 W native  : W0000 00:00:1725308832.400250   20575 imu_toolbox.h:245] Scale factor is invalid in InvertImuScaleMatrix: 0 0 0
09-03 01:57:12.400 20480 20575 W native  : 0 0 0
09-03 01:57:12.400 20480 20575 W native  : 0 0 0. Setting imu_scale_matrix to Identity.
09-03 01:57:12.400 20480 20575 W native  : W0000 00:00:1725308832.400743   20575 imu_toolbox.h:245] Scale factor is invalid in InvertImuScaleMatrix: 0 0 0
09-03 01:57:12.400 20480 20575 W native  : 0 0 0
09-03 01:57:12.400 20480 20575 W native  : 0 0 0. Setting imu_scale_matrix to Identity.
09-03 01:57:12.404 21069 20753 D MtkCam/ATMsEventMgr: [HIDL]get factor(APP_NAME), factor_value(3rd_party)
09-03 01:57:12.406 21069 21069 D MtkCam/ATMsEventMgr: [HIDL]get factor(APP_NAME), factor_value(3rd_party)
09-03 01:57:12.415 21069 20701 D MtkCam/ATMsEventMgr: [HIDL]get factor(APP_NAME), factor_value(3rd_party)
09-03 01:57:12.415 20480 20574 W native  : W0000 00:00:1725308832.415119   20574 imu_toolbox.h:245] Scale factor is invalid in InvertImuScaleMatrix: 0 0 0
09-03 01:57:12.415 20480 20574 W native  : 0 0 0
09-03 01:57:12.415 20480 20574 W native  : 0 0 0. Setting imu_scale_matrix to Identity.
09-03 01:57:12.415 20480 20574 W native  : W0000 00:00:1725308832.415351   20574 imu_toolbox.h:245] Scale factor is invalid in InvertImuScaleMatrix: 0 0 0
09-03 01:57:12.415 20480 20574 W native  : 0 0 0
09-03 01:57:12.415 20480 20574 W native  : 0 0 0. Setting imu_scale_matrix to Identity.
09-03 01:57:12.416 20480 20495 I mali_config: @get_buffer_dataspace_setting: update dataspace from GE (0x00000000 -> 0x08020000)
09-03 01:57:12.419 20480 20582 E native  : E0000 00:00:1725308832.419081   20582 vio_initializer.cc:821] INTERNAL: [SSBA Initialization] Failed: Image has too few landmarks. [Required: 9, Actual: 0].; 
09-03 01:57:12.419 20480 20582 E native  :  Initializer's SSBA failed to produce a valid output.
09-03 01:57:12.419 20480 20582 E native  : === Source Location Trace: ===
09-03 01:57:12.419 20480 20582 E native  : third_party/redwood/perception/odometry/visual_inertial_initialization/bundle_adjustment_initializer.cc:323
09-03 01:57:12.419 21069 20754 D MtkCam/ATMsEventMgr: [HIDL]get factor(APP_NAME), factor_value(3rd_party)
09-03 01:57:12.421 21069 20651 W MtkCbAdptor: [0-CoreConverter::convertResult] failed to setEntry, MTK_HALCORE_CALLBACK_REALTIME_MODE
09-03 01:57:12.428 21069 20753 D MtkCam/ATMsEventMgr: [HIDL]get factor(APP_NAME), factor_value(3rd_party)
09-03 01:57:12.437 21069 20753 D MtkCam/ATMsEventMgr: [HIDL]get factor(APP_NAME), factor_value(3rd_party)
09-03 01:57:12.438 20480 20572 W native  : W0000 00:00:1725308832.437980   20572 imu_toolbox.h:245] Scale factor is invalid in InvertImuScaleMatrix: 0 0 0
09-03 01:57:12.438 20480 20572 W native  : 0 0 0
09-03 01:57:12.438 20480 20572 W native  : 0 0 0. Setting imu_scale_matrix to Identity.
09-03 01:57:12.438 20480 20572 W native  : W0000 00:00:1725308832.438294   20572 imu_toolbox.h:245] Scale factor is invalid in InvertImuScaleMatrix: 0 0 0
09-03 01:57:12.438 20480 20572 W native  : 0 0 0
09-03 01:57:12.438 20480 20572 W native  : 0 0 0. Setting imu_scale_matrix to Identity.
09-03 01:57:12.439 21069 13647 D MtkCam/ATMsEventMgr: [HIDL]get factor(APP_NAME), factor_value(3rd_party)
09-03 01:57:12.440 20480 20495 I mali_config: @get_buffer_dataspace_setting: update dataspace from GE (0x00000000 -> 0x08020000)
09-03 01:57:12.445 21069 20701 D MtkCam/ATMsEventMgr: [HIDL]get factor(APP_NAME), factor_value(3rd_party)
09-03 01:57:12.453 21069 20754 D MtkCam/ATMsEventMgr: [HIDL]get factor(APP_NAME), factor_value(3rd_party)
09-03 01:57:12.453 21069 20651 W MtkCbAdptor: [0-CoreConverter::convertResult] failed to setEntry, MTK_HALCORE_CALLBACK_REALTIME_MODE
09-03 01:57:12.461 21069 20753 D MtkCam/ATMsEventMgr: [HIDL]get factor(APP_NAME), factor_value(3rd_party)
09-03 01:57:12.468 20480 20575 W native  : W0000 00:00:1725308832.467982   20575 imu_toolbox.h:245] Scale factor is invalid in InvertImuScaleMatrix: 0 0 0
09-03 01:57:12.468 20480 20575 W native  : 0 0 0
09-03 01:57:12.468 20480 20575 W native  : 0 0 0. Setting imu_scale_matrix to Identity.
09-03 01:57:12.468 20480 20575 W native  : W0000 00:00:1725308832.468333   20575 imu_toolbox.h:245] Scale factor is invalid in InvertImuScaleMatrix: 0 0 0
09-03 01:57:12.468 20480 20575 W native  : 0 0 0
09-03 01:57:12.468 20480 20575 W native  : 0 0 0. Setting imu_scale_matrix to Identity.
09-03 01:57:12.469 21069 20753 D MtkCam/ATMsEventMgr: [HIDL]get factor(APP_NAME), factor_value(3rd_party)
09-03 01:57:12.472 20480 20495 I mali_config: @get_buffer_dataspace_setting: update dataspace from GE (0x00000000 -> 0x08020000)
09-03 01:57:12.472 21069 21086 D MtkCam/ATMsEventMgr: [HIDL]get factor(APP_NAME), factor_value(3rd_party)
09-03 01:57:12.474 21097 21139 I bt_shim_scanner: handle_remote_properties: handle_remote_properties Update device_type=0x3 addr_type=0x1
09-03 01:57:12.475 21069 20701 D MtkCam/ATMsEventMgr: [HIDL]get factor(APP_NAME), factor_value(3rd_party)
09-03 01:57:12.486 21069 20651 W MtkCbAdptor: [0-CoreConverter::convertResult] failed to setEntry, MTK_HALCORE_CALLBACK_REALTIME_MODE
09-03 01:57:12.486 21069 20754 D MtkCam/ATMsEventMgr: [HIDL]get factor(APP_NAME), factor_value(3rd_party)
09-03 01:57:12.487  2022  2046 E ApplicationHelper: Fail to get PackageManager
09-03 01:57:12.494 21069 20753 D MtkCam/ATMsEventMgr: [HIDL]get factor(APP_NAME), factor_value(3rd_party)
09-03 01:57:12.498 20480 20574 W native  : W0000 00:00:1725308832.498490   20574 imu_toolbox.h:245] Scale factor is invalid in InvertImuScaleMatrix: 0 0 0
09-03 01:57:12.498 20480 20574 W native  : 0 0 0
09-03 01:57:12.498 20480 20574 W native  : 0 0 0. Setting imu_scale_matrix to Identity.
09-03 01:57:12.498 20480 20574 W native  : W0000 00:00:1725308832.498611   20574 imu_toolbox.h:245] Scale factor is invalid in InvertImuScaleMatrix: 0 0 0
09-03 01:57:12.498 20480 20574 W native  : 0 0 0
09-03 01:57:12.498 20480 20574 W native  : 0 0 0. Setting imu_scale_matrix to Identity.
09-03 01:57:12.502 21069 20753 D MtkCam/ATMsEventMgr: [HIDL]get factor(APP_NAME), factor_value(3rd_party)
09-03 01:57:12.503 20480 20495 I mali_config: @get_buffer_dataspace_setting: update dataspace from GE (0x00000000 -> 0x08020000)
09-03 01:57:12.506 21069 21086 D MtkCam/ATMsEventMgr: [HIDL]get factor(APP_NAME), factor_value(3rd_party)
09-03 01:57:12.512 21069 20701 D MtkCam/ATMsEventMgr: [HIDL]get factor(APP_NAME), factor_value(3rd_party)
09-03 01:57:12.512 20480 20573 W native  : W0000 00:00:1725308832.512755   20573 imu_toolbox.h:245] Scale factor is invalid in InvertImuScaleMatrix: 0 0 0
09-03 01:57:12.512 20480 20573 W native  : 0 0 0
09-03 01:57:12.512 20480 20573 W native  : 0 0 0. Setting imu_scale_matrix to Identity.
09-03 01:57:12.512  2022  2046 E ApplicationHelper: Fail to get PackageManager
09-03 01:57:12.512 20480 20573 W native  : W0000 00:00:1725308832.512851   20573 imu_toolbox.h:245] Scale factor is invalid in InvertImuScaleMatrix: 0 0 0
09-03 01:57:12.512 20480 20573 W native  : 0 0 0
09-03 01:57:12.512 20480 20573 W native  : 0 0 0. Setting imu_scale_matrix to Identity.
09-03 01:57:12.514  1474  1496 D ccci_mdinit: (1):monitor_time_update_thread round:9474 ########
09-03 01:57:12.519 21069 20651 W MtkCbAdptor: [0-CoreConverter::convertResult] failed to setEntry, MTK_HALCORE_CALLBACK_REALTIME_MODE
09-03 01:57:12.519 21069 20754 D MtkCam/ATMsEventMgr: [HIDL]get factor(APP_NAME), factor_value(3rd_party)
09-03 01:57:12.523 21097 21139 I bt_shim_scanner: handle_remote_properties: handle_remote_properties Update device_type=0x3 addr_type=0x1
09-03 01:57:12.527 21069 20753 D MtkCam/ATMsEventMgr: [HIDL]get factor(APP_NAME), factor_value(3rd_party)
09-03 01:57:12.536 21069 20753 D MtkCam/ATMsEventMgr: [HIDL]get factor(APP_NAME), factor_value(3rd_party)
09-03 01:57:12.537 20480 20572 W native  : W0000 00:00:1725308832.537788   20572 imu_toolbox.h:245] Scale factor is invalid in InvertImuScaleMatrix: 0 0 0
09-03 01:57:12.537 20480 20572 W native  : 0 0 0
09-03 01:57:12.537 20480 20572 W native  : 0 0 0. Setting imu_scale_matrix to Identity.
09-03 01:57:12.538 20480 20572 W native  : W0000 00:00:1725308832.538027   20572 imu_toolbox.h:245] Scale factor is invalid in InvertImuScaleMatrix: 0 0 0
09-03 01:57:12.538 20480 20572 W native  : 0 0 0
09-03 01:57:12.538 20480 20572 W native  : 0 0 0. Setting imu_scale_matrix to Identity.
09-03 01:57:12.539 21069 28333 D MtkCam/ATMsEventMgr: [HIDL]get factor(APP_NAME), factor_value(3rd_party)
09-03 01:57:12.541 20480 20582 E native  : E0000 00:00:1725308832.541940   20582 vio_initializer.cc:821] INTERNAL: [SSBA Initialization] Failed: Image has too few landmarks. [Required: 9, Actual: 1].; 
09-03 01:57:12.541 20480 20582 E native  :  Initializer's SSBA failed to produce a valid output.
09-03 01:57:12.541 20480 20582 E native  : === Source Location Trace: ===
09-03 01:57:12.541 20480 20582 E native  : third_party/redwood/perception/odometry/visual_inertial_initialization/bundle_adjustment_initializer.cc:323
09-03 01:57:12.542 20480 20495 I mali_config: @get_buffer_dataspace_setting: update dataspace from GE (0x00000000 -> 0x08020000)
09-03 01:57:12.542 21069 20701 D MtkCam/ATMsEventMgr: [HIDL]get factor(APP_NAME), factor_value(3rd_party)
09-03 01:57:12.551 21069 20651 W MtkCbAdptor: [0-CoreConverter::convertResult] failed to setEntry, MTK_HALCORE_CALLBACK_REALTIME_MODE
09-03 01:57:12.554 21069 20754 D MtkCam/ATMsEventMgr: [HIDL]get factor(APP_NAME), factor_value(3rd_party)
09-03 01:57:12.561 21069 20753 D MtkCam/ATMsEventMgr: [HIDL]get factor(APP_NAME), factor_value(3rd_party)
09-03 01:57:12.567 20480 20574 W native  : W0000 00:00:1725308832.567377   20574 imu_toolbox.h:245] Scale factor is invalid in InvertImuScaleMatrix: 0 0 0
09-03 01:57:12.567 20480 20574 W native  : 0 0 0
09-03 01:57:12.567 20480 20574 W native  : 0 0 0. Setting imu_scale_matrix to Identity.
09-03 01:57:12.567 20480 20574 W native  : W0000 00:00:1725308832.567807   20574 imu_toolbox.h:245] Scale factor is invalid in InvertImuScaleMatrix: 0 0 0
09-03 01:57:12.567 20480 20574 W native  : 0 0 0
09-03 01:57:12.567 20480 20574 W native  : 0 0 0. Setting imu_scale_matrix to Identity.
09-03 01:57:12.570 21069 20753 D MtkCam/ATMsEventMgr: [HIDL]get factor(APP_NAME), factor_value(3rd_party)
09-03 01:57:12.573 21069 13647 D MtkCam/ATMsEventMgr: [HIDL]get factor(APP_NAME), factor_value(3rd_party)
09-03 01:57:12.573 21069 20701 D MtkCam/ATMsEventMgr: [HIDL]get factor(APP_NAME), factor_value(3rd_party)
09-03 01:57:12.573  1404  1455 I mtkpower@impl: [powerd_req] TIMER_MSG_PERF_LOCK_TIMEOUT hdl:357058
09-03 01:57:12.574  1404  1455 I libPowerHal: [perfLockRel] hdl:357058, idx:4
09-03 01:57:12.574  1404  1455 I libPowerHal: [setClusterHardFreq] MTKPOWER_HINT_INTERACTION_LOW: hard userlimit set cpu freq: -1 -1 -1 -1
09-03 01:57:12.574 20480 20495 I mali_config: @get_buffer_dataspace_setting: update dataspace from GE (0x00000000 -> 0x08020000)
09-03 01:57:12.574  1404  1455 I libPowerHal: [setClusterFreq] MTKPOWER_HINT_INTERACTION_LOW: sysfs_freq set cpu freq: 1000000 -1 1050000 -1 
09-03 01:57:12.574  1404  1455 I libPowerHal: [unsetGPUFreq] current min:3, max:0; scn_gpu_min:3, scn_gpu_max:-1; scn_gpu_min(HL):-1, scn_gpu_max(HL):-1
09-03 01:57:12.574  1404  1455 I libPowerHal: MTKPOWER_HINT_INTERACTION_LOW: set gpu opp level: 22
09-03 01:57:12.574  1404  1455 I libPowerHal: MTKPOWER_HINT_INTERACTION_LOW: set gpu opp level max: 0
09-03 01:57:12.574  1404  1455 I libPowerHal: [setGPUFreq] Soft min/max = (22, 0); Hard min/max = (22, 0)
09-03 01:57:12.574  1404  1455 I libPowerHal: [setGPUFreq] final min/max = (22, 0)
09-03 01:57:12.574  1404  1455 I libPowerHal: MTKPOWER_HINT_INTERACTION_LOW: set gpu opp level: 22
09-03 01:57:12.574  1404  1455 I libPowerHal: MTKPOWER_HINT_INTERACTION_LOW: set gpu opp level max: 0
09-03 01:57:12.574  1404  1455 I libPowerHal: [PD] MTKPOWER_HINT_INTERACTION_LOW update cmd:1408300 param:0
09-03 01:57:12.575  1404  1455 I libPowerHal: set_data_partition_boost: value:0, scn:0xb400007824e48da0
09-03 01:57:12.576  1404  1455 I libPowerHal: set_f2fs_current_flush_merge:0
09-03 01:57:12.576  1404  1455 I libPowerHal: [PD] MTKPOWER_HINT_INTERACTION_LOW update cmd:2c14000 param:0
09-03 01:57:12.576  1404  1455 I libPowerHal: [PD] MTKPOWER_HINT_INTERACTION_LOW update cmd:1000000 param:-1
09-03 01:57:12.587 21069 20754 D MtkCam/ATMsEventMgr: [HIDL]get factor(APP_NAME), factor_value(3rd_party)
09-03 01:57:12.587 21069 20651 W MtkCbAdptor: [0-CoreConverter::convertResult] failed to setEntry, MTK_HALCORE_CALLBACK_REALTIME_MODE
09-03 01:57:12.595 21069 20753 D MtkCam/ATMsEventMgr: [HIDL]get factor(APP_NAME), factor_value(3rd_party)
09-03 01:57:12.602 20480 20573 W native  : W0000 00:00:1725308832.602426   20573 imu_toolbox.h:245] Scale factor is invalid in InvertImuScaleMatrix: 0 0 0
09-03 01:57:12.602 20480 20573 W native  : 0 0 0
09-03 01:57:12.602 20480 20573 W native  : 0 0 0. Setting imu_scale_matrix to Identity.
09-03 01:57:12.602 20480 20573 W native  : W0000 00:00:1725308832.602551   20573 imu_toolbox.h:245] Scale factor is invalid in InvertImuScaleMatrix: 0 0 0
09-03 01:57:12.602 20480 20573 W native  : 0 0 0
09-03 01:57:12.602 20480 20573 W native  : 0 0 0. Setting imu_scale_matrix to Identity.
09-03 01:57:12.605 21069 20753 D MtkCam/ATMsEventMgr: [HIDL]get factor(APP_NAME), factor_value(3rd_party)
09-03 01:57:12.607 21069 21069 D MtkCam/ATMsEventMgr: [HIDL]get factor(APP_NAME), factor_value(3rd_party)
09-03 01:57:12.608 20480 20495 I mali_config: @get_buffer_dataspace_setting: update dataspace from GE (0x00000000 -> 0x08020000)
09-03 01:57:12.614 20480 20572 W native  : W0000 00:00:1725308832.613989   20572 imu_toolbox.h:245] Scale factor is invalid in InvertImuScaleMatrix: 0 0 0
09-03 01:57:12.61