09-03 01:56:33.498  2022  2712 D CompatibilityChangeReporter: Compat change id reported: 161145287; UID 10114; state: ENABLED
09-03 01:56:33.501  2022  4241 I ActivityManager: Flag disabled. Ignoring finishAttachApplication from uid: 10114. pid: 20437
09-03 01:56:33.503  2022  2046 E ApplicationHelper: Fail to get PackageManager
09-03 01:56:33.503  2022  2046 E ApplicationHelper: Fail to get PackageManager
09-03 01:56:33.503  2022  2046 E ApplicationHelper: Fail to get PackageManager
09-03 01:56:33.503  2022  2046 E ApplicationHelper: Fail to get PackageManager
09-03 01:56:33.506  2022  2046 E ApplicationHelper: Fail to get PackageManager
09-03 01:56:33.522  2022  2702 D CompatibilityChangeReporter: Compat change id reported: 143231523; UID 10114; state: DISABLED
09-03 01:56:33.662  2640  2683 V ShellRecents: RecentsTransitionHandler.startRecentsTransition
09-03 01:56:33.663  2640  2683 V WindowManagerShell: Directly starting a new transition type=3 wct=WindowContainerTransaction { changes = {} hops = [{PendingIntent: options=Bundle[mParcelledData.dataSize=332]}] errorCallbackToken=null taskFragmentOrganizer=null } handler=com.android.wm.shell.recents.RecentsTransitionHandler@661b040
09-03 01:56:33.664  2022  2702 D PowerManagerService: nativeSetPowerMode ret:true mode:5 enabled:true duration ms: 0
09-03 01:56:33.667  2022  2046 E ApplicationHelper: Fail to get PackageManager
09-03 01:56:33.671  2022  2046 E ApplicationHelper: Fail to get PackageManager
09-03 01:56:33.672  2640  2683 V ShellRecents: [199649711] RecentsController.setTransition: id=android.os.BinderProxy@1a881bc
09-03 01:56:33.673  2022  2046 E ApplicationHelper: Fail to get PackageManager
09-03 01:56:33.674  2022  2046 E MBrainLocalService: MBrainJava launch failed: SecurityException
09-03 01:56:33.674  2022  2046 D MBrainLocalService: isVendorFreezeConditionPass is false
09-03 01:56:33.674  2022  2046 E MBrainLocalService: notifyAppSwitch failed
09-03 01:56:33.680  2022  2046 E ApplicationHelper: Fail to get PackageManager
09-03 01:56:33.689  2938  2938 D VRI[CustomizationPanelLauncher]: update {(0,0)(fillxfill) sim={adjust=nothing forwardNavigation} layoutInDisplayCutoutMode=always ty=BASE_APPLICATION fmt=TRANSPARENT wanim=0x10302f2
09-03 01:56:33.689  2938  2938 D VRI[CustomizationPanelLauncher]:   fl=BLUR_BEHIND LAYOUT_IN_SCREEN LAYOUT_INSET_DECOR SHOW_WALLPAPER SPLIT_TOUCH HARDWARE_ACCELERATED DRAWS_SYSTEM_BAR_BACKGROUNDS
09-03 01:56:33.689  2938  2938 D VRI[CustomizationPanelLauncher]:   pfl=NO_MOVE_ANIMATION OPTIMIZE_MEASURE FORCE_DRAW_STATUS_BAR_BACKGROUND USE_BLAST FIT_INSETS_CONTROLLED
09-03 01:56:33.689  2938  2938 D VRI[CustomizationPanelLauncher]:   vsysui=LAYOUT_STABLE LAYOUT_HIDE_NAVIGATION LAYOUT_FULLSCREEN
09-03 01:56:33.689  2938  2938 D VRI[CustomizationPanelLauncher]:   bhv=DEFAULT
09-03 01:56:33.689  2938  2938 D VRI[CustomizationPanelLauncher]:   fitSides=} by setLayoutParams
09-03 01:56:33.710  2022  2048 I DisplayDeviceRepository: Display device changed: DisplayDeviceInfo{"Built-in Screen": uniqueId="local:0", 1080 x 2400, modeId 1, renderFrameRate 120.00001, defaultModeId 1, supportedModes [{id=1, width=1080, height=2400, fps=120.00001, alternativeRefreshRates=[60.0, 90.0, 144.00002], supportedHdrTypes=[2, 3, 4]}, {id=2, width=1080, height=2400, fps=144.00002, alternativeRefreshRates=[60.0, 90.0, 120.00001], supportedHdrTypes=[2, 3, 4]}, {id=3, width=1080, height=2400, fps=90.0, alternativeRefreshRates=[60.0, 120.00001, 144.00002], supportedHdrTypes=[2, 3, 4]}, {id=4, width=1080, height=2400, fps=60.0, alternativeRefreshRates=[90.0, 120.00001, 144.00002], supportedHdrTypes=[2, 3, 4]}], supportedReadyForModes [], colorMode 0, supportedColorModes [0, 7, 9], hdrCapabilities HdrCapabilities{mSupportedHdrTypes=[2, 3, 4], mMaxLuminance=500.0, mMaxAverageLuminance=500.0, mMinLuminance=0.0}, allmSupported false, gameContentTypeSupported false, density 400, 401.898 x 401.898 dpi, appVsyncOff -6944444, presDeadline 18388889, cutout DisplayCutout{insets=Rect(0, 105 - 0, 0) waterfall=Insets{left=0, top=0, right=0, bottom=0} boundingRect={Bounds=[Rect(0, 0 - 0, 0), Rect(505, 0 - 575, 105), Rect(0, 0 - 0, 0), Rect(0, 0 - 0, 0)]} cutoutPathParserInfo={CutoutPathParserInfo{displayWidth=1080 displayHeight=2400 physicalDisplayWidth=1080 physicalDisplayHeight=2400 density={2.5} cutoutSpec={M -35,0 L 35,0 L 35,105 L -35,105 Z} rotation={0} scale={1.0} physicalPixelDisplaySizeRatio={1.0}}}}, touch INTERNAL, rotation 0, type INTERNAL, address {port=0}, deviceProductInfo null, state ON, committedState ON, frameRateOverride , brightnessMinimum 0.0, brightnessMaximum 1.0, brightnessDefault 0.38188976, hdrSdrRatio 1.0, roundedCorners RoundedCorners{[RoundedCorner{position=TopLeft, radius=100, center=Point(100, 100)}, RoundedCorner{position=TopRight, radius=100, center=Point(980, 100)}, RoundedCorner{position=BottomRight, radius=100, center=Point(980, 2300)}, RoundedCorner{position=BottomLeft, radius=100, center=Point(100, 2300)}]}, FLAG_ALLOWED_TO_BE_DEFAULT_DISPLAY, FLAG_ROTATES_WITH_CONTENT, FLAG_SECURE, FLAG_SUPPORTS_PROTECTED_BUFFERS, FLAG_TRUSTED, installOrientation 0, displayShape DisplayShape{ spec=-1893857183 displayWidth=1080 displayHeight=2400 physicalPixelDisplaySizeRatio=1.0 rotation=0 offsetX=0 offsetY=0 scale=1.0}}
09-03 01:56:33.712  2022  2048 D DisplayManagerService: Ignore redundant display event 0/2 to 10120/1963
09-03 01:56:33.712  2022  2048 D DisplayManagerService: Ignore redundant display event 0/2 to 10226/2930
09-03 01:56:33.714  2022  2048 D DisplayManagerService: Ignore redundant display event 0/2 to 10254/14656
09-03 01:56:33.714  2022  2048 D DisplayManagerService: Ignore redundant display event 0/2 to 10344/17317
09-03 01:56:33.714  2022  2048 D DisplayManagerService: Ignore redundant display event 0/2 to 10241/28309
09-03 01:56:33.714  2022  2048 D DisplayManagerService: Ignore redundant display event 0/2 to 10396/29736
09-03 01:56:33.714  2022  2048 D DisplayManagerService: Ignore redundant display event 0/2 to 10325/31831
09-03 01:56:33.739  2640  2683 V WindowManagerShell: onTransitionReady android.os.BinderProxy@1a881bc: {id=4209 t=TO_FRONT f=0x80 trk=0 r=[0@Point(0, 0)] c=[{WCT{android.window.IWindowContainerToken$Stub$Proxy@28a60c1} m=TO_FRONT f=SHOW_WALLPAPER|MOVE_TO_TOP pTaskId=-1 leash=Surface(name=Task=1)/@0xfaeb545 sb=Rect(0, 0 - 1080, 2400) eb=Rect(0, 0 - 1080, 2400) d=0},{WCT{android.window.IWindowContainerToken$Stub$Proxy@4ac3066} m=TO_BACK f=NONE pTaskId=-1 leash=Surface(name=Task=3813)/@0xfc649a sb=Rect(0, 0 - 1080, 2400) eb=Rect(0, 0 - 1080, 2400) d=0},{null m=TO_FRONT f=IS_WALLPAPER leash=Surface(name=WallpaperWindowToken{88417fa token=android.os.Binder@a419a25})/@0xb39f1cb sb=Rect(0, 0 - 1080, 2400) eb=Rect(0, 0 - 1080, 2400) d=0}]}
09-03 01:56:33.740  2640  2683 V WindowManagerShell: Playing animation for (#4209)android.os.BinderProxy@1a881bc@0
09-03 01:56:33.740  2640  2683 V WindowManagerShell:  try firstHandler com.android.wm.shell.recents.RecentsTransitionHandler@661b040
09-03 01:56:33.740  2640  2683 V ShellRecents: [199649711] RecentsController.start
09-03 01:56:33.743  2022  2046 E ApplicationHelper: Fail to get PackageManager
09-03 01:56:33.743  2022  2046 E ApplicationHelper: Fail to get PackageManager
09-03 01:56:33.743  2022  2046 E ApplicationHelper: Fail to get PackageManager
09-03 01:56:33.743  2022  2046 E ApplicationHelper: Fail to get PackageManager
09-03 01:56:33.743  2022  2046 E ApplicationHelper: Fail to get PackageManager
09-03 01:56:33.743  2022  2046 E ApplicationHelper: Fail to get PackageManager
09-03 01:56:33.743  2022  2046 E ApplicationHelper: Fail to get PackageManager
09-03 01:56:33.743  2022  2046 E ApplicationHelper: Fail to get PackageManager
09-03 01:56:33.743  2022  2046 E ApplicationHelper: Fail to get PackageManager
09-03 01:56:33.743  2022  2046 E ApplicationHelper: Fail to get PackageManager
09-03 01:56:33.743  2022  2046 E ApplicationHelper: Fail to get PackageManager
09-03 01:56:33.743  2022  2046 E ApplicationHelper: Fail to get PackageManager
09-03 01:56:33.743  2022  2046 E ApplicationHelper: Fail to get PackageManager
09-03 01:56:33.744  2022  2046 E MBrainLocalService: MBrainJava launch failed: SecurityException
09-03 01:56:33.744  2022  2046 D MBrainLocalService: isVendorFreezeConditionPass is false
09-03 01:56:33.744  2022  2046 E MBrainLocalService: notifyAppSwitch failed
09-03 01:56:33.744  2022  2046 E ApplicationHelper: Fail to get PackageManager
09-03 01:56:33.744  2022  2046 E ApplicationHelper: Fail to get PackageManager
09-03 01:56:33.744  2022  2046 E ApplicationHelper: Fail to get PackageManager
09-03 01:56:33.744  2022  2046 E ApplicationHelper: Fail to get PackageManager
09-03 01:56:33.744  2022  2046 E ApplicationHelper: Fail to get PackageManager
09-03 01:56:33.744  2022  2046 E ApplicationHelper: Fail to get PackageManager
09-03 01:56:33.744  2022  2046 E ApplicationHelper: Fail to get PackageManager
09-03 01:56:33.744  2022  2046 E ApplicationHelper: Fail to get PackageManager
09-03 01:56:33.745  2640  2683 V ShellRecents:   adding pausing leaf taskId=3813 at layer=8
09-03 01:56:33.748  2640  2683 V ShellRecents: [199649711] RecentsController.start: calling onAnimationStart
09-03 01:56:33.749  2640  2683 V WindowManagerShell:  animated by firstHandler
09-03 01:56:33.751  2640  2683 V ShellRecents: [199649711] RecentsController.setInputConsumerEnabled: set focus to recents
09-03 01:56:33.760  2022  2048 I DisplayDeviceRepository: Display device changed: DisplayDeviceInfo{"Built-in Screen": uniqueId="local:0", 1080 x 2400, modeId 1, renderFrameRate 120.00001, defaultModeId 1, supportedModes [{id=1, width=1080, height=2400, fps=120.00001, alternativeRefreshRates=[60.0, 90.0, 144.00002], supportedHdrTypes=[2, 3, 4]}, {id=2, width=1080, height=2400, fps=144.00002, alternativeRefreshRates=[60.0, 90.0, 120.00001], supportedHdrTypes=[2, 3, 4]}, {id=3, width=1080, height=2400, fps=90.0, alternativeRefreshRates=[60.0, 120.00001, 144.00002], supportedHdrTypes=[2, 3, 4]}, {id=4, width=1080, height=2400, fps=60.0, alternativeRefreshRates=[90.0, 120.00001, 144.00002], supportedHdrTypes=[2, 3, 4]}], supportedReadyForModes [], colorMode 0, supportedColorModes [0, 7, 9], hdrCapabilities HdrCapabilities{mSupportedHdrTypes=[2, 3, 4], mMaxLuminance=500.0, mMaxAverageLuminance=500.0, mMinLuminance=0.0}, allmSupported false, gameContentTypeSupported false, density 400, 401.898 x 401.898 dpi, appVsyncOff -6944444, presDeadline 18388889, cutout DisplayCutout{insets=Rect(0, 105 - 0, 0) waterfall=Insets{left=0, top=0, right=0, bottom=0} boundingRect={Bounds=[Rect(0, 0 - 0, 0), Rect(505, 0 - 575, 105), Rect(0, 0 - 0, 0), Rect(0, 0 - 0, 0)]} cutoutPathParserInfo={CutoutPathParserInfo{displayWidth=1080 displayHeight=2400 physicalDisplayWidth=1080 physicalDisplayHeight=2400 density={2.5} cutoutSpec={M -35,0 L 35,0 L 35,105 L -35,105 Z} rotation={0} scale={1.0} physicalPixelDisplaySizeRatio={1.0}}}}, touch INTERNAL, rotation 0, type INTERNAL, address {port=0}, deviceProductInfo null, state ON, committedState ON, frameRateOverride {uid=10287 frameRateHz=120.00001} , brightnessMinimum 0.0, brightnessMaximum 1.0, brightnessDefault 0.38188976, hdrSdrRatio 1.0, roundedCorners RoundedCorners{[RoundedCorner{position=TopLeft, radius=100, center=Point(100, 100)}, RoundedCorner{position=TopRight, radius=100, center=Point(980, 100)}, RoundedCorner{position=BottomRight, radius=100, center=Point(980, 2300)}, RoundedCorner{position=BottomLeft, radius=100, center=Point(100, 2300)}]}, FLAG_ALLOWED_TO_BE_DEFAULT_DISPLAY, FLAG_ROTATES_WITH_CONTENT, FLAG_SECURE, FLAG_SUPPORTS_PROTECTED_BUFFERS, FLAG_TRUSTED, installOrientation 0, displayShape DisplayShape{ spec=-1893857183 displayWidth=1080 displayHeight=2400 physicalPixelDisplaySizeRatio=1.0 rotation=0 offsetX=0 offsetY=0 scale=1.0}}
09-03 01:56:33.765  2022  2045 V WindowManager: Sent Transition #4209 createdAt=09-03 01:56:33.663
09-03 01:56:33.766  2022  2045 V WindowManager:     startWCT=WindowContainerTransaction { changes = {} hops = [{PendingIntent: options=Bundle[{android.activity.splashScreenStyle=-1, android.activity.sourceInfo=android.app.ActivityOptions$SourceInfo@5c729ff, android.activity.transientLaunch=true}]}] errorCallbackToken=null taskFragmentOrganizer=null }
09-03 01:56:33.766  2022  2045 V WindowManager:     info={id=4209 t=TO_FRONT f=0x80 trk=0 r=[0@Point(0, 0)] c=[{WCT{RemoteToken{44df06b Task{6b8475c #1 type=home}}} m=TO_FRONT f=SHOW_WALLPAPER|MOVE_TO_TOP pTaskId=-1 leash=Surface(name=Task=1)/@0xcc807e sb=Rect(0, 0 - 1080, 2400) eb=Rect(0, 0 - 1080, 2400) d=0},{WCT{RemoteToken{7d5d255 Task{22248f3 #3813 type=standard A=10235:com.android.chrome}}} m=TO_BACK f=NONE pTaskId=-1 leash=Surface(name=Task=3813)/@0xbb85c3f sb=Rect(0, 0 - 1080, 2400) eb=Rect(0, 0 - 1080, 2400) d=0},{null m=TO_FRONT f=IS_WALLPAPER leash=Surface(name=WallpaperWindowToken{88417fa token=android.os.Binder@a419a25})/@0x665999a sb=Rect(0, 0 - 1080, 2400) eb=Rect(0, 0 - 1080, 2400) d=0}]}
09-03 01:56:33.876  2022  2391 E HandwritingModeController: Cannot get requestId: Handwriting was not initialized.
09-03 01:56:33.879  2022  2391 E HandwritingModeController: Cannot get requestId: Handwriting was not initialized.
09-03 01:56:33.889  2022  2391 E HandwritingModeController: Cannot get requestId: Handwriting was not initialized.
09-03 01:56:34.207  2022  2046 E ApplicationHelper: Fail to get PackageManager
09-03 01:56:34.230  2640  8938 V ShellRecents: [199649711] RecentsController.screenshotTask: taskId=3813
09-03 01:56:34.251  2022  2046 E ApplicationHelper: Fail to get PackageManager
09-03 01:56:34.251  2022  2046 E ApplicationHelper: Fail to get PackageManager
09-03 01:56:34.252  2022  2046 E ApplicationHelper: Fail to get PackageManager
09-03 01:56:34.253  2022  2046 E ApplicationHelper: Fail to get PackageManager
09-03 01:56:34.260  2022  2046 E ApplicationHelper: Fail to get PackageManager
09-03 01:56:34.262  2022  2046 E ApplicationHelper: Fail to get PackageManager
09-03 01:56:34.262  2022  2046 E ApplicationHelper: Fail to get PackageManager
09-03 01:56:34.262  2022  2046 E ApplicationHelper: Fail to get PackageManager
09-03 01:56:34.262  2022  2046 E ApplicationHelper: Fail to get PackageManager
09-03 01:56:34.266  2640  2816 V ShellRecents: [199649711] RecentsController.detachNavigationBarFromApp
09-03 01:56:34.267  2022  2046 E ApplicationHelper: Fail to get PackageManager
09-03 01:56:34.274  2022  2046 E ApplicationHelper: Fail to get PackageManager
09-03 01:56:34.274  2022  2046 E ApplicationHelper: Fail to get PackageManager
09-03 01:56:34.288  2022  2046 E ApplicationHelper: Fail to get PackageManager
09-03 01:56:34.289  2022  2046 E ApplicationHelper: Fail to get PackageManager
09-03 01:56:36.042  2022  2686 D CoreBackPreview: Window{acb9cf8 u0 com.google.android.googlequicksearchbox/com.google.android.googlequicksearchbox.SearchActivity}: Setting back callback null
09-03 01:56:36.045  2022  2046 E ApplicationHelper: Fail to get PackageManager
09-03 01:56:36.066  2022  2057 W UsageStatsService: Unexpected activity event reported! (com.google.android.googlequicksearchbox/com.google.android.apps.search.googleapp.activity.GoogleAppActivity event : 23 instanceId : 215889406)
09-03 01:56:36.083  2022  2046 E ApplicationHelper: Fail to get PackageManager
09-03 01:56:36.084  2022  2046 E ApplicationHelper: Fail to get PackageManager
09-03 01:56:36.085  2022  5156 I ActivityManager: Killing 17865:com.google.android.webview:sandboxed_process0:org.chromium.content.app.SandboxedProcessService0:2/u0a228i557 (adj 0, setSvc -10000): isolated not needed
09-03 01:56:36.088  2022  2046 E ApplicationHelper: Fail to get PackageManager
09-03 01:56:36.123  2022  5156 I ActivityManager: appDiedLocked: app=ProcessRecord{4f78363 17865:com.google.android.webview:sandboxed_process0:org.chromium.content.app.SandboxedProcessService0:2/u0a228i557} thread=android.os.BinderProxy@fc7aee7 fromBinderDied=true isKilledByAm=true reason=null
09-03 01:56:36.126  2022  2046 D DisplayManagerService: Drop pending events for gone uid 99557
09-03 01:56:36.128  2022  5156 D ActivityTaskManager: handleAppDied: uid=99557,diedCount=0,lastDiedTime=0,forceStopUids=false
09-03 01:56:36.133  2022  2046 E ApplicationHelper: Fail to get PackageManager
09-03 01:56:36.133  2022  2046 E ApplicationHelper: Fail to get PackageManager
09-03 01:56:36.133  2022  2046 E ApplicationHelper: Fail to get PackageManager
09-03 01:56:36.133  2022  2046 E ApplicationHelper: Fail to get PackageManager
09-03 01:56:36.133  2022  2046 E ApplicationHelper: Fail to get PackageManager
09-03 01:56:36.133  2022  2046 E ApplicationHelper: Fail to get PackageManager
09-03 01:56:36.133  2022  2046 E ApplicationHelper: Fail to get PackageManager
09-03 01:56:36.133  2022  2046 E ApplicationHelper: Fail to get PackageManager
09-03 01:56:36.133  2022  2046 E ApplicationHelper: Fail to get PackageManager
09-03 01:56:36.133  2022  2046 E ApplicationHelper: Fail to get PackageManager
09-03 01:56:36.133  2022  2046 E ApplicationHelper: Fail to get PackageManager
09-03 01:56:37.300  2022  2046 E ApplicationHelper: Fail to get PackageManager
09-03 01:56:37.300  2022  2046 E ApplicationHelper: Fail to get PackageManager
09-03 01:56:37.378  2022  2046 E ApplicationHelper: Fail to get PackageManager
09-03 01:56:37.379  2022  2046 E ApplicationHelper: Fail to get PackageManager
09-03 01:56:37.381  2022  2046 E ApplicationHelper: Fail to get PackageManager
09-03 01:56:37.381  2022  2046 E ApplicationHelper: Fail to get PackageManager
09-03 01:56:37.639  2640  2683 V ShellRecents: [199649711] RecentsController.finishInner: toHome=true userLeave=true willFinishToHome=true state=0
09-03 01:56:37.639  2640  2683 V ShellRecents:   normal finish
09-03 01:56:37.639  2640  2683 V ShellRecents: [199649711] RecentsController.cleanup
09-03 01:56:37.639  2640  2683 V WindowManagerShell: Transition animation finished (aborted=false), notifying core (#4209)android.os.BinderProxy@1a881bc@0
09-03 01:56:37.642  2022  2045 V WindowManager: Finish Transition #4209: created at 09-03 01:56:33.663 collect-started=0.116ms started=0.142ms ready=5.703ms sent=72.943ms finished=3978.141ms
09-03 01:56:37.646  2022  2712 D PowerManagerService: nativeSetPowerMode ret:true mode:5 enabled:false duration ms: 0
09-03 01:56:37.646  2022  2046 E ApplicationHelper: Fail to get PackageManager
09-03 01:56:37.649  2640  2683 V WindowManagerShell: Track 0 became idle
09-03 01:56:37.649  2640  2683 V WindowManagerShell: All active transition animations finished
09-03 01:56:37.655  2022  2048 V WindowManager: Unknown focus tokens, dropping reportFocusChanged
09-03 01:56:37.667  2022  2046 E ApplicationHelper: Fail to get PackageManager
09-03 01:56:37.667  2022  2046 E ApplicationHelper: Fail to get PackageManager
09-03 01:56:37.667  2022  2046 E ApplicationHelper: Fail to get PackageManager
09-03 01:56:37.667  2022  2046 E ApplicationHelper: Fail to get PackageManager
09-03 01:56:37.667  2022  2046 E ApplicationHelper: Fail to get PackageManager
09-03 01:56:37.667  2022  2046 E ApplicationHelper: Fail to get PackageManager
09-03 01:56:37.667  2022  2046 E ApplicationHelper: Fail to get PackageManager
09-03 01:56:37.667  2022  2046 E ApplicationHelper: Fail to get PackageManager
09-03 01:56:37.669  2022  2046 E MBrainLocalService: MBrainJava launch failed: SecurityException
09-03 01:56:37.669  2022  2046 D MBrainLocalService: isVendorFreezeConditionPass is false
09-03 01:56:37.669  2022  2046 E MBrainLocalService: notifyAppSwitch failed
09-03 01:56:37.669  2022  2046 E ApplicationHelper: Fail to get PackageManager
09-03 01:56:37.669  2022  2046 E ApplicationHelper: Fail to get PackageManager
09-03 01:56:37.669  2022  2046 E ApplicationHelper: Fail to get PackageManager
09-03 01:56:37.669  2022  2046 E ApplicationHelper: Fail to get PackageManager
09-03 01:56:37.686  2022  2712 D CoreBackPreview: Window{a569582 u0 com.android.chrome/com.google.android.apps.chrome.Main}: Setting back callback OnBackInvokedCallbackInfo{mCallback=android.window.IOnBackInvokedCallback$Stub$Proxy@e1bb27e, mPriority=-1, mIsAnimationCallback=false}
09-03 01:56:37.687  2022  2046 E ApplicationHelper: Fail to get PackageManager
09-03 01:56:37.687  2022  2046 D MBrainLocalService: isVendorFreezeConditionPass is false
09-03 01:56:37.687  2022  2046 E MBrainLocalService: notifyAppSwitch failed
09-03 01:56:37.687  2022  2046 E ApplicationHelper: Fail to get PackageManager
09-03 01:56:37.687  2022  2046 D MBrainLocalService: isVendorFreezeConditionPass is false
09-03 01:56:37.687  2022  2046 E MBrainLocalService: notifyAppSwitch failed
09-03 01:56:37.687  2022  2046 E ApplicationHelper: Fail to get PackageManager
09-03 01:56:37.687  2022  2046 D MBrainLocalService: isVendorFreezeConditionPass is false
09-03 01:56:37.687  2022  2046 E MBrainLocalService: notifyAppSwitch failed
09-03 01:56:37.699  2022  5156 W PackageConfigPersister: App-specific configuration not found for packageName: com.motorola.launcher3 and userId: 0
09-03 01:56:37.788  2022  2046 E ApplicationHelper: Fail to get PackageManager
09-03 01:56:37.788  2022  2046 D MBrainLocalService: isVendorFreezeConditionPass is false
09-03 01:56:37.788  2022  2046 E MBrainLocalService: notifyAppSwitch failed
09-03 01:56:37.788  2022  2046 E ApplicationHelper: Fail to get PackageManager
09-03 01:56:37.788  2022  2046 E ApplicationHelper: Fail to get PackageManager
09-03 01:56:37.788  2022  2046 D MBrainLocalService: isVendorFreezeConditionPass is false
09-03 01:56:37.788  2022  2046 E MBrainLocalService: notifyAppSwitch failed
09-03 01:56:37.788  2022  2046 E ApplicationHelper: Fail to get PackageManager
09-03 01:56:37.788  2022  2046 E ApplicationHelper: Fail to get PackageManager
09-03 01:56:37.788  2022  2046 E ApplicationHelper: Fail to get PackageManager
09-03 01:56:37.788  2022  2046 D MBrainLocalService: isVendorFreezeConditionPass is false
09-03 01:56:37.788  2022  2046 E MBrainLocalService: notifyAppSwitch failed
09-03 01:56:38.328  2022  2046 E ApplicationHelper: Fail to get PackageManager
09-03 01:56:38.328  2022  2046 E ApplicationHelper: Fail to get PackageManager
09-03 01:56:38.329  2022  2391 W ActivityManager: pid 2022 system sent binder code 1 with flags 1 to frozen apps and got error -32
09-03 01:56:38.333  2022  5156 W PackageConfigPersister: App-specific configuration not found for packageName: com.motorola.launcher3 and userId: 0
09-03 01:56:38.337 11654 11654 D VRI[InputMethod]: update {(0,0)(fillxwrap) gr=BOTTOM CENTER_VERTICAL ty=INPUT_METHOD fmt=TRANSPARENT wanim=0x1030056 receive insets ignoring z-order
09-03 01:56:38.337 11654 11654 D VRI[InputMethod]:   fl=NOT_FOCUSABLE LAYOUT_IN_SCREEN SPLIT_TOUCH HARDWARE_ACCELERATED DRAWS_SYSTEM_BAR_BACKGROUNDS
09-03 01:56:38.337 11654 11654 D VRI[InputMethod]:   pfl=FIT_INSETS_CONTROLLED
09-03 01:56:38.337 11654 11654 D VRI[InputMethod]:   bhv=DEFAULT
09-03 01:56:38.337 11654 11654 D VRI[InputMethod]:   fitTypes=STATUS_BARS NAVIGATION_BARS
09-03 01:56:38.337 11654 11654 D VRI[InputMethod]:   fitSides=LEFT TOP RIGHT} by setLayoutParams
09-03 01:56:38.338 11654 11654 D VRI[InputMethod]: update {(0,0)(fillxfill) gr=BOTTOM CENTER_VERTICAL ty=INPUT_METHOD fmt=TRANSPARENT wanim=0x1030056 receive insets ignoring z-order
09-03 01:56:38.338 11654 11654 D VRI[InputMethod]:   fl=NOT_FOCUSABLE LAYOUT_IN_SCREEN SPLIT_TOUCH HARDWARE_ACCELERATED DRAWS_SYSTEM_BAR_BACKGROUNDS
09-03 01:56:38.338 11654 11654 D VRI[InputMethod]:   pfl=FIT_INSETS_CONTROLLED
09-03 01:56:38.338 11654 11654 D VRI[InputMethod]:   bhv=DEFAULT
09-03 01:56:38.338 11654 11654 D VRI[InputMethod]:   fitTypes=STATUS_BARS NAVIGATION_BARS
09-03 01:56:38.338 11654 11654 D VRI[InputMethod]:   fitSides=LEFT TOP RIGHT} by setLayoutParams
09-03 01:56:38.361 11654 11654 D VRI[InputMethod]: update {(0,0)(fillxfill) gr=BOTTOM CENTER_VERTICAL ty=INPUT_METHOD fmt=TRANSPARENT wanim=0x1030056 receive insets ignoring z-order
09-03 01:56:38.361 11654 11654 D VRI[InputMethod]:   fl=NOT_FOCUSABLE LAYOUT_IN_SCREEN SPLIT_TOUCH HARDWARE_ACCELERATED DRAWS_SYSTEM_BAR_BACKGROUNDS
09-03 01:56:38.361 11654 11654 D VRI[InputMethod]:   pfl=FIT_INSETS_CONTROLLED
09-03 01:56:38.361 11654 11654 D VRI[InputMethod]:   bhv=DEFAULT
09-03 01:56:38.361 11654 11654 D VRI[InputMethod]:   fitTypes=STATUS_BARS NAVIGATION_BARS
09-03 01:56:38.361 11654 11654 D VRI[InputMethod]:   fitSides=LEFT TOP RIGHT} by setLayoutParams
09-03 01:56:38.385  2022  2712 D InputMethodManagerService: applyImeVisibility setVisible = true; mCurClient = ClientState{185b366 mUid=10283 mPid=2938 mSelfReportedDisplayId=0}
09-03 01:56:38.387  2022  4248 D CoreBackPreview: Window{9ae8641 u0 com.motorola.launcher3/com.android.launcher3.CustomizationPanelLauncher}: Setting back callback OnBackInvokedCallbackInfo{mCallback=android.window.IOnBackInvokedCallback$Stub$Proxy@3e6aa1d, mPriority=0, mIsAnimationCallback=false}
09-03 01:56:38.388  2022  4248 D InputMethodManagerService: applyImeVisibility setVisible = true; mCurClient = ClientState{185b366 mUid=10283 mPid=2938 mSelfReportedDisplayId=0}
09-03 01:56:38.460  2022  2046 E ApplicationHelper: Fail to get PackageManager
09-03 01:56:38.460  2022  2046 E ApplicationHelper: Fail to get PackageManager
09-03 01:56:38.466  2022  2046 E ApplicationHelper: Fail to get PackageManager
09-03 01:56:38.679  2022  2046 E ApplicationHelper: Fail to get PackageManager
09-03 01:56:39.387  2022  2046 E ApplicationHelper: Fail to get PackageManager
09-03 01:56:40.213  2022  2046 E ApplicationHelper: Fail to get PackageManager
09-03 01:56:40.277  2022  3697 D CompatibilityChangeReporter: Compat change id reported: 161252188; UID 10277; state: DISABLED
09-03 01:56:40.277  2022  3697 D CompatibilityChangeReporter: Compat change id reported: 265464455; UID 10277; state: DISABLED
09-03 01:56:40.277  2022  3697 D CompatibilityChangeReporter: Compat change id reported: 265452344; UID 10277; state: DISABLED
09-03 01:56:40.277  2022  3697 D CompatibilityChangeReporter: Compat change id reported: 266124927; UID 10277; state: DISABLED
09-03 01:56:40.277  2022  3697 D CompatibilityChangeReporter: Compat change id reported: 265451093; UID 10277; state: DISABLED
09-03 01:56:40.278  2022  3697 D CompatibilityChangeReporter: Compat change id reported: 265456536; UID 10277; state: DISABLED
09-03 01:56:40.278  2022  3697 D CompatibilityChangeReporter: Compat change id reported: 255940284; UID 10277; state: DISABLED
09-03 01:56:40.278  2022  3697 D CompatibilityChangeReporter: Compat change id reported: 236283604; UID 10277; state: DISABLED
09-03 01:56:40.278  2022  3697 D CompatibilityChangeReporter: Compat change id reported: 263959004; UID 10277; state: DISABLED
09-03 01:56:40.278  2022  3697 D CompatibilityChangeReporter: Compat change id reported: 264304459; UID 10277; state: DISABLED
09-03 01:56:40.278  2022  3697 D CompatibilityChangeReporter: Compat change id reported: 264301586; UID 10277; state: DISABLED
09-03 01:56:40.278  2022  3697 D CompatibilityChangeReporter: Compat change id reported: 254631730; UID 10277; state: DISABLED
09-03 01:56:40.278  2022  3697 D CompatibilityChangeReporter: Compat change id reported: 273509367; UID 10277; state: DISABLED
09-03 01:56:40.278  2022  3697 D CompatibilityChangeReporter: Compat change id reported: 263259275; UID 10277; state: DISABLED
09-03 01:56:40.278  2022  3697 D CompatibilityChangeReporter: Compat change id reported: 174042980; UID 10277; state: DISABLED
09-03 01:56:40.278  2022  3697 D CompatibilityChangeReporter: Compat change id reported: 174042936; UID 10277; state: DISABLED
09-03 01:56:40.278  2022  3697 D CompatibilityChangeReporter: Compat change id reported: 181136395; UID 10277; state: DISABLED
09-03 01:56:40.278  2022  3697 D CompatibilityChangeReporter: Compat change id reported: 194480991; UID 10277; state: ENABLED
09-03 01:56:40.278  2022  3697 D ActivityTaskManager: getPreferredLaunchDisplay userset_displayid true user set display id 0, current focus display 0
09-03 01:56:40.278  2022  3697 D ActivityTaskManager: getPreferredLaunchDisplay userset_displayid true user set display id 0, current focus display 0
09-03 01:56:40.279  2022  3697 D ActivityTaskManager: getPreferredLaunchDisplay userset_displayid true user set display id 0, current focus display 0
09-03 01:56:40.279  2022  3697 D ActivityTaskManager: getPreferredLaunchDisplay userset_displayid true user set display id 0, current focus display 0
09-03 01:56:40.279  2022  3697 D ActivityTaskManager: [GlobalFreeform] use default Rect(162, 162 - 1242, 1929) scale=0.7 for ActivityRecord{59e55b7 u0 com.VisiArise.visiArise/com.unity3d.player.UnityPlayerActivity
09-03 01:56:40.283  2022  3697 D ActivityTaskManager: getPreferredLaunchDisplay userset_displayid true user set display id 0, current focus display 0
09-03 01:56:40.283  2022  3697 D ActivityTaskManager: getPreferredLaunchDisplay userset_displayid true user set display id 0, current focus display 0
09-03 01:56:40.283  2022  3697 D ActivityTaskManager: [GlobalFreeform] use default Rect(162, 162 - 1242, 1929) scale=0.7 for ActivityRecord{59e55b7 u0 com.VisiArise.visiArise/com.unity3d.player.UnityPlayerActivity t-1}
09-03 01:56:40.283  2022  3697 D ActivityTaskManager: layoutTask::ignore force freeform on game mode because of force-fullscreen flag
09-03 01:56:40.283  2022  3697 D CompatibilityChangeReporter: Compat change id reported: 184838306; UID 10277; state: DISABLED
09-03 01:56:40.283  2022  3697 D CompatibilityChangeReporter: Compat change id reported: 185004937; UID 10277; state: DISABLED
09-03 01:56:40.286  2022  3697 D PowerManagerService: nativeSetPowerMode ret:true mode:5 enabled:true duration ms: 0
09-03 01:56:40.286  2022  3697 D CompatibilityChangeReporter: Compat change id reported: 205907456; UID 10277; state: ENABLED
09-03 01:56:40.287  2022  3697 D CompatibilityChangeReporter: Compat change id reported: 194833441; UID 10277; state: ENABLED
09-03 01:56:40.287  2022  3697 I ActivityTaskManager: START u0 {act=android.intent.action.MAIN cat=[android.intent.category.LAUNCHER] flg=0x10200000 cmp=com.VisiArise.visiArise/com.unity3d.player.UnityPlayerActivity bnds=[430,293][625,615]} with LAUNCH_SINGLE_TASK from uid 10283 (startActivityAsUser) (BAL_ALLOW_ALLOWLISTED_COMPONENT) result code=0
09-03 01:56:40.289  2640  2683 V WindowManagerShell: Transition requested: android.os.BinderProxy@46107df TransitionRequestInfo { type = 1, triggerTask = TaskInfo{userId=0 taskId=3857 displayId=0 isRunning=true baseIntent=Intent { act=android.intent.action.MAIN cat=[android.intent.category.LAUNCHER] flg=0x10200000 cmp=com.VisiArise.visiArise/com.unity3d.player.UnityPlayerActivity } baseActivity=ComponentInfo{com.VisiArise.visiArise/com.unity3d.player.UnityPlayerActivity} topActivity=ComponentInfo{com.VisiArise.visiArise/com.unity3d.player.UnityPlayerActivity} origActivity=null realActivity=ComponentInfo{com.VisiArise.visiArise/com.unity3d.player.UnityPlayerActivity} numActivities=1 lastActiveTime=352146595 supportsMultiWindow=false supportsGlobalFreeform=true resizeMode=0 isResizeable=true isAppLocked=false canKillAndRestart=false isShowDecorCaptionWindowRequest=false minWidth=-1 minHeight=-1 defaultMinSize=200 token=WCT{android.window.IWindowContainerToken$Stub$Proxy@3307c2c} topActivityType=1 pictureInPictureParams=null shouldDockBigOverlays=false launchIntoPipHostTaskId=-1 lastParentTaskIdBeforePip=-1 displayCutoutSafeInsets=Rect(0, 105 - 0, 0) topActivityInfo=ActivityInfo{78276f5 com.unity3d.player.UnityPlayerActivity} launchCookies=[android.os.BinderProxy@9497c8a] positionInParent=Point(0, 0) parentTaskId=-1 isFocused=false isVisible=false isVisibleRequested=false isSleeping=false topActivityInSizeCompat=false topActivityEligibleForLetterboxEducation= false topActivityLetterboxed= false isFromDoubleTap= false topActivityLetterboxVerticalPosition= -1 topActivityLetterboxHorizontalPosition= -1 topActivityLetterboxWidth=-1 topActivityLetterboxHeight=-1 locusId=null displayAreaFeatureId=1 cameraCompatControlState=hidden}, remoteTransition = RemoteTransition { remoteTransition = android.window.IRemoteTransition$Stub$Proxy@4f842fb, appThread = android.app.IApplicationThread$Stub$Proxy@b3f2f18, debugName = QuickstepLaunch }, displayChange = null, flags = 0 }
09-03 01:56:40.290  2022  2048 D CompatibilityChangeReporter: Compat change id reported: 135634846; UID 10277; state: DISABLED
09-03 01:56:40.290  2022  2048 D CompatibilityChangeReporter: Compat change id reported: 177438394; UID 10277; state: DISABLED
09-03 01:56:40.290  2640  2683 V WindowManagerShell: RemoteTransition directly requested for android.os.BinderProxy@46107df: RemoteTransition { remoteTransition = android.window.IRemoteTransition$Stub$Proxy@4f842fb, appThread = android.app.IApplicationThread$Stub$Proxy@b3f2f18, debugName = QuickstepLaunch }
09-03 01:56:40.290  2022  2048 D CompatibilityChangeReporter: Compat change id reported: 135772972; UID 10277; state: DISABLED
09-03 01:56:40.290  2022  2048 D CompatibilityChangeReporter: Compat change id reported: 135754954; UID 10277; state: ENABLED
09-03 01:56:40.290  2022  2059 D CompatibilityChangeReporter: Compat change id reported: 143937733; UID 10277; state: ENABLED
09-03 01:56:40.297  2022  2046 E ApplicationHelper: Fail to get PackageManager
09-03 01:56:40.303  2640  2700 D ViewRootImpl: update {(0,0)(fillxfill) ty=APPLICATION_STARTING fmt=TRANSLUCENT wanim=0x10302f2
09-03 01:56:40.303  2640  2700 D ViewRootImpl:   fl=NOT_FOCUSABLE NOT_TOUCHABLE LAYOUT_IN_SCREEN LAYOUT_INSET_DECOR ALT_FOCUSABLE_IM HARDWARE_ACCELERATED DRAWS_SYSTEM_BAR_BACKGROUNDS
09-03 01:56:40.303  2640  2700 D ViewRootImpl:   pfl=SHOW_FOR_ALL_USERS FIT_INSETS_CONTROLLED
09-03 01:56:40.303  2640  2700 D ViewRootImpl:   bhv=DEFAULT
09-03 01:56:40.303  2640  2700 D ViewRootImpl:   fitSides=} by setView
09-03 01:56:40.305  2022  2059 I ActivityManager: Start proc 20480:com.VisiArise.visiArise/u0a277 for next-top-activity {com.VisiArise.visiArise/com.unity3d.player.UnityPlayerActivity}
09-03 01:56:40.306  2022  2046 E ApplicationHelper: Fail to get PackageManager
09-03 01:56:40.306  2022  2046 E ApplicationHelper: Fail to get PackageManager
09-03 01:56:40.306  2022  2046 E ApplicationHelper: Fail to get PackageManager
09-03 01:56:40.306  2022  2046 E ApplicationHelper: Fail to get PackageManager
09-03 01:56:40.306  2022  2046 E ApplicationHelper: Fail to get PackageManager
09-03 01:56:40.306  2022  2046 E ApplicationHelper: Fail to get PackageManager
09-03 01:56:40.306  2022  2046 E ApplicationHelper: Fail to get PackageManager
09-03 01:56:40.306  2022  2046 E ApplicationHelper: Fail to get PackageManager
09-03 01:56:40.306  2022  2046 E ApplicationHelper: Fail to get PackageManager
09-03 01:56:40.306  2022  2046 E ApplicationHelper: Fail to get PackageManager
09-03 01:56:40.306  2022  2046 E ApplicationHelper: Fail to get PackageManager
09-03 01:56:40.307  2022  2046 E ApplicationHelper: Fail to get PackageManager
09-03 01:56:40.307  2022  2046 E ApplicationHelper: Fail to get PackageManager
09-03 01:56:40.307  2022  2046 E ApplicationHelper: Fail to get PackageManager
09-03 01:56:40.307  2022  2046 E ApplicationHelper: Fail to get PackageManager
09-03 01:56:40.307  2022  2046 E ApplicationHelper: Fail to get PackageManager
09-03 01:56:40.307  2022  2046 E ApplicationHelper: Fail to get PackageManager
09-03 01:56:40.307  2022  2046 E ApplicationHelper: Fail to get PackageManager
09-03 01:56:40.307  2022  2046 E ApplicationHelper: Fail to get PackageManager
09-03 01:56:40.307  2022  2046 E ApplicationHelper: Fail to get PackageManager
09-03 01:56:40.307  2022  2046 E ApplicationHelper: Fail to get PackageManager
09-03 01:56:40.307  2022  2046 E ApplicationHelper: Fail to get PackageManager
09-03 01:56:40.307  2022  2046 E ApplicationHelper: Fail to get PackageManager
09-03 01:56:40.311  2022  3521 D CompatibilityChangeReporter: Compat change id reported: 168419799; UID 10277; state: DISABLED
09-03 01:56:40.311  2022  3521 D CompatibilityChangeReporter: Compat change id reported: 273564678; UID 10277; state: DISABLED
09-03 01:56:40.318  2022  3521 D CoreBackPreview: Window{c72648e u0 Splash Screen com.VisiArise.visiArise}: Setting back callback OnBackInvokedCallbackInfo{mCallback=android.window.IOnBackInvokedCallback$Stub$Proxy@d20c0bc, mPriority=0, mIsAnimationCallback=false}
09-03 01:56:40.340  2022  2045 V WindowManager: Sent Transition #4210 createdAt=09-03 01:56:40.278 via request=TransitionRequestInfo { type = 1, triggerTask = TaskInfo{userId=0 taskId=3857 displayId=0 isRunning=true baseIntent=Intent { act=android.intent.action.MAIN cat=[android.intent.category.LAUNCHER] flg=0x10200000 cmp=com.VisiArise.visiArise/com.unity3d.player.UnityPlayerActivity } baseActivity=ComponentInfo{com.VisiArise.visiArise/com.unity3d.player.UnityPlayerActivity} topActivity=ComponentInfo{com.VisiArise.visiArise/com.unity3d.player.UnityPlayerActivity} origActivity=null realActivity=ComponentInfo{com.VisiArise.visiArise/com.unity3d.player.UnityPlayerActivity} numActivities=1 lastActiveTime=352146595 supportsMultiWindow=false supportsGlobalFreeform=true resizeMode=0 isResizeable=true isAppLocked=false canKillAndRestart=true isShowDecorCaptionWindowRequest=false minWidth=-1 minHeight=-1 defaultMinSize=200 token=WCT{RemoteToken{1972ca8 Task{d2b548d #3857 type=standard A=10277:com.VisiArise.visiArise}}} topActivityType=1 pictureInPictureParams=null shouldDockBigOverlays=false launchIntoPipHostTaskId=-1 lastParentTaskIdBeforePip=-1 displayCutoutSafeInsets=Rect(0, 105 - 0, 0) topActivityInfo=ActivityInfo{e0a7766 com.unity3d.player.UnityPlayerActivity} launchCookies=[android.os.BinderProxy@9ba1aa7] positionInParent=Point(0, 0) parentTaskId=-1 isFocused=false isVisible=false isVisibleRequested=false isSleeping=false topActivityInSizeCompat=false topActivityEligibleForLetterboxEducation= false topActivityLetterboxed= false isFromDoubleTap= false topActivityLetterboxVerticalPosition= -1 topActivityLetterboxHorizontalPosition= -1 topActivityLetterboxWidth=-1 topActivityLetterboxHeight=-1 locusId=null displayAreaFeatureId=1 cameraCompatControlState=hidden}, remoteTransition = RemoteTransition { remoteTransition = android.window.IRemoteTransition$Stub$Proxy@c866b54, appThread = android.app.IApplicationThread$Stub$Proxy@e77afd, debugName = QuickstepLaunch }, displayChange = null, flags = 0 }
09-03 01:56:40.341  2640  2683 V WindowManagerShell: onTransitionReady android.os.BinderProxy@46107df: {id=4210 t=OPEN f=0x0 trk=0 r=[0@Point(0, 0)] c=[{WCT{android.window.IWindowContainerToken$Stub$Proxy@e1c46f4} m=OPEN f=NONE pTaskId=-1 leash=Surface(name=Task=3857)/@0x60eb4e1 sb=Rect(0, 0 - 1080, 2400) eb=Rect(0, 0 - 1080, 2400) d=0},{WCT{android.window.IWindowContainerToken$Stub$Proxy@460be1d} m=TO_BACK f=SHOW_WALLPAPER pTaskId=-1 leash=Surface(name=Task=1)/@0x665c206 sb=Rect(0, 0 - 1080, 2400) eb=Rect(0, 0 - 1080, 2400) d=0}]}
09-03 01:56:40.341  2022  2045 V WindowManager:     startWCT=WindowContainerTransaction { changes = {} hops = [] errorCallbackToken=null taskFragmentOrganizer=null }
09-03 01:56:40.341  2640  2683 V WindowManagerShell: Playing animation for (#4210)android.os.BinderProxy@46107df@0
09-03 01:56:40.341  2640  2683 V WindowManagerShell:  try firstHandler com.android.wm.shell.transition.DefaultMixedHandler@4f9547d
09-03 01:56:40.341  2640  2683 V WindowManagerShell:  Delegate animation for #4210 to RemoteTransition { remoteTransition = android.window.IRemoteTransition$Stub$Proxy@4f842fb, appThread = android.app.IApplicationThread$Stub$Proxy@b3f2f18, debugName = QuickstepLaunch }
09-03 01:56:40.341  2022  2045 V WindowManager:     info={id=4210 t=OPEN f=0x0 trk=0 r=[0@Point(0, 0)] c=[{WCT{RemoteToken{1972ca8 Task{d2b548d #3857 type=standard A=10277:com.VisiArise.visiArise}}} m=OPEN f=NONE pTaskId=-1 leash=Surface(name=Task=3857)/@0xf138845 sb=Rect(0, 0 - 1080, 2400) eb=Rect(0, 0 - 1080, 2400) d=0},{WCT{RemoteToken{44df06b Task{6b8475c #1 type=home}}} m=TO_BACK f=SHOW_WALLPAPER pTaskId=-1 leash=Surface(name=Task=1)/@0xcc807e sb=Rect(0, 0 - 1080, 2400) eb=Rect(0, 0 - 1080, 2400) d=0}]}
09-03 01:56:40.343  2640  2683 V WindowManagerShell:  animated by firstHandler
09-03 01:56:40.356  2022  2046 E ApplicationHelper: Fail to get PackageManager
09-03 01:56:40.357  2022  2046 E ApplicationHelper: Fail to get PackageManager
09-03 01:56:40.358  2022  2046 E MBrainLocalService: MBrainJava launch failed: SecurityException
09-03 01:56:40.358  2022  2046 D MBrainLocalService: isVendorFreezeConditionPass is false
09-03 01:56:40.358  2022  2046 E MBrainLocalService: notifyAppSwitch failed
09-03 01:56:40.359  2022  2712 D CompatibilityChangeReporter: Compat change id reported: 170503758; UID 10277; state: ENABLED
09-03 01:56:40.364  2022  2046 E ApplicationHelper: Fail to get PackageManager
09-03 01:56:40.364  2022  2046 E ApplicationHelper: Fail to get PackageManager
09-03 01:56:40.364  2022  2391 W ActivityManager: pid 2022 system sent binder code 1 with flags 1 to frozen apps and got error -32
09-03 01:56:40.364  2022  2391 D ActivityManager: Too many transaction errors, throttling freezer binder callback.
09-03 01:56:40.364  2022  2702 D InputMethodManagerService: applyImeVisibility setVisible = false; mCurClient = ClientState{185b366 mUid=10283 mPid=2938 mSelfReportedDisplayId=0}
09-03 01:56:40.375 11654 11654 D VRI[InputMethod]: update {(0,0)(fillxwrap) gr=BOTTOM CENTER_VERTICAL ty=INPUT_METHOD fmt=TRANSPARENT wanim=0x1030056 receive insets ignoring z-order
09-03 01:56:40.375 11654 11654 D VRI[InputMethod]:   fl=NOT_FOCUSABLE LAYOUT_IN_SCREEN SPLIT_TOUCH HARDWARE_ACCELERATED DRAWS_SYSTEM_BAR_BACKGROUNDS
09-03 01:56:40.375 11654 11654 D VRI[InputMethod]:   pfl=FIT_INSETS_CONTROLLED
09-03 01:56:40.375 11654 11654 D VRI[InputMethod]:   bhv=DEFAULT
09-03 01:56:40.375 11654 11654 D VRI[InputMethod]:   fitTypes=STATUS_BARS NAVIGATION_BARS
09-03 01:56:40.375 11654 11654 D VRI[InputMethod]:   fitSides=LEFT TOP RIGHT} by setLayoutParams
09-03 01:56:40.375 11654 11654 D VRI[InputMethod]: update {(0,0)(fillxfill) gr=BOTTOM CENTER_VERTICAL ty=INPUT_METHOD fmt=TRANSPARENT wanim=0x1030056 receive insets ignoring z-order
09-03 01:56:40.375 11654 11654 D VRI[InputMethod]:   fl=NOT_FOCUSABLE LAYOUT_IN_SCREEN SPLIT_TOUCH HARDWARE_ACCELERATED DRAWS_SYSTEM_BAR_BACKGROUNDS
09-03 01:56:40.375 11654 11654 D VRI[InputMethod]:   pfl=FIT_INSETS_CONTROLLED
09-03 01:56:40.375 11654 11654 D VRI[InputMethod]:   bhv=DEFAULT
09-03 01:56:40.375 11654 11654 D VRI[InputMethod]:   fitTypes=STATUS_BARS NAVIGATION_BARS
09-03 01:56:40.375 11654 11654 D VRI[InputMethod]:   fitSides=LEFT TOP RIGHT} by setLayoutParams
09-03 01:56:40.391  2022  3521 D CoreBackPreview: Window{9ae8641 u0 com.motorola.launcher3/com.android.launcher3.CustomizationPanelLauncher}: Setting back callback OnBackInvokedCallbackInfo{mCallback=android.window.IOnBackInvokedCallback$Stub$Proxy@67db79f, mPriority=0, mIsAnimationCallback=false}
09-03 01:56:40.391  2022  2686 I ActivityManager: Flag disabled. Ignoring finishAttachApplication from uid: 10277. pid: 20480
09-03 01:56:40.463  2022  2046 E ApplicationHelper: Fail to get PackageManager
09-03 01:56:40.481 20480 20480 D ViewRootImpl: update {(0,0)(fillxfill) sim={forwardNavigation} ty=BASE_APPLICATION wanim=0x10302fe
09-03 01:56:40.481 20480 20480 D ViewRootImpl:   fl=LAYOUT_IN_SCREEN FULLSCREEN LAYOUT_INSET_DECOR SPLIT_TOUCH DRAWS_SYSTEM_BAR_BACKGROUNDS
09-03 01:56:40.481 20480 20480 D ViewRootImpl:   pfl=NO_MOVE_ANIMATION FORCE_DRAW_STATUS_BAR_BACKGROUND FIT_INSETS_CONTROLLED
09-03 01:56:40.481 20480 20480 D ViewRootImpl:   bhv=DEFAULT
09-03 01:56:40.481 20480 20480 D ViewRootImpl:   fitSides=} by setView
09-03 01:56:40.483  2022  2686 W WindowManager: Failed looking up window session=Session{5beda2 20480:u0a10277} callers=com.android.server.wm.WindowManagerService.windowForClientLocked:6553 com.android.server.wm.Session.updateRequestedVisibleTypes:735 android.view.IWindowSession$Stub.onTransact:1093 
09-03 01:56:40.484  2022  2046 E ApplicationHelper: Fail to get PackageManager
09-03 01:56:40.484  2022  2686 W WindowManager: win is null client=android.os.BinderProxy@6d7ba33
09-03 01:56:40.484  2022  2046 E ApplicationHelper: Fail to get PackageManager
09-03 01:56:40.484  2022  3521 W ProcessStats: Tracking association SourceState{4c8cca4 com.google.android.googlequicksearchbox:search/10228 BTop #700361} whose proc state 2 is better than process ProcessState{147c676 com.google.android.googlequicksearchbox:interactor/10228 pkg=com.google.android.googlequicksearchbox} proc state 4 (109 skipped)
09-03 01:56:40.496  2022  2702 D CoreBackPreview: Window{b0801f0 u0 com.VisiArise.visiArise/com.unity3d.player.UnityPlayerActivity}: Setting back callback OnBackInvokedCallbackInfo{mCallback=android.window.IOnBackInvokedCallback$Stub$Proxy@749c68f, mPriority=0, mIsAnimationCallback=false}
09-03 01:56:40.552  2022  2049 I LaunchCheckinHandler: MotoDisplayed com.VisiArise.visiArise/com.unity3d.player.UnityPlayerActivity,cp,ca,257
09-03 01:56:40.572  2022  2702 D CompatibilityChangeReporter: Compat change id reported: 214016041; UID 10277; state: ENABLED
09-03 01:56:40.578  2022  2702 D PowerManagerService: nativeSetPowerMode ret:true mode:5 enabled:false duration ms: 0
09-03 01:56:40.593  2022  2046 E ApplicationHelper: Fail to get PackageManager
09-03 01:56:40.593  2022  2046 E ApplicationHelper: Fail to get PackageManager
09-03 01:56:40.593  2022  2046 E ApplicationHelper: Fail to get PackageManager
09-03 01:56:40.593  2022  2046 E ApplicationHelper: Fail to get PackageManager
09-03 01:56:40.594  2022  2046 E MBrainLocalService: MBrainJava launch failed: SecurityException
09-03 01:56:40.594  2022  2046 D MBrainLocalService: isVendorFreezeConditionPass is false
09-03 01:56:40.594  2022  2046 E MBrainLocalService: notifyAppSwitch failed
09-03 01:56:40.594  2022  2046 D MBrainLocalService: isVendorFreezeConditionPass is false
09-03 01:56:40.594  2022  2046 E MBrainLocalService: notifyAppSwitch failed
09-03 01:56:40.594  2022  2046 E ApplicationHelper: Fail to get PackageManager
09-03 01:56:40.594  2022  2046 E ApplicationHelper: Fail to get PackageManager
09-03 01:56:40.594  2022  2046 E ApplicationHelper: Fail to get PackageManager
09-03 01:56:40.594  2022  2046 E ApplicationHelper: Fail to get PackageManager
09-03 01:56:40.594  2022  2046 E ApplicationHelper: Fail to get PackageManager
09-03 01:56:40.594  2022  2046 E ApplicationHelper: Fail to get PackageManager
09-03 01:56:40.617  2022  2711 W PackageConfigPersister: App-specific configuration not found for packageName: com.VisiArise.visiArise and userId: 0
09-03 01:56:40.650 20480 20480 D VRI[UnityPlayerActivity]: update {(0,0)(fillxfill) ty=BASE_APPLICATION wanim=0x10302fe
09-03 01:56:40.650 20480 20480 D VRI[UnityPlayerActivity]:   fl=KEEP_SCREEN_ON LAYOUT_IN_SCREEN FULLSCREEN LAYOUT_INSET_DECOR SPLIT_TOUCH DRAWS_SYSTEM_BAR_BACKGROUNDS
09-03 01:56:40.650 20480 20480 D VRI[UnityPlayerActivity]:   pfl=NO_MOVE_ANIMATION FORCE_DRAW_STATUS_BAR_BACKGROUND FIT_INSETS_CONTROLLED
09-03 01:56:40.650 20480 20480 D VRI[UnityPlayerActivity]:   bhv=DEFAULT
09-03 01:56:40.650 20480 20480 D VRI[UnityPlayerActivity]:   fitSides=} by setLayoutParams
09-03 01:56:40.684  2640  2683 V WindowManagerShell: Transition animation finished (aborted=false), notifying core (#4210)android.os.BinderProxy@46107df@0
09-03 01:56:40.686  2022  2045 V WindowManager: Finish Transition #4210: created at 09-03 01:56:40.278 collect-started=0.025ms request-sent=8.325ms started=12.543ms ready=56.635ms sent=61.252ms finished=406.733ms
09-03 01:56:40.689  2640  2683 V WindowManagerShell: Track 0 became idle
09-03 01:56:40.689  2640  2683 V WindowManagerShell: All active transition animations finished
09-03 01:56:40.707  2022  2046 E ApplicationHelper: Fail to get PackageManager
09-03 01:56:40.731  2022  2046 E ApplicationHelper: Fail to get PackageManager
09-03 01:56:40.734  2022  2046 E ApplicationHelper: Fail to get PackageManager
09-03 01:56:40.735  2022  2046 E ApplicationHelper: Fail to get PackageManager
