09-03 01:57:04.196 21069 20701 D MtkCam/ATMsEventMgr: [HIDL]get factor(APP_NAME), factor_value(3rd_party)
09-03 01:57:04.199 21069 20651 W MtkCbAdptor: [0-CoreConverter::convertResult] failed to setEntry, MTK_HALCORE_CALLBACK_REALTIME_MODE
09-03 01:57:04.199 21069 20754 D MtkCam/ATMsEventMgr: [HIDL]get factor(APP_NAME), factor_value(3rd_party)
09-03 01:57:04.207 21069 20753 D MtkCam/ATMsEventMgr: [HIDL]get factor(APP_NAME), factor_value(3rd_party)
09-03 01:57:04.212  1715  1715 W HidlServiceManagement: Waited for hwservicemanager.ready for a second, waiting another...
09-03 01:57:04.213  1715  1715 W libc    : Access denied finding property "hwservicemanager.ready"
09-03 01:57:04.213  1715  1715 W libc    : Access denied finding property "hwservicemanager.ready"
09-03 01:57:04.213 20480 20582 W native  : W0000 00:00:1725308824.213699   20582 vio_fault_detector.cc:162] VIO is moving fast with speed (m/s): 0.93703 but RANSAC failed to provide valid frame to frame translation by reporting degeneracy.
09-03 01:57:04.217 21069 20753 D MtkCam/ATMsEventMgr: [HIDL]get factor(APP_NAME), factor_value(3rd_party)
09-03 01:57:04.220 21069 21086 D MtkCam/ATMsEventMgr: [HIDL]get factor(APP_NAME), factor_value(3rd_party)
09-03 01:57:04.224 21069 20701 D MtkCam/ATMsEventMgr: [HIDL]get factor(APP_NAME), factor_value(3rd_party)
09-03 01:57:04.227 20480 20495 I mali_config: @get_buffer_dataspace_setting: update dataspace from GE (0x00000000 -> 0x08020000)
09-03 01:57:04.233 21069 20754 D MtkCam/ATMsEventMgr: [HIDL]get factor(APP_NAME), factor_value(3rd_party)
09-03 01:57:04.233 21069 20651 W MtkCbAdptor: [0-CoreConverter::convertResult] failed to setEntry, MTK_HALCORE_CALLBACK_REALTIME_MODE
09-03 01:57:04.241 21069 20753 D MtkCam/ATMsEventMgr: [HIDL]get factor(APP_NAME), factor_value(3rd_party)
09-03 01:57:04.241  1404  1434 I libPerfCtl: xgfGetFPS pid:2640 fps:-1
09-03 01:57:04.242  1404  1434 I libPerfCtl: xgfGetFPS pid:20480 fps:29
09-03 01:57:04.252 21069 13647 D MtkCam/ATMsEventMgr: [HIDL]get factor(APP_NAME), factor_value(3rd_party)
09-03 01:57:04.253 21069 20753 D MtkCam/ATMsEventMgr: [HIDL]get factor(APP_NAME), factor_value(3rd_party)
09-03 01:57:04.254 21069 20701 D MtkCam/ATMsEventMgr: [HIDL]get factor(APP_NAME), factor_value(3rd_party)
09-03 01:57:04.255 20480 20495 I mali_config: @get_buffer_dataspace_setting: update dataspace from GE (0x00000000 -> 0x08020000)
09-03 01:57:04.266 21069 20754 D MtkCam/ATMsEventMgr: [HIDL]get factor(APP_NAME), factor_value(3rd_party)
09-03 01:57:04.267 21069 20651 W MtkCbAdptor: [0-CoreConverter::convertResult] failed to setEntry, MTK_HALCORE_CALLBACK_REALTIME_MODE
09-03 01:57:04.274 21069 20753 D MtkCam/ATMsEventMgr: [HIDL]get factor(APP_NAME), factor_value(3rd_party)
09-03 01:57:04.284 21069 20753 D MtkCam/ATMsEventMgr: [HIDL]get factor(APP_NAME), factor_value(3rd_party)
09-03 01:57:04.286 21069 21086 D MtkCam/ATMsEventMgr: [HIDL]get factor(APP_NAME), factor_value(3rd_party)
09-03 01:57:04.286 20480 20495 I mali_config: @get_buffer_dataspace_setting: update dataspace from GE (0x00000000 -> 0x08020000)
09-03 01:57:04.295 21069 20701 D MtkCam/ATMsEventMgr: [HIDL]get factor(APP_NAME), factor_value(3rd_party)
09-03 01:57:04.299 21069 20651 W MtkCbAdptor: [0-CoreConverter::convertResult] failed to setEntry, MTK_HALCORE_CALLBACK_REALTIME_MODE
09-03 01:57:04.299 21069 20754 D MtkCam/ATMsEventMgr: [HIDL]get factor(APP_NAME), factor_value(3rd_party)
09-03 01:57:04.307 21069 20753 D MtkCam/ATMsEventMgr: [HIDL]get factor(APP_NAME), factor_value(3rd_party)
09-03 01:57:04.317 21069 20753 D MtkCam/ATMsEventMgr: [HIDL]get factor(APP_NAME), factor_value(3rd_party)
09-03 01:57:04.319 21069 13647 D MtkCam/ATMsEventMgr: [HIDL]get factor(APP_NAME), factor_value(3rd_party)
09-03 01:57:04.321 20480 20495 I mali_config: @get_buffer_dataspace_setting: update dataspace from GE (0x00000000 -> 0x08020000)
09-03 01:57:04.324 21069 20701 D MtkCam/ATMsEventMgr: [HIDL]get factor(APP_NAME), factor_value(3rd_party)
09-03 01:57:04.332 21069 20754 D MtkCam/ATMsEventMgr: [HIDL]get factor(APP_NAME), factor_value(3rd_party)
09-03 01:57:04.333 21069 20651 W MtkCbAdptor: [0-CoreConverter::convertResult] failed to setEntry, MTK_HALCORE_CALLBACK_REALTIME_MODE
09-03 01:57:04.335 20480 20582 W native  : W0000 00:00:1725308824.335334   20582 vio_fault_detector.cc:162] VIO is moving fast with speed (m/s): 1.06182 but RANSAC failed to provide valid frame to frame translation by reporting degeneracy.
09-03 01:57:04.341 21069 20753 D MtkCam/ATMsEventMgr: [HIDL]get factor(APP_NAME), factor_value(3rd_party)
09-03 01:57:04.352 21069 20753 D MtkCam/ATMsEventMgr: [HIDL]get factor(APP_NAME), factor_value(3rd_party)
09-03 01:57:04.352 21069 28333 D MtkCam/ATMsEventMgr: [HIDL]get factor(APP_NAME), factor_value(3rd_party)
09-03 01:57:04.354 20480 20495 I mali_config: @get_buffer_dataspace_setting: update dataspace from GE (0x00000000 -> 0x08020000)
09-03 01:57:04.359 21069 20701 D MtkCam/ATMsEventMgr: [HIDL]get factor(APP_NAME), factor_value(3rd_party)
09-03 01:57:04.366 21069 20754 D MtkCam/ATMsEventMgr: [HIDL]get factor(APP_NAME), factor_value(3rd_party)
09-03 01:57:04.368 21069 20651 W MtkCbAdptor: [0-CoreConverter::convertResult] failed to setEntry, MTK_HALCORE_CALLBACK_REALTIME_MODE
09-03 01:57:04.374 21069 20753 D MtkCam/ATMsEventMgr: [HIDL]get factor(APP_NAME), factor_value(3rd_party)
09-03 01:57:04.385 20480 20495 I mali_config: @get_buffer_dataspace_setting: update dataspace from GE (0x00000000 -> 0x08020000)
09-03 01:57:04.386 21069 20753 D MtkCam/ATMsEventMgr: [HIDL]get factor(APP_NAME), factor_value(3rd_party)
09-03 01:57:04.387 21069 13647 D MtkCam/ATMsEventMgr: [HIDL]get factor(APP_NAME), factor_value(3rd_party)
09-03 01:57:04.391 21069 20701 D MtkCam/ATMsEventMgr: [HIDL]get factor(APP_NAME), factor_value(3rd_party)
09-03 01:57:04.399 21069 20754 D MtkCam/ATMsEventMgr: [HIDL]get factor(APP_NAME), factor_value(3rd_party)
09-03 01:57:04.401  1404  1455 I libPowerHal: [perfLockAcq] idx:0 hdl:357055 hint:25 pid:1404 duration:10000 lock_user:mtkpower@1.0-se => ret_hdl:357055
09-03 01:57:04.401  1404  1455 I libPowerHal: [PE] MTKPOWER_HINT_APP_TOUCH update cmd:3408b00 param:1
09-03 01:57:04.402  1404  1455 I libPowerHal: [perfLockAcq] idx:4 hdl:357056 hint:47 pid:1404 duration:380 lock_user:mtkpower@1.0-se => ret_hdl:357056
09-03 01:57:04.402  1404  1455 I libPowerHal: [setGPUFreq] MTKPOWER_HINT_INTERACTION_LOW user set gpu freq min:3, max:-1
09-03 01:57:04.402  1404  1455 I libPowerHal: MTKPOWER_HINT_INTERACTION_LOW: set gpu opp level: 3
09-03 01:57:04.402  1404  1455 I libPowerHal: MTKPOWER_HINT_INTERACTION_LOW: set gpu opp level max: 0
09-03 01:57:04.402 21069 20651 W MtkCbAdptor: [0-CoreConverter::convertResult] failed to setEntry, MTK_HALCORE_CALLBACK_REALTIME_MODE
09-03 01:57:04.402  1404  1455 I libPowerHal: [setGPUFreq] Soft min/max = (3, 0); Hard min/max = (22, 0)
09-03 01:57:04.402  1404  1455 I libPowerHal: [setGPUFreq] final min/max = (3, 0)
09-03 01:57:04.403  1404  1455 I libPowerHal: MTKPOWER_HINT_INTERACTION_LOW: set gpu opp level: 3
09-03 01:57:04.403  1404  1455 I libPowerHal: MTKPOWER_HINT_INTERACTION_LOW: set gpu opp level max: 0
09-03 01:57:04.403  1404  1455 I libPowerHal: [setClusterHardFreq] MTKPOWER_HINT_INTERACTION_LOW: hard userlimit set cpu freq: 1500000 -1 1550000 -1
09-03 01:57:04.403  1404  1455 I libPowerHal: [setClusterFreq] MTKPOWER_HINT_INTERACTION_LOW: sysfs_freq set cpu freq: 1500000 -1 1550000 -1 
09-03 01:57:04.403  1470  1854 I RefreshRateSelector: getRankedFrameRatesLocked: pkgName=com.VisiArise.visiArise, count=0, vecHeuristicName.size()=0
09-03 01:57:04.404  1404  1455 I libPowerHal: [PE] MTKPOWER_HINT_INTERACTION_LOW update cmd:1408300, param:10
09-03 01:57:04.404  1404  1455 I libPowerHal: set_data_partition_boost: value:1, scn:0xb400007824e48da0
09-03 01:57:04.404  1404  1455 I libPowerHal: set_f2fs_current_flush_merge:1
09-03 01:57:04.404  1404  1455 I libPowerHal: [PE] MTKPOWER_HINT_INTERACTION_LOW update cmd:2c14000 param:1
09-03 01:57:04.405  1404  1455 I libPowerHal: [PE] MTKPOWER_HINT_INTERACTION_LOW update cmd:1000000 param:3
09-03 01:57:04.407 21069 20753 D MtkCam/ATMsEventMgr: [HIDL]get factor(APP_NAME), factor_value(3rd_party)
09-03 01:57:04.413  1404  1455 I libPowerHal: [perfLockRel] hdl:357055, idx:0
09-03 01:57:04.414  1404  1455 I libPowerHal: [PD] MTKPOWER_HINT_APP_TOUCH update cmd:3408b00 param:0
09-03 01:57:04.415 21069 20753 D MtkCam/ATMsEventMgr: [HIDL]get factor(APP_NAME), factor_value(3rd_party)
09-03 01:57:04.418 21069 21069 D MtkCam/ATMsEventMgr: [HIDL]get factor(APP_NAME), factor_value(3rd_party)
09-03 01:57:04.419 20480 20495 I mali_config: @get_buffer_dataspace_setting: update dataspace from GE (0x00000000 -> 0x08020000)
09-03 01:57:04.421 21069 20701 D MtkCam/ATMsEventMgr: [HIDL]get factor(APP_NAME), factor_value(3rd_party)
09-03 01:57:04.431 21069 20651 W MtkCbAdptor: [0-CoreConverter::convertResult] failed to setEntry, MTK_HALCORE_CALLBACK_REALTIME_MODE
09-03 01:57:04.433 21069 20754 D MtkCam/ATMsEventMgr: [HIDL]get factor(APP_NAME), factor_value(3rd_party)
09-03 01:57:04.441 21069 20753 D MtkCam/ATMsEventMgr: [HIDL]get factor(APP_NAME), factor_value(3rd_party)
09-03 01:57:04.449 21069 20701 D MtkCam/ATMsEventMgr: [HIDL]get factor(APP_NAME), factor_value(3rd_party)
09-03 01:57:04.450 21069 20753 D MtkCam/ATMsEventMgr: [HIDL]get factor(APP_NAME), factor_value(3rd_party)
09-03 01:57:04.451 21069 28333 D MtkCam/ATMsEventMgr: [HIDL]get factor(APP_NAME), factor_value(3rd_party)
09-03 01:57:04.455 20480 20495 I mali_config: @get_buffer_dataspace_setting: update dataspace from GE (0x00000000 -> 0x08020000)
09-03 01:57:04.465 21069 20754 D MtkCam/ATMsEventMgr: [HIDL]get factor(APP_NAME), factor_value(3rd_party)
09-03 01:57:04.468 21069 20651 W MtkCbAdptor: [0-CoreConverter::convertResult] failed to setEntry, MTK_HALCORE_CALLBACK_REALTIME_MODE
09-03 01:57:04.474 21069 20753 D MtkCam/ATMsEventMgr: [HIDL]get factor(APP_NAME), factor_value(3rd_party)
09-03 01:57:04.484 21069 20753 D MtkCam/ATMsEventMgr: [HIDL]get factor(APP_NAME), factor_value(3rd_party)
09-03 01:57:04.485 21069 20701 D MtkCam/ATMsEventMgr: [HIDL]get factor(APP_NAME), factor_value(3rd_party)
09-03 01:57:04.485 20480 20495 I mali_config: @get_buffer_dataspace_setting: update dataspace from GE (0x00000000 -> 0x08020000)
09-03 01:57:04.486 21069 21069 D MtkCam/ATMsEventMgr: [HIDL]get factor(APP_NAME), factor_value(3rd_party)
09-03 01:57:04.488 21097 21139 I bt_shim_scanner: handle_remote_properties: handle_remote_properties Update device_type=0x3 addr_type=0x1
09-03 01:57:04.499 21069 20754 D MtkCam/ATMsEventMgr: [HIDL]get factor(APP_NAME), factor_value(3rd_party)
09-03 01:57:04.500  2553  2553 I WifiHAL : Get link layer stats
09-03 01:57:04.500  2553  2553 I WifiHAL : GetLinkStatsCommand::create
09-03 01:57:04.500  2553  2553 D android.hardware.wifi@1.0-service-lazy: WifiRequest::create vendor command to iface 38, vendor_id=0x1a11, subcmd=0x1200, res=0
09-03 01:57:04.501 21069 20651 W MtkCbAdptor: [0-CoreConverter::convertResult] failed to setEntry, MTK_HALCORE_CALLBACK_REALTIME_MODE
09-03 01:57:04.508 21069 20753 D MtkCam/ATMsEventMgr: [HIDL]get factor(APP_NAME), factor_value(3rd_party)
09-03 01:57:04.511  2553  2553 I WifiHAL : GetLinkStatsCommand::handleResponse
09-03 01:57:04.511  2553  2553 E WifiHAL : handleResponse: data=0xb4000073b9461030, len=5288
09-03 01:57:04.511  2553  2553 I WifiHAL : check_data_sanity: confirmed_size=5288, len=5288
09-03 01:57:04.511  2553  2553 I WifiHAL : handleResponse: iface_stat_ptr=0xb4000073b9461030, num_radios=2, radio_stats_ptr=0xb4000073b9461ee0
09-03 01:57:04.511  2553  2553 I WifiHAL : wifi_get_link_stats: result=0
09-03 01:57:04.516 21069 20753 D MtkCam/ATMsEventMgr: [HIDL]get factor(APP_NAME), factor_value(3rd_party)
09-03 01:57:04.518 21069 20701 D MtkCam/ATMsEventMgr: [HIDL]get factor(APP_NAME), factor_value(3rd_party)
09-03 01:57:04.518 20480 20495 I mali_config: @get_buffer_dataspace_setting: update dataspace from GE (0x00000000 -> 0x08020000)
09-03 01:57:04.519 21069 28333 D MtkCam/ATMsEventMgr: [HIDL]get factor(APP_NAME), factor_value(3rd_party)
09-03 01:57:04.516 20480 20480 W UnityMain: type=1400 audit(0.0:628516): avc:  denied  { getattr } for  name="/" dev="dmabuf" ino=1 scontext=u:r:untrusted_app:s0:c21,c257,c512,c768 tcontext=u:object_r:unlabeled:s0 tclass=filesystem permissive=0 app=com.VisiArise.visiArise
09-03 01:57:04.525  2640  2640 D StatusBarIconController: ignoring old pipeline callback because the new wifi icon is enabled
09-03 01:57:04.533 21069 20754 D MtkCam/ATMsEventMgr: [HIDL]get factor(APP_NAME), factor_value(3rd_party)
09-03 01:57:04.534 21069 20651 W MtkCbAdptor: [0-CoreConverter::convertResult] failed to setEntry, MTK_HALCORE_CALLBACK_REALTIME_MODE
09-03 01:57:04.541 21069 20753 D MtkCam/ATMsEventMgr: [HIDL]get factor(APP_NAME), factor_value(3rd_party)
09-03 01:57:04.548 21069 20701 D MtkCam/ATMsEventMgr: [HIDL]get factor(APP_NAME), factor_value(3rd_party)
09-03 01:57:04.550 21069 20753 D MtkCam/ATMsEventMgr: [HIDL]get factor(APP_NAME), factor_value(3rd_party)
09-03 01:57:04.552 21069 21069 D MtkCam/ATMsEventMgr: [HIDL]get factor(APP_NAME), factor_value(3rd_party)
09-03 01:57:04.552 20480 20480 W UnityMain: type=1400 audit(0.0:628517): avc:  denied  { getattr } for  name="/" dev="dmabuf" ino=1 scontext=u:r:untrusted_app:s0:c21,c257,c512,c768 tcontext=u:object_r:unlabeled:s0 tclass=filesystem permissive=0 app=com.VisiArise.visiArise
09-03 01:57:04.565 21069 20651 W MtkCbAdptor: [0-CoreConverter::convertResult] failed to setEntry, MTK_HALCORE_CALLBACK_REALTIME_MODE
09-03 01:57:04.567 21069 20754 D MtkCam/ATMsEventMgr: [HIDL]get factor(APP_NAME), factor_value(3rd_party)
09-03 01:57:04.574 21069 20753 D MtkCam/ATMsEventMgr: [HIDL]get factor(APP_NAME), factor_value(3rd_party)
09-03 01:57:04.583 21069 20753 D MtkCam/ATMsEventMgr: [HIDL]get factor(APP_NAME), factor_value(3rd_party)
09-03 01:57:04.583 21069 20701 D MtkCam/ATMsEventMgr: [HIDL]get factor(APP_NAME), factor_value(3rd_party)
09-03 01:57:04.585 20480 20495 I mali_config: @get_buffer_dataspace_setting: update dataspace from GE (0x00000000 -> 0x08020000)
09-03 01:57:04.586 21069 28333 D MtkCam/ATMsEventMgr: [HIDL]get factor(APP_NAME), factor_value(3rd_party)
09-03 01:57:04.584 20480 20480 W UnityMain: type=1400 audit(0.0:628518): avc:  denied  { getattr } for  name="/" dev="dmabuf" ino=1 scontext=u:r:untrusted_app:s0:c21,c257,c512,c768 tcontext=u:object_r:unlabeled:s0 tclass=filesystem permissive=0 app=com.VisiArise.visiArise
09-03 01:57:04.600 21069 20754 D MtkCam/ATMsEventMgr: [HIDL]get factor(APP_NAME), factor_value(3rd_party)
09-03 01:57:04.602 21069 20651 W MtkCbAdptor: [0-CoreConverter::convertResult] failed to setEntry, MTK_HALCORE_CALLBACK_REALTIME_MODE
09-03 01:57:04.608 21069 20753 D MtkCam/ATMsEventMgr: [HIDL]get factor(APP_NAME), factor_value(3rd_party)
09-03 01:57:04.613 21069 20701 D MtkCam/ATMsEventMgr: [HIDL]get factor(APP_NAME), factor_value(3rd_party)
09-03 01:57:04.616 21069 20753 D MtkCam/ATMsEventMgr: [HIDL]get factor(APP_NAME), factor_value(3rd_party)
09-03 01:57:04.619 20480 20495 I mali_config: @get_buffer_dataspace_setting: update dataspace from GE (0x00000000 -> 0x08020000)
09-03 01:57:04.616 20480 20480 W UnityMain: type=1400 audit(0.0:628519): avc:  denied  { getattr } for  name="/" dev="dmabuf" ino=1 scontext=u:r:untrusted_app:s0:c21,c257,c512,c768 tcontext=u:object_r:unlabeled:s0 tclass=filesystem permissive=0 app=com.VisiArise.visiArise
09-03 01:57:04.619 21069 21086 D MtkCam/ATMsEventMgr: [HIDL]get factor(APP_NAME), factor_value(3rd_party)
09-03 01:57:04.633 21069 20754 D MtkCam/ATMsEventMgr: [HIDL]get factor(APP_NAME), factor_value(3rd_party)
09-03 01:57:04.634 21069 20651 W MtkCbAdptor: [0-CoreConverter::convertResult] failed to setEntry, MTK_HALCORE_CALLBACK_REALTIME_MODE
09-03 01:57:04.641 21069 20753 D MtkCam/ATMsEventMgr: [HIDL]get factor(APP_NAME), factor_value(3rd_party)
09-03 01:57:04.647 20480 20582 W native  : W0000 00:00:1725308824.647854   20582 vio_fault_detector.cc:162] VIO is moving fast with speed (m/s): 1.37924 but RANSAC failed to provide valid frame to frame translation by reporting degeneracy.
09-03 01:57:04.648 21069 20701 D MtkCam/ATMsEventMgr: [HIDL]get factor(APP_NAME), factor_value(3rd_party)
09-03 01:57:04.649 21069 20753 D MtkCam/ATMsEventMgr: [HIDL]get factor(APP_NAME), factor_value(3rd_party)
09-03 01:57:04.652 21069 21069 D MtkCam/ATMsEventMgr: [HIDL]get factor(APP_NAME), factor_value(3rd_party)
09-03 01:57:04.656 20480 20495 I mali_config: @get_buffer_dataspace_setting: update dataspace from GE (0x00000000 -> 0x08020000)
09-03 01:57:04.652 20480 20480 W UnityMain: type=1400 audit(0.0:628520): avc:  denied  { getattr } for  name="/" dev="dmabuf" ino=1 scontext=u:r:untrusted_app:s0:c21,c257,c512,c768 tcontext=u:object_r:unlabeled:s0 tclass=filesystem permissive=0 app=com.VisiArise.visiArise
09-03 01:57:04.666 21069 20651 W MtkCbAdptor: [0-CoreConverter::convertResult] failed to setEntry, MTK_HALCORE_CALLBACK_REALTIME_MODE
09-03 01:57:04.666 21069 20754 D MtkCam/ATMsEventMgr: [HIDL]get factor(APP_NAME), factor_value(3rd_party)
09-03 01:57:04.675 21069 20753 D MtkCam/ATMsEventMgr: [HIDL]get factor(APP_NAME), factor_value(3rd_party)
09-03 01:57:04.675  1470  1470 I BufferQueueProducer: [SurfaceView[com.VisiArise.visiArise/com.unity3d.player.UnityPlayerActivity](BLAST)#67369](this:0xb4000074fb99f9b8,id:-1,api:0,p:-1,c:1470) queueBuffer: fps=30.09 dur=1030.17 max=34.26 min=32.22
09-03 01:57:04.684 21069 20753 D MtkCam/ATMsEventMgr: [HIDL]get factor(APP_NAME), factor_value(3rd_party)
09-03 01:57:04.686 21069 20701 D MtkCam/ATMsEventMgr: [HIDL]get factor(APP_NAME), factor_value(3rd_party)
09-03 01:57:04.686 20480 20495 I mali_config: @get_buffer_dataspace_setting: update dataspace from GE (0x00000000 -> 0x08020000)
09-03 01:57:04.686 21069 21069 D MtkCam/ATMsEventMgr: [HIDL]get factor(APP_NAME), factor_value(3rd_party)
09-03 01:57:04.700 21069 20754 D MtkCam/ATMsEventMgr: [HIDL]get factor(APP_NAME), factor_value(3rd_party)
09-03 01:57:04.702 21069 20651 W MtkCbAdptor: [0-CoreConverter::convertResult] failed to setEntry, MTK_HALCORE_CALLBACK_REALTIME_MODE
09-03 01:57:04.708 21069 20753 D MtkCam/ATMsEventMgr: [HIDL]get factor(APP_NAME), factor_value(3rd_party)
09-03 01:57:04.715 20480 20582 W native  : W0000 00:00:1725308824.715559   20582 vio_fault_detector.cc:162] VIO is moving fast with speed (m/s): 1.4696 but RANSAC failed to provide valid frame to frame translation by reporting degeneracy.
09-03 01:57:04.716 21069 20753 D MtkCam/ATMsEventMgr: [HIDL]get factor(APP_NAME), factor_value(3rd_party)
09-03 01:57:04.719 20480 20495 I mali_config: @get_buffer_dataspace_setting: update dataspace from GE (0x00000000 -> 0x08020000)
09-03 01:57:04.720 21069 20701 D MtkCam/ATMsEventMgr: [HIDL]get factor(APP_NAME), factor_value(3rd_party)
09-03 01:57:04.720 21069 21069 D MtkCam/ATMsEventMgr: [HIDL]get factor(APP_NAME), factor_value(3rd_party)
09-03 01:57:04.732 21069 20651 W MtkCbAdptor: [0-CoreConverter::convertResult] failed to setEntry, MTK_HALCORE_CALLBACK_REALTIME_MODE
09-03 01:57:04.733 21069 20754 D MtkCam/ATMsEventMgr: [HIDL]get factor(APP_NAME), factor_value(3rd_party)
09-03 01:57:04.741 21069 20753 D MtkCam/ATMsEventMgr: [HIDL]get factor(APP_NAME), factor_value(3rd_party)
09-03 01:57:04.748 21069 20701 D MtkCam/ATMsEventMgr: [HIDL]get factor(APP_NAME), factor_value(3rd_party)
09-03 01:57:04.750 21069 20753 D MtkCam/ATMsEventMgr: [HIDL]get factor(APP_NAME), factor_value(3rd_party)
09-03 01:57:04.751 20480 20495 I mali_config: @get_buffer_dataspace_setting: update dataspace from GE (0x00000000 -> 0x08020000)
09-03 01:57:04.752 21069 21086 D MtkCam/ATMsEventMgr: [HIDL]get factor(APP_NAME), factor_value(3rd_party)
09-03 01:57:04.765 21069 20651 W MtkCbAdptor: [0-CoreConverter::convertResult] failed to setEntry, MTK_HALCORE_CALLBACK_REALTIME_MODE
09-03 01:57:04.767 21069 20754 D MtkCam/ATMsEventMgr: [HIDL]get factor(APP_NAME), factor_value(3rd_party)
09-03 01:57:04.775 21069 20753 D MtkCam/ATMsEventMgr: [HIDL]get factor(APP_NAME), factor_value(3rd_party)
09-03 01:57:04.784 21069 20753 D MtkCam/ATMsEventMgr: [HIDL]get factor(APP_NAME), factor_value(3rd_party)
09-03 01:57:04.785  1404  1455 I mtkpower@impl: [powerd_req] TIMER_MSG_PERF_LOCK_TIMEOUT hdl:357056
09-03 01:57:04.785  1404  1455 I libPowerHal: [perfLockRel] hdl:357056, idx:4
09-03 01:57:04.786  1404  1455 I libPowerHal: [setClusterHardFreq] MTKPOWER_HINT_INTERACTION_LOW: hard userlimit set cpu freq: -1 -1 -1 -1
09-03 01:57:04.786  1404  1455 I libPowerHal: [setClusterFreq] MTKPOWER_HINT_INTERACTION_LOW: sysfs_freq set cpu freq: 1000000 -1 1050000 -1 
09-03 01:57:04.786  1404  1455 I libPowerHal: [unsetGPUFreq] current min:3, max:0; scn_gpu_min:3, scn_gpu_max:-1; scn_gpu_min(HL):-1, scn_gpu_max(HL):-1
09-03 01:57:04.786  1404  1455 I libPowerHal: MTKPOWER_HINT_INTERACTION_LOW: set gpu opp level: 22
09-03 01:57:04.786  1404  1455 I libPowerHal: MTKPOWER_HINT_INTERACTION_LOW: set gpu opp level max: 0
09-03 01:57:04.786  1404  1455 I libPowerHal: [setGPUFreq] Soft min/max = (22, 0); Hard min/max = (22, 0)
09-03 01:57:04.786  1404  1455 I libPowerHal: [setGPUFreq] final min/max = (22, 0)
09-03 01:57:04.786  1404  1455 I libPowerHal: MTKPOWER_HINT_INTERACTION_LOW: set gpu opp level: 22
09-03 01:57:04.787  1404  1455 I libPowerHal: MTKPOWER_HINT_INTERACTION_LOW: set gpu opp level max: 0
09-03 01:57:04.787  1404  1455 I libPowerHal: [PD] MTKPOWER_HINT_INTERACTION_LOW update cmd:1408300 param:0
09-03 01:57:04.787 21069 21086 D MtkCam/ATMsEventMgr: [HIDL]get factor(APP_NAME), factor_value(3rd_party)
09-03 01:57:04.788 20480 20495 I mali_config: @get_buffer_dataspace_setting: update dataspace from GE (0x00000000 -> 0x08020000)
09-03 01:57:04.788  1404  1455 I libPowerHal: set_data_partition_boost: value:0, scn:0xb400007824e48da0
09-03 01:57:04.788  1404  1455 I libPowerHal: set_f2fs_current_flush_merge:0
09-03 01:57:04.788  1404  1455 I libPowerHal: [PD] MTKPOWER_HINT_INTERACTION_LOW update cmd:2c14000 param:0
09-03 01:57:04.788  1404  1455 I libPowerHal: [PD] MTKPOWER_HINT_INTERACTION_LOW update cmd:1000000 param:-1
09-03 01:57:04.790 21097 21139 I bt_shim_scanner: handle_remote_properties: handle_remote_properties Update device_type=0x3 addr_type=0x1
09-03 01:57:04.791 21069 20701 D MtkCam/ATMsEventMgr: [HIDL]get factor(APP_NAME), factor_value(3rd_party)
09-03 01:57:04.800 21069 20754 D MtkCam/ATMsEventMgr: [HIDL]get factor(APP_NAME), factor_value(3rd_party)
09-03 01:57:04.801 21069 20651 W MtkCbAdptor: [0-CoreConverter::convertResult] failed to setEntry, MTK_HALCORE_CALLBACK_REALTIME_MODE
09-03 01:57:04.809 21069 20753 D MtkCam/ATMsEventMgr: [HIDL]get factor(APP_NAME), factor_value(3rd_party)
09-03 01:57:04.818 20480 20495 I mali_config: @get_buffer_dataspace_setting: update dataspace from GE (0x00000000 -> 0x08020000)
09-03 01:57:04.820 21069 20753 D MtkCam/ATMsEventMgr: [HIDL]get factor(APP_NAME), factor_value(3rd_party)
09-03 01:57:04.821 21069 13647 D MtkCam/ATMsEventMgr: [HIDL]get factor(APP_NAME), factor_value(3rd_party)
09-03 01:57:04.821 21069 20701 D MtkCam/ATMsEventMgr: [HIDL]get factor(APP_NAME), factor_value(3rd_party)
09-03 01:57:04.833 21069 20754 D MtkCam/ATMsEventMgr: [HIDL]get factor(APP_NAME), factor_value(3rd_party)
09-03 01:57:04.836 21069 21072 D ULogGuard: Monitoring: 20 threads, 7 requests, 1 time-bombs; 17 guards. ResetFlags = 0x7
09-03 01:57:04.836 21069 20651 W MtkCbAdptor: [0-CoreConverter::convertResult] failed to setEntry, MTK_HALCORE_CALLBACK_REALTIME_MODE
09-03 01:57:04.842 21069 20753 D MtkCam/ATMsEventMgr: [HIDL]get factor(APP_NAME), factor_value(3rd_party)
09-03 01:57:04.850 20480 20495 I mali_config: @get_buffer_dataspace_setting: update dataspace from GE (0x00000000 -> 0x08020000)
09-03 01:57:04.852 21069 20753 D MtkCam/ATMsEventMgr: [HIDL]get factor(APP_NAME), factor_value(3rd_party)
09-03 01:57:04.854 21069 21069 D MtkCam/ATMsEventMgr: [HIDL]get factor(APP_NAME), factor_value(3rd_party)
09-03 01:57:04.858 21069 20701 D MtkCam/ATMsEventMgr: [HIDL]get factor(APP_NAME), factor_value(3rd_party)
09-03 01:57:04.867 21069 20651 W MtkCbAdptor: [0-CoreConverter::convertResult] failed to setEntry, MTK_HALCORE_CALLBACK_REALTIME_MODE
09-03 01:57:04.867 21069 20754 D MtkCam/ATMsEventMgr: [HIDL]get factor(APP_NAME), factor_value(3rd_party)
09-03 01:57:04.875 21069 20753 D MtkCam/ATMsEventMgr: [HIDL]get factor(APP_NAME), factor_value(3rd_party)
09-03 01:57:04.884 20480 20495 I mali_config: @get_buffer_dataspace_setting: update dataspace from GE (0x00000000 -> 0x08020000)
09-03 01:57:04.886 21069 20753 D MtkCam/ATMsEventMgr: [HIDL]get factor(APP_NAME), factor_value(3rd_party)
09-03 01:57:04.888 21069 21086 D MtkCam/ATMsEventMgr: [HIDL]get factor(APP_NAME), factor_value(3rd_party)
09-03 01:57:04.894 21069 20701 D MtkCam/ATMsEventMgr: [HIDL]get factor(APP_NAME), factor_value(3rd_party)
09-03 01:57:04.901 21069 20754 D MtkCam/ATMsEventMgr: [HIDL]get factor(APP_NAME), factor_value(3rd_party)
09-03 01:57:04.901 21069 20651 W MtkCbAdptor: [0-CoreConverter::convertResult] failed to setEntry, MTK_HALCORE_CALLBACK_REALTIME_MODE
09-03 01:57:04.909 21069 20753 D MtkCam/ATMsEventMgr: [HIDL]get factor(APP_NAME), factor_value(3rd_party)
09-03 01:57:04.919 20480 20495 I mali_config: @get_buffer_dataspace_setting: update dataspace from GE (0x00000000 -> 0x08020000)
09-03 01:57:04.919 21069 20753 D MtkCam/ATMsEventMgr: [HIDL]get factor(APP_NAME), factor_value(3rd_party)
09-03 01:57:04.922 21069 21086 D MtkCam/ATMsEventMgr: [HIDL]get factor(APP_NAME), factor_value(3rd_party)
09-03 01:57:04.925 21069 20701 D MtkCam/ATMsEventMgr: [HIDL]get factor(APP_NAME), factor_value(3rd_party)
09-03 01:57:04.934 21069 20754 D MtkCam/ATMsEventMgr: [HIDL]get factor(APP_NAME), factor_value(3rd_party)
09-03 01:57:04.935 21069 20651 W MtkCbAdptor: [0-CoreConverter::convertResult] failed to setEntry, MTK_HALCORE_CALLBACK_REALTIME_MODE
09-03 01:57:04.942 21069 20753 D MtkCam/ATMsEventMgr: [HIDL]get factor(APP_NAME), factor_value(3rd_party)
09-03 01:57:04.952 21069 20753 D MtkCam/ATMsEventMgr: [HIDL]get factor(APP_NAME), factor_value(3rd_party)
09-03 01:57:04.954 21069 13647 D MtkCam/ATMsEventMgr: [HIDL]get factor(APP_NAME), factor_value(3rd_party)
09-03 01:57:04.954 20480 20495 I mali_config: @get_buffer_dataspace_setting: update dataspace from GE (0x00000000 -> 0x08020000)
09-03 01:57:04.955 21069 20701 D MtkCam/ATMsEventMgr: [HIDL]get factor(APP_NAME), factor_value(3rd_party)
09-03 01:57:04.959  1348  1440 I hwcomposer: [HWCDisplay] [Display_0 (type:1)] fps:29.644745,dur:1011.98,max:48.72,min:31.33  
09-03 01:57:04.967 21069 20651 W MtkCbAdptor: [0-CoreConverter::convertResult] failed to setEntry, MTK_HALCORE_CALLBACK_REALTIME_MODE
09-03 01:57:04.967 21069 20754 D MtkCam/ATMsEventMgr: [HIDL]get factor(APP_NAME), factor_value(3rd_party)
09-03 01:57:04.975 21069 20753 D MtkCam/ATMsEventMgr: [HIDL]get factor(APP_NAME), factor_value(3rd_party)
09-03 01:57:04.979 20480 20584 I native  : I0000 00:00:1725308824.978286   20584 viwls_helper.cc:222] Run Lite-COM for the map optimization. Fixed 0 point landmarks.
09-03 01:57:04.985 21069 20753 D MtkCam/ATMsEventMgr: [HIDL]get factor(APP_NAME), factor_value(3rd_party)
09-03 01:57:04.988 21069 21086 D MtkCam/ATMsEventMgr: [HIDL]get factor(APP_NAME), factor_value(3rd_party)
09-03 01:57:04.989 20480 20495 I mali_config: @get_buffer_dataspace_setting: update dataspace from GE (0x00000000 -> 0x08020000)
09-03 01:57:04.992 21069 20701 D MtkCam/ATMsEventMgr: [HIDL]get factor(APP_NAME), factor_value(3rd_party)
09-03 01:57:04.999 20480 20584 I native  : I0000 00:00:1725308824.999800   20584 viwls_helper.cc:222] Run Lite-COM for the map optimization. Fixed 0 point landmarks.
09-03 01:57:05.000 21069 20754 D MtkCam/ATMsEventMgr: [HIDL]get factor(APP_NAME), factor_value(3rd_party)
09-03 01:57:05.003 21069 20651 W MtkCbAdptor: [0-CoreConverter::convertResult] failed to setEntry, MTK_HALCORE_CALLBACK_REALTIME_MODE
09-03 01:57:05.008 21069 20753 D MtkCam/ATMsEventMgr: [HIDL]get factor(APP_NAME), factor_value(3rd_party)
09-03 01:57:05.019 21069 20753 D MtkCam/ATMsEventMgr: [HIDL]get factor(APP_NAME), factor_value(3rd_party)
09-03 01:57:05.021 21069 20701 D MtkCam/ATMsEventMgr: [HIDL]get factor(APP_NAME), factor_value(3rd_party)
09-03 01:57:05.021 21069 21086 D MtkCam/ATMsEventMgr: [HIDL]get factor(APP_NAME), factor_value(3rd_party)
09-03 01:57:05.025 20480 20495 I mali_config: @get_buffer_dataspace_setting: update dataspace from GE (0x00000000 -> 0x08020000)
09-03 01:57:05.034 21069 20754 D MtkCam/ATMsEventMgr: [HIDL]get factor(APP_NAME), factor_value(3rd_party)
09-03 01:57:05.036 21069 20651 W MtkCbAdptor: [0-CoreConverter::convertResult] failed to setEntry, MTK_HALCORE_CALLBACK_REALTIME_MODE
09-03 01:57:05.042 21069 20753 D MtkCam/ATMsEventMgr: [HIDL]get factor(APP_NAME), factor_value(3rd_party)
09-03 01:57:05.053 21069 20753 D MtkCam/ATMsEventMgr: [HIDL]get factor(APP_NAME), factor_value(3rd_party)
09-03 01:57:05.054 21069 21086 D MtkCam/ATMsEventMgr: [HIDL]get factor(APP_NAME), factor_value(3rd_party)
09-03 01:57:05.056 20480 20495 I mali_config: @get_buffer_dataspace_setting: update dataspace from GE (0x00000000 -> 0x08020000)
09-03 01:57:05.057 21069 20701 D MtkCam/ATMsEventMgr: [HIDL]get factor(APP_NAME), factor_value(3rd_party)
09-03 01:57:05.068 21069 20754 D MtkCam/ATMsEventMgr: [HIDL]get factor(APP_NAME), factor_value(3rd_party)
09-03 01:57:05.068 21069 20651 W MtkCbAdptor: [0-CoreConverter::convertResult] failed to setEntry, MTK_HALCORE_CALLBACK_REALTIME_MODE
09-03 01:57:05.075 21069 20753 D MtkCam/ATMsEventMgr: [HIDL]get factor(APP_NAME), factor_value(3rd_party)
09-03 01:57:05.085 21069 20753 D MtkCam/ATMsEventMgr: [HIDL]get factor(APP_NAME), factor_value(3rd_party)
09-03 01:57:05.087 21069 28333 D MtkCam/ATMsEventMgr: [HIDL]get factor(APP_NAME), factor_value(3rd_party)
09-03 01:57:05.092 20480 20495 I mali_config: @get_buffer_dataspace_setting: update dataspace from GE (0x00000000 -> 0x08020000)
09-03 01:57:05.093 21069 20701 D MtkCam/ATMsEventMgr: [HIDL]get factor(APP_NAME), factor_value(3rd_party)
09-03 01:57:05.100 21069 20754 D MtkCam/ATMsEventMgr: [HIDL]get factor(APP_NAME), factor_value(3rd_party)
09-03 01:57:05.101 21069 20651 W MtkCbAdptor: [0-CoreConverter::convertResult] failed to setEntry, MTK_HALCORE_CALLBACK_REALTIME_MODE
09-03 01:57:05.109 21069 20753 D MtkCam/ATMsEventMgr: [HIDL]get factor(APP_NAME), factor_value(3rd_party)
09-03 01:57:05.119 21069 20753 D MtkCam/ATMsEventMgr: [HIDL]get factor(APP_NAME), factor_value(3rd_party)
09-03 01:57:05.119 21069 21086 D MtkCam/ATMsEventMgr: [HIDL]get factor(APP_NAME), factor_value(3rd_party)
09-03 01:57:05.122 21069 20701 D MtkCam/ATMsEventMgr: [HIDL]get factor(APP_NAME), factor_value(3rd_party)
09-03 01:57:05.124 20480 20495 I mali_config: @get_buffer_dataspace_setting: update dataspace from GE (0x00000000 -> 0x08020000)
09-03 01:57:05.134 21069 20651 W MtkCbAdptor: [0-CoreConverter::convertResult] failed to setEntry, MTK_HALCORE_CALLBACK_REALTIME_MODE
09-03 01:57:05.134 21069 20754 D MtkCam/ATMsEventMgr: [HIDL]get factor(APP_NAME), factor_value(3rd_party)
09-03 01:57:05.142 21069 20753 D MtkCam/ATMsEventMgr: [HIDL]get factor(APP_NAME), factor_value(3rd_party)
09-03 01:57:05.149 20480 20582 W native  : W0000 00:00:1725308825.149171   20582 vio_fault_detector.cc:162] VIO is moving fast with speed (m/s): 1.76413 but RANSAC failed to provide valid frame to frame translation by reporting degeneracy.
09-03 01:57:05.150 21069 20701 D MtkCam/ATMsEventMgr: [HIDL]get factor(APP_NAME), factor_value(3rd_party)
09-03 01:57:05.152 21069 20753 D MtkCam/ATMsEventMgr: [HIDL]get factor(APP_NAME), factor_value(3rd_party)
09-03 01:57:05.154 21069 21069 D MtkCam/ATMsEventMgr: [HIDL]get factor(APP_NAME), factor_value(3rd_party)
09-03 01:57:05.155 20480 20495 I mali_config: @get_buffer_dataspace_setting: update dataspace from GE (0x00000000 -> 0x08020000)
09-03 01:57:05.165 21069 20651 W MtkCbAdptor: [0-CoreConverter::convertResult] failed to setEntry, MTK_HALCORE_CALLBACK_REALTIME_MODE
09-03 01:57:05.168 21069 20754 D MtkCam/ATMsEventMgr: [HIDL]get factor(APP_NAME), factor_value(3rd_party)
09-03 01:57:05.176 21069 20753 D MtkCam/ATMsEventMgr: [HIDL]get factor(APP_NAME), factor_value(3rd_party)
09-03 01:57:05.184 20480 20495 I mali_config: @get_buffer_dataspace_setting: update dataspace from GE (0x00000000 -> 0x08020000)
09-03 01:57:05.186 21069 20753 D MtkCam/ATMsEventMgr: [HIDL]get factor(APP_NAME), factor_value(3rd_party)
09-03 01:57:05.189 21069 21086 D MtkCam/ATMsEventMgr: [HIDL]get factor(APP_NAME), factor_value(3rd_party)
09-03 01:57:05.189 21069 30814 I HfLooper: LIGHT_SENSOR lux = 14.000000, timestamp = 352171497360236 
09-03 01:57:05.189  1358  1398 I HfLooper: LIGHT_SENSOR lux = 14.000000, timestamp = 352171497360236 
09-03 01:57:05.191 21069 20701 D MtkCam/ATMsEventMgr: [HIDL]get factor(APP_NAME), factor_value(3rd_party)
09-03 01:57:05.201 21069 20651 W MtkCbAdptor: [0-CoreConverter::convertResult] failed to setEntry, MTK_HALCORE_CALLBACK_REALTIME_MODE
09-03 01:57:05.201 21069 20754 D MtkCam/ATMsEventMgr: [HIDL]get factor(APP_NAME), factor_value(3rd_party)
09-03 01:57:05.210 21069 20753 D MtkCam/ATMsEventMgr: [HIDL]get factor(APP_NAME), factor_value(3rd_party)
09-03 01:57:05.215  1715  1715 W HidlServiceManagement: Waited for hwservicemanager.ready for a second, waiting another...
09-03 01:57:05.215  1715  1715 W libc    : Access denied finding property "hwservicemanager.ready"
09-03 01:57:05.215  1715  1715 W libc    : Access denied finding property "hwservicemanager.ready"
09-03 01:57:05.219 20480 20495 I mali_config: @get_buffer_dataspace_setting: update dataspace from GE (0x00000000 -> 0x08020000)
09-03 01:57:05.221 21069 20753 D MtkCam/ATMsEventMgr: [HIDL]get factor(APP_NAME), factor_value(3rd_party)
09-03 01:57:05.222 21069 13647 D MtkCam/ATMsEventMgr: [HIDL]get factor(APP_NAME), factor_value(3rd_party)
09-03 01:57:05.228 21069 20701 D MtkCam/ATMsEventMgr: [HIDL]get factor(APP_NAME), factor_value(3rd_party)
09-03 01:57:05.234 20480 20584 I native  : I0000 00:00:1725308825.234156   20584 viwls_optimization.cc:1293] MAP SOLVE: NO_CONVERGENCE
09-03 01:57:05.234 20480 20584 I native  : I0000 00:00:1725308825.234256   20584 viwls_optimization.cc:1199] Skip Map State Update
09-03 01:57:05.235 21069 20754 D MtkCam/ATMsEventMgr: [HIDL]get factor(APP_NAME), factor_value(3rd_party)
09-03 01:57:05.235 21069 20651 W MtkCbAdptor: [0-CoreConverter::convertResult] failed to setEntry, MTK_HALCORE_CALLBACK_REALTIME_MODE
09-03 01:57:05.241  1404  1434 I libPerfCtl: xgfGetFPS pid:2640 fps:-1
09-03 01:57:05.242  1404  1434 I libPerfCtl: xgfGetFPS pid:20480 fps:29
09-03 01:57:05.243 21069 20753 D MtkCam/ATMsEventMgr: [HIDL]get factor(APP_NAME), factor_value(3rd_party)
09-03 01:57:05.252 21069 20753 D MtkCam/ATMsEventMgr: [HIDL]get factor(APP_NAME), factor_value(3rd_party)
09-03 01:57:05.255 21069 13647 D MtkCam/ATMsEventMgr: [HIDL]get factor(APP_NAME), factor_value(3rd_party)
09-03 01:57:05.257 20480 20495 I mali_config: @get_buffer_dataspace_setting: update dataspace from GE (0x00000000 -> 0x08020000)
09-03 01:57:05.258 21069 20701 D MtkCam/ATMsEventMgr: [HIDL]get factor(APP_NAME), factor_value(3rd_party)
09-03 01:57:05.268 21069 20651 W MtkCbAdptor: [0-CoreConverter::convertResult] failed to setEntry, MTK_HALCORE_CALLBACK_REALTIME_MODE
09-03 01:57:05.268 21069 20754 D MtkCam/ATMsEventMgr: [HIDL]get factor(APP_NAME), factor_value(3rd_party)
09-03 01:57:05.275 20480 20582 W native  : W0000 00:00:1725308825.275891   20582 vio_fault_detector.cc:162] VIO is moving fast with speed (m/s): 1.97312 but RANSAC failed to provide valid frame to frame translation by reporting degeneracy.
09-03 01:57:05.276 21069 20753 D MtkCam/ATMsEventMgr: [HIDL]get factor(APP_NAME), factor_value(3rd_party)
09-03 01:57:05.284 21069 20753 D MtkCam/ATMsEventMgr: [HIDL]get factor(APP_NAME), factor_value(3rd_party)
09-03 01:57:05.287 21069 28333 D MtkCam/ATMsEventMgr: [HIDL]get factor(APP_NAME), factor_value(3rd_party)
09-03 01:57:05.290 20480 20495 I mali_config: @get_buffer_dataspace_setting: update dataspace from GE (0x00000000 -> 0x08020000)
09-03 01:57:05.291 21069 20701 D MtkCam/ATMsEventMgr: [HIDL]get factor(APP_NAME), factor_value(3rd_party)
09-03 01:57:05.301 21069 20754 D MtkCam/ATMsEventMgr: [HIDL]get factor(APP_NAME), factor_value(3rd_party)
09-03 01:57:05.302 21069 20651 W MtkCbAdptor: [0-CoreConverter::convertResult] failed to setEntry, MTK_HALCORE_CALLBACK_REALTIME_MODE
09-03 01:57:05.309 21069 20753 D MtkCam/ATMsEventMgr: [HIDL]get factor(APP_NAME), factor_value(3rd_party)
09-03 01:57:05.318 21069 20753 D MtkCam/ATMsEventMgr: [HIDL]get factor(APP_NAME), factor_value(3rd_party)
09-03 01:57:05.318 20480 20495 I mali_config: @get_buffer_dataspace_setting: update dataspace from GE (0x00000000 -> 0x08020000)
09-03 01:57:05.320 21069 20701 D MtkCam/ATMsEventMgr: [HIDL]get factor(APP_NAME), factor_value(3rd_party)
09-03 01:57:05.321 21069 13647 D MtkCam/ATMsEventMgr: [HIDL]get factor(APP_NAME), factor_value(3rd_party)
09-03 01:57:05.335 21069 20754 D MtkCam/ATMsEventMgr: [HIDL]get factor(APP_NAME), factor_value(3rd_party)
09-03 01:57:05.337 21069 20651 W MtkCbAdptor: [0-CoreConverter::convertResult] failed to setEntry, MTK_HALCORE_CALLBACK_REALTIME_MODE
09-03 01:57:05.343 21069 20753 D MtkCam/ATMsEventMgr: [HIDL]get factor(APP_NAME), factor_value(3rd_party)
09-03 01:57:05.349 21069 20701 D MtkCam/ATMsEventMgr: [HIDL]get factor(APP_NAME), factor_value(3rd_party)
09-03 01:57:05.354 21069 20753 D MtkCam/ATMsEventMgr: [HIDL]get factor(APP_NAME), factor_value(3rd_party)
09-03 01:57:05.354 20480 20495 I mali_config: @get_buffer_dataspace_setting: update dataspace from GE (0x00000000 -> 0x08020000)
09-03 01:57:05.356 21069 13647 D MtkCam/ATMsEventMgr: [HIDL]get factor(APP_NAME), factor_value(3rd_party)
09-03 01:57:05.368 21069 20754 D MtkCam/ATMsEventMgr: [HIDL]get factor(APP_NAME), factor_value(3rd_party)
09-03 01:57:05.374 21069 20651 W MtkCbAdptor: [0-CoreConverter::convertResult] failed to setEntry, MTK_HALCORE_CALLBACK_REALTIME_MODE
09-03 01:57:05.376 21069 20753 D MtkCam/ATMsEventMgr: [HIDL]get factor(APP_NAME), factor_value(3rd_party)
09-03 01:57:05.386 20480 20495 I mali_config: @get_buffer_dataspace_setting: update dataspace from GE (0x00000000 -> 0x08020000)
09-03 01:57:05.387 21069 20753 D MtkCam/ATMsEventMgr: [HIDL]get factor(APP_NAME), factor_value(3rd_party)
09-03 01:57:05.389 21069 13647 D MtkCam/ATMsEventMgr: [HIDL]get factor(APP_NAME), factor_value(3rd_party)
09-03 01:57:05.390 21069 20701 D MtkCam/ATMsEventMgr: [HIDL]get factor(APP_NAME), factor_value(3rd_party)
09-03 01:57:05.402 21069 20754 D MtkCam/ATMsEventMgr: [HIDL]get factor(APP_NAME), factor_value(3rd_party)
09-03 01:57:05.404  1470  1854 I RefreshRateSelector: getRankedFrameRatesLocked: pkgName=com.VisiArise.visiArise, count=0, vecHeuristicName.size()=0
09-03 01:57:05.404 21069 20651 W MtkCbAdptor: [0-CoreConverter::convertResult] failed to setEntry, MTK_HALCORE_CALLBACK_REALTIME_MODE
09-03 01:57:05.410 21069 20753 D MtkCam/ATMsEventMgr: [HIDL]get factor(APP_NAME), factor_value(3rd_party)
09-03 01:57:05.420 21069 20701 D MtkCam/ATMsEventMgr: [HIDL]get factor(APP_NAME), factor_value(3rd_party)
09-03 01:57:05.421 21069 20753 D MtkCam/ATMsEventMgr: [HIDL]get factor(APP_NAME), factor_value(3rd_party)
09-03 01:57:05.421 20480 20495 I mali_config: @get_buffer_dataspace_setting: update dataspace from GE (0x00000000 -> 0x08020000)
09-03 01:57:05.423 21069 21069 D MtkCam/ATMsEventMgr: [HIDL]get factor(APP_NAME), factor_value(3rd_party)
09-03 01:57:05.434 21069 20651 W MtkCbAdptor: [0-CoreConverter::convertResult] failed to setEntry, MTK_HALCORE_CALLBACK_REALTIME_MODE
09-03 01:57:05.435 21069 20754 D MtkCam/ATMsEventMgr: [HIDL]get factor(APP_NAME), factor_value(3rd_party)
09-03 01:57:05.443 21069 20753 D MtkCam/ATMsEventMgr: [HIDL]get factor(APP_NAME), factor_value(3rd_party)
09-03 01:57:05.452 21069 20701 D MtkCam/ATMsEventMgr: [HIDL]get factor(APP_NAME), factor_value(3rd_party)
09-03 01:57:05.453 20480 20495 I mali_config: @get_buffer_dataspace_setting: update dataspace from GE (0x00000000 -> 0x08020000)
09-03 01:57:05.454 21069 20753 D MtkCam/ATMsEventMgr: [HIDL]get factor(APP_NAME), factor_value(3rd_party)
09-03 01:57:05.455 21069 13647 D MtkCam/ATMsEventMgr: [HIDL]get factor(APP_NAME), factor_value(3rd_party)
09-03 01:57:05.468 21069 20754 D MtkCam/ATMsEventMgr: [HIDL]get factor(APP_NAME), factor_value(3rd_party)
09-03 01:57:05.469 21069 20651 W MtkCbAdptor: [0-CoreConverter::convertResult] failed to setEntry, MTK_HALCORE_CALLBACK_REALTIME_MODE
09-03 01:57:05.476 21069 20753 D MtkCam/ATMsEventMgr: [HIDL]get factor(APP_NAME), factor_value(3rd_party)
09-03 01:57:05.487 21069 20753 D MtkCam/ATMsEventMgr: [HIDL]get factor(APP_NAME), factor_value(3rd_party)
09-03 01:57:05.489 21069 28333 D MtkCam/ATMsEventMgr: [HIDL]get factor(APP_NAME), factor_value(3rd_party)
09-03 01:57:05.489 21069 20701 D MtkCam/ATMsEventMgr: [HIDL]get factor(APP_NAME), factor_value(3rd_party)
09-03 01:57:05.491 20480 20495 I mali_config: @get_buffer_dataspace_setting: update dataspace from GE (0x00000000 -> 0x08020000)
09-03 01:57:05.499  1358  1398 I HfLooper: LIGHT_SENSOR lux = 12.000000, timestamp = 352171807669098 
09-03 01:57:05.499 21069 30814 I HfLooper: LIGHT_SENSOR lux = 12.000000, timestamp = 352171807669098 
09-03 01:57:05.502 21069 20754 D MtkCam/ATMsEventMgr: [HIDL]get factor(APP_NAME), factor_value(3rd_party)
09-03 01:57:05.502 21069 20651 W MtkCbAdptor: [0-CoreConverter::convertResult] failed to setEntry, MTK_HALCORE_CALLBACK_REALTIME_MODE
09-03 01:57:05.511 21069 20753 D MtkCam/ATMsEventMgr: [HIDL]get factor(APP_NAME), factor_value(3rd_party)
09-03 01:57:05.518 20480 20495 I mali_config: @get_buffer_dataspace_setting: update dataspace from GE (0x00000000 -> 0x08020000)
09-03 01:57:05.521 21069 20753 D MtkCam/ATMsEventMgr: [HIDL]get factor(APP_NAME), factor_value(3rd_party)
09-03 01:57:05.523 21069 21069 D MtkCam/ATMsEventMgr: [HIDL]get factor(APP_NAME), factor_value(3rd_party)
09-03 01:57:05.526 21069 20701 D MtkCam/ATMsEventMgr: [HIDL]get factor(APP_NAME), factor_value(3rd_party)
09-03 01:57:05.536 21069 20754 D MtkCam/ATMsEventMgr: [HIDL]get factor(APP_NAME), factor_value(3rd_party)
09-03 01:57:05.537 21069 20651 W MtkCbAdptor: [0-CoreConverter::convertResult] failed to setEntry, MTK_HALCORE_CALLBACK_REALTIME_MODE
09-03 01:57:05.544 21069 20753 D MtkCam/ATMsEventMgr: [HIDL]get factor(APP_NAME), factor_value(3rd_party)
09-03 01:57:05.554 21069 20701 D MtkCam/ATMsEventMgr: [HIDL]get factor(APP_NAME), factor_value(3rd_party)
09-03 01:57:05.556 21069 20753 D MtkCam/ATMsEventMgr: [HIDL]get factor(APP_NAME), factor_value(3rd_party)
09-03 01:57:05.557 21069 28333 D MtkCam/ATMsEventMgr: [HIDL]get factor(APP_NAME), factor_value(3rd_party)
09-03 01:57:05.560 20480 20495 I mali_config: @get_buffer_dataspace_setting: update dataspace from GE (0x00000000 -> 0x08020000)
09-03 01:57:05.556 20480 20480 W UnityMain: type=1400 audit(0.0:628549): avc:  denied  { getattr } for  name="/" dev="dmabuf" ino=1 scontext=u:r:untrusted_app:s0:c21,c257,c512,c768 tcontext=u:object_r:unlabeled:s0 tclass=filesystem permissive=0 app=com.VisiArise.visiArise
09-03 01:57:05.569 21069 20754 D MtkCam/ATMsEventMgr: [HIDL]get factor(APP_NAME), factor_value(3rd_party)
09-03 01:57:05.571 21069 20651 W MtkCbAdptor: [0-CoreConverter::convertResult] failed to setEntry, MTK_HALCORE_CALLBACK_REALTIME_MODE
09-03 01:57:05.578 21069 20753 D MtkCam/ATMsEventMgr: [HIDL]get factor(APP_NAME), factor_value(3rd_party)
09-03 01:57:05.585 20480 20495 I mali_config: @get_buffer_dataspace_setting: update dataspace from GE (0x00000000 -> 0x08020000)
09-03 01:57:05.584 20480 20480 W UnityMain: type=1400 audit(0.0:628550): avc:  denied  { getattr } for  name="/" dev="dmabuf" ino=1 scontext=u:r:untrusted_app:s0:c21,c257,c512,c768 tcontext=u:object_r:unlabeled:s0 tclass=filesystem permissive=0 app=com.VisiArise.visiArise
09-03 01:57:05.589 21069 20753 D MtkCam/ATMsEventMgr: [HIDL]get factor(APP_NAME), factor_value(3rd_party)
09-03 01:57:05.590 21069 13647 D MtkCam/ATMsEventMgr: [HIDL]get factor(APP_NAME), factor_value(3rd_party)
09-03 01:57:05.595 21069 20701 D MtkCam/ATMsEventMgr: [HIDL]get factor(APP_NAME), factor_value(3rd_party)
09-03 01:57:05.602 21069 20754 D MtkCam/ATMsEventMgr: [HIDL]get factor(APP_NAME), factor_value(3rd_party)
09-03 01:57:05.605 21069 20651 W MtkCbAdptor: [0-CoreConverter::convertResult] failed to setEntry, MTK_HALCORE_CALLBACK_REALTIME_MODE
09-03 01:57:05.610 21069 20753 D MtkCam/ATMsEventMgr: [HIDL]get factor(APP_NAME), factor_value(3rd_party)
09-03 01:57:05.618 20480 20495 I mali_config: @get_buffer_dataspace_setting: update dataspace from GE (0x00000000 -> 0x08020000)
09-03 01:57:05.616 20480 20480 W UnityMain: type=1400 audit(0.0:628551): avc:  denied  { getattr } for  name="/" dev="dmabuf" ino=1 scontext=u:r:untrusted_app:s0:c21,c257,c512,c768 tcontext=u:object_r:unlabeled:s0 tclass=filesystem permissive=0 app=com.VisiArise.visiArise
09-03 01:57:05.620 21069 20753 D MtkCam/ATMsEventMgr: [HIDL]get factor(APP_NAME), factor_value(3rd_party)
09-03 01:57:05.623 21069 21069 D MtkCam/ATMsEventMgr: [HIDL]get factor(APP_NAME), factor_value(3rd_party)
09-03 01:57:05.625 21069 20701 D MtkCam/ATMsEventMgr: [HIDL]get factor(APP_NAME), factor_value(3rd_party)
09-03 01:57:05.635 21069 20651 W MtkCbAdptor: [0-CoreConverter::convertResult] failed to setEntry, MTK_HALCORE_CALLBACK_REALTIME_MODE
09-03 01:57:05.635 21069 20754 D MtkCam/ATMsEventMgr: [HIDL]get factor(APP_NAME), factor_value(3rd_party)
09-03 01:57:05.644 21069 20753 D MtkCam/ATMsEventMgr: [HIDL]get factor(APP_NAME), factor_value(3rd_party)
09-03 01:57:05.654 21069 20753 D MtkCam/ATMsEventMgr: [HIDL]get factor(APP_NAME), factor_value(3rd_party)
09-03 01:57:05.656 21069 21086 D MtkCam/ATMsEventMgr: [HIDL]get factor(APP_NAME), factor_value(3rd_party)
09-03 01:57:05.661 21069 20701 D MtkCam/ATMsEventMgr: [HIDL]get factor(APP_NAME), factor_value(3rd_party)
09-03 01:57:05.662 20480 20495 I mali_config: @get_buffer_dataspace_setting: update dataspace from GE (0x00000000 -> 0x08020000)
09-03 01:57:05.660 20480 20480 W UnityMain: type=1400 audit(0.0:628552): avc:  denied  { getattr } for  name="/" dev="dmabuf" ino=1 scontext=u:r:untrusted_app:s0:c21,c257,c512,c768 tcontext=u:object_r:unlabeled:s0 tclass=filesystem permissive=0 app=com.VisiArise.visiArise
09-03 01:57:05.669 21069 20754 D MtkCam/ATMsEventMgr: [HIDL]get factor(APP_NAME), factor_value(3rd_party)
09-03 01:57:05.669 21069 20651 W MtkCbAdptor: [0-CoreConverter::convertResult] failed to setEntry, MTK_HALCORE_CALLBACK_REALTIME_MODE
09-03 01:57:05.677 21069 20753 D MtkCam/ATMsEventMgr: [HIDL]get factor(APP_NAME), factor_value(3rd_party)
09-03 01:57:05.686 20480 20495 I mali_config: @get_buffer_dataspace_setting: update dataspace from GE (0x00000000 -> 0x08020000)
09-03 01:57:05.684 20480 20480 W UnityMain: type=1400 audit(0.0:628553): avc:  denied  { getattr } for  name="/" dev="dmabuf" ino=1 scontext=u:r:untrusted_app:s0:c21,c257,c512,c768 tcontext=u:object_r:unlabeled:s0 tclass=filesystem permissive=0 app=com.VisiArise.visiArise
09-03 01:57:05.687  1470  1470 I BufferQueueProducer: [SurfaceView[com.VisiArise.visiArise/com.unity3d.player.UnityPlayerActivity](BLAST)#67369](this:0xb4000074fb99f9b8,id:-1,api:0,p:-1,c:1470) queueBuffer: fps=29.64 dur=1012.12 max=49.78 min=32.37
09-03 01:57:05.688 21069 20753 D MtkCam/ATMsEventMgr: [HIDL]get factor(APP_NAME), factor_value(3rd_party)
09-03 01:57:05.690 21069 13647 D MtkCam/ATMsEventMgr: [HIDL]get factor(APP_NAME), factor_value(3rd_party)
09-03 01:57:05.694 21069 20701 D MtkCam/ATMsEventMgr: [HIDL]get factor(APP_NAME), factor_value(3rd_party)
09-03 01:57:05.702 21069 20754 D MtkCam/ATMsEventMgr: [HIDL]get factor(APP_NAME), factor_value(3rd_party)
09-03 01:57:05.704 21069 20651 W MtkCbAdptor: [0-CoreConverter::convertResult] failed to setEntry, MTK_HALCORE_CALLBACK_REALTIME_MODE
09-03 01:57:05.710 21069 20753 D MtkCam/ATMsEventMgr: [HIDL]get factor(APP_NAME), factor_value(3rd_party)
09-03 01:57:05.718 20480 20495 I mali_config: @get_buffer_dataspace_setting: update dataspace from GE (0x00000000 -> 0x08020000)
09-03 01:57:05.721 21069 20753 D MtkCam/ATMsEventMgr: [HIDL]get factor(APP_NAME), factor_value(3rd_party)
09-03 01:57:05.723 21069 28333 D MtkCam/ATMsEventMgr: [HIDL]get factor(APP_NAME), factor_value(3rd_party)
09-03 01:57:05.730 21069 20701 D MtkCam/ATMsEventMgr: [HIDL]get factor(APP_NAME), factor_value(3rd_party)
09-03 01:57:05.736 21069 20754 D MtkCam/ATMsEventMgr: [HIDL]get factor(APP_NAME), factor_value(3rd_party)
09-03 01:57:05.736 21069 20651 W MtkCbAdptor: [0-CoreConverter::convertResult] failed to setEntry, MTK_HALCORE_CALLBACK_REALTIME_MODE
09-03 01:57:05.744 21069 20753 D MtkCam/ATMsEventMgr: [HIDL]get factor(APP_NAME), factor_value(3rd_party)
09-03 01:57:05.754 21069 20753 D MtkCam/ATMsEventMgr: [HIDL]get factor(APP_NAME), factor_value(3rd_party)
09-03 01:57:05.756 21069 21069 D MtkCam/ATMsEventMgr: [HIDL]get factor(APP_NAME), factor_value(3rd_party)
09-03 01:57:05.759 21069 20701 D MtkCam/ATMsEventMgr: [HIDL]get factor(APP_NAME), factor_value(3rd_party)
09-03 01:57:05.760 20480 20495 I mali_config: @get_buffer_dataspace_setting: update dataspace from GE (0x00000000 -> 0x08020000)
09-03 01:57:05.767 21069 20651 W MtkCbAdptor: [0-CoreConverter::convertResult] failed to setEntry, MTK_HALCORE_CALLBACK_REALTIME_MODE
09-03 01:57:05.769 21069 20754 D MtkCam/ATMsEventMgr: [HIDL]get factor(APP_NAME), factor_value(3rd_party)
09-03 01:57:05.777 21069 20753 D MtkCam/ATMsEventMgr: [HIDL]get factor(APP_NAME), factor_value(3rd_party)
09-03 01:57:05.788 21069 20753 D MtkCam/ATMsEventMgr: [HIDL]get factor(APP_NAME), factor_value(3rd_party)
09-03 01:57:05.790 21069 28333 D MtkCam/ATMsEventMgr: [HIDL]get factor(APP_NAME), factor_value(3rd_party)
